<?xml version="1.0" encoding="ISO-8859-1" ?>
<link_info>
   <banner>TI ARM Clang Linker PC v3.2.2.LTS</banner>
   <copyright>Copyright (c) 1996-2018 Texas Instruments Incorporated</copyright>
   <link_time>0x66a62502</link_time>
   <link_errors>0x0</link_errors>
   <output_file>C:\Users\Suyan\workspace_ccstheia\empty_LP_MSPM0G3507_nortos_ticlang\Debug\empty_LP_MSPM0G3507_nortos_ticlang.out</output_file>
   <entry_point>
      <name>_c_int00_noargs</name>
      <address>0x6765</address>
   </entry_point>
   <input_file_list>
      <input_file id="fl-1">
         <path>C:\Users\Suyan\workspace_ccstheia\empty_LP_MSPM0G3507_nortos_ticlang\Debug\.\</path>
         <kind>object</kind>
         <file>empty.o</file>
         <name>empty.o</name>
      </input_file>
      <input_file id="fl-2">
         <path>C:\Users\Suyan\workspace_ccstheia\empty_LP_MSPM0G3507_nortos_ticlang\Debug\.\</path>
         <kind>object</kind>
         <file>ti_msp_dl_config.o</file>
         <name>ti_msp_dl_config.o</name>
      </input_file>
      <input_file id="fl-3">
         <path>C:\Users\Suyan\workspace_ccstheia\empty_LP_MSPM0G3507_nortos_ticlang\Debug\.\</path>
         <kind>object</kind>
         <file>startup_mspm0g350x_ticlang.o</file>
         <name>startup_mspm0g350x_ticlang.o</name>
      </input_file>
      <input_file id="fl-4">
         <path>C:\Users\Suyan\workspace_ccstheia\empty_LP_MSPM0G3507_nortos_ticlang\Debug\.\MPU6050\</path>
         <kind>object</kind>
         <file>board.o</file>
         <name>board.o</name>
      </input_file>
      <input_file id="fl-5">
         <path>C:\Users\Suyan\workspace_ccstheia\empty_LP_MSPM0G3507_nortos_ticlang\Debug\.\MPU6050\</path>
         <kind>object</kind>
         <file>bsp_mpu6050.o</file>
         <name>bsp_mpu6050.o</name>
      </input_file>
      <input_file id="fl-6">
         <path>C:\Users\Suyan\workspace_ccstheia\empty_LP_MSPM0G3507_nortos_ticlang\Debug\.\MPU6050\</path>
         <kind>object</kind>
         <file>inv_mpu.o</file>
         <name>inv_mpu.o</name>
      </input_file>
      <input_file id="fl-7">
         <path>C:\Users\Suyan\workspace_ccstheia\empty_LP_MSPM0G3507_nortos_ticlang\Debug\.\MPU6050\</path>
         <kind>object</kind>
         <file>inv_mpu_dmp_motion_driver.o</file>
         <name>inv_mpu_dmp_motion_driver.o</name>
      </input_file>
      <input_file id="fl-8">
         <path>C:\Users\Suyan\workspace_ccstheia\empty_LP_MSPM0G3507_nortos_ticlang\Debug\.\MyCode\</path>
         <kind>object</kind>
         <file>Delay.o</file>
         <name>Delay.o</name>
      </input_file>
      <input_file id="fl-9">
         <path>C:\Users\Suyan\workspace_ccstheia\empty_LP_MSPM0G3507_nortos_ticlang\Debug\.\MyCode\</path>
         <kind>object</kind>
         <file>ISR.o</file>
         <name>ISR.o</name>
      </input_file>
      <input_file id="fl-a">
         <path>C:\Users\Suyan\workspace_ccstheia\empty_LP_MSPM0G3507_nortos_ticlang\Debug\.\MyCode\</path>
         <kind>object</kind>
         <file>KEY.o</file>
         <name>KEY.o</name>
      </input_file>
      <input_file id="fl-b">
         <path>C:\Users\Suyan\workspace_ccstheia\empty_LP_MSPM0G3507_nortos_ticlang\Debug\.\MyCode\</path>
         <kind>object</kind>
         <file>Kalman.o</file>
         <name>Kalman.o</name>
      </input_file>
      <input_file id="fl-c">
         <path>C:\Users\Suyan\workspace_ccstheia\empty_LP_MSPM0G3507_nortos_ticlang\Debug\.\MyCode\</path>
         <kind>object</kind>
         <file>LED.o</file>
         <name>LED.o</name>
      </input_file>
      <input_file id="fl-d">
         <path>C:\Users\Suyan\workspace_ccstheia\empty_LP_MSPM0G3507_nortos_ticlang\Debug\.\MyCode\</path>
         <kind>object</kind>
         <file>OLED.o</file>
         <name>OLED.o</name>
      </input_file>
      <input_file id="fl-e">
         <path>C:\Users\Suyan\workspace_ccstheia\empty_LP_MSPM0G3507_nortos_ticlang\Debug\.\MyCode\</path>
         <kind>object</kind>
         <file>PWM.o</file>
         <name>PWM.o</name>
      </input_file>
      <input_file id="fl-f">
         <path>C:\Users\Suyan\workspace_ccstheia\empty_LP_MSPM0G3507_nortos_ticlang\Debug\.\MyCode\</path>
         <kind>object</kind>
         <file>Timer.o</file>
         <name>Timer.o</name>
      </input_file>
      <input_file id="fl-10">
         <path>C:\Users\Suyan\workspace_ccstheia\empty_LP_MSPM0G3507_nortos_ticlang\Debug\.\MyCode\</path>
         <kind>object</kind>
         <file>bee.o</file>
         <name>bee.o</name>
      </input_file>
      <input_file id="fl-11">
         <path>C:\Users\Suyan\workspace_ccstheia\empty_LP_MSPM0G3507_nortos_ticlang\Debug\.\MyCode\</path>
         <kind>object</kind>
         <file>encoder.o</file>
         <name>encoder.o</name>
      </input_file>
      <input_file id="fl-12">
         <path>C:\Users\Suyan\workspace_ccstheia\empty_LP_MSPM0G3507_nortos_ticlang\Debug\.\MyCode\</path>
         <kind>object</kind>
         <file>menu.o</file>
         <name>menu.o</name>
      </input_file>
      <input_file id="fl-13">
         <path>C:\Users\Suyan\workspace_ccstheia\empty_LP_MSPM0G3507_nortos_ticlang\Debug\.\MyCode\</path>
         <kind>object</kind>
         <file>motor.o</file>
         <name>motor.o</name>
      </input_file>
      <input_file id="fl-14">
         <path>C:\Users\Suyan\workspace_ccstheia\empty_LP_MSPM0G3507_nortos_ticlang\Debug\.\MyCode\</path>
         <kind>object</kind>
         <file>pid.o</file>
         <name>pid.o</name>
      </input_file>
      <input_file id="fl-15">
         <path>C:\Users\Suyan\workspace_ccstheia\empty_LP_MSPM0G3507_nortos_ticlang\Debug\.\MyCode\</path>
         <kind>object</kind>
         <file>uart.o</file>
         <name>uart.o</name>
      </input_file>
      <input_file id="fl-16">
         <path>C:\Users\Suyan\workspace_ccstheia\empty_LP_MSPM0G3507_nortos_ticlang\Debug\.\MyCode\</path>
         <kind>object</kind>
         <file>vofa.o</file>
         <name>vofa.o</name>
      </input_file>
      <input_file id="fl-23">
         <path>C:\Users\Suyan\workspace_ccstheia\empty_LP_MSPM0G3507_nortos_ticlang\Debug\</path>
         <kind>object</kind>
         <file>&lt;internal&gt;</file>
         <name>&lt;internal&gt;</name>
      </input_file>
      <input_file id="fl-24">
         <path>E:\Work\TI\ccs\mspm0_sdk_2_01_00_03\source\ti\driverlib\lib\ticlang\m0p\mspm0g1x0x_g3x0x\</path>
         <kind>archive</kind>
         <file>driverlib.a</file>
         <name>dl_adc12.o</name>
      </input_file>
      <input_file id="fl-25">
         <path>E:\Work\TI\ccs\mspm0_sdk_2_01_00_03\source\ti\driverlib\lib\ticlang\m0p\mspm0g1x0x_g3x0x\</path>
         <kind>archive</kind>
         <file>driverlib.a</file>
         <name>dl_common.o</name>
      </input_file>
      <input_file id="fl-26">
         <path>E:\Work\TI\ccs\mspm0_sdk_2_01_00_03\source\ti\driverlib\lib\ticlang\m0p\mspm0g1x0x_g3x0x\</path>
         <kind>archive</kind>
         <file>driverlib.a</file>
         <name>dl_i2c.o</name>
      </input_file>
      <input_file id="fl-27">
         <path>E:\Work\TI\ccs\mspm0_sdk_2_01_00_03\source\ti\driverlib\lib\ticlang\m0p\mspm0g1x0x_g3x0x\</path>
         <kind>archive</kind>
         <file>driverlib.a</file>
         <name>dl_timer.o</name>
      </input_file>
      <input_file id="fl-28">
         <path>E:\Work\TI\ccs\mspm0_sdk_2_01_00_03\source\ti\driverlib\lib\ticlang\m0p\mspm0g1x0x_g3x0x\</path>
         <kind>archive</kind>
         <file>driverlib.a</file>
         <name>dl_uart.o</name>
      </input_file>
      <input_file id="fl-37">
         <path>E:\Work\TI\ccs\ccs\tools\compiler\ti-cgt-armllvm_3.2.2.LTS\lib\armv6m-ti-none-eabi\c\</path>
         <kind>archive</kind>
         <file>libc.a</file>
         <name>printf.c.obj</name>
      </input_file>
      <input_file id="fl-38">
         <path>E:\Work\TI\ccs\ccs\tools\compiler\ti-cgt-armllvm_3.2.2.LTS\lib\armv6m-ti-none-eabi\c\</path>
         <kind>archive</kind>
         <file>libc.a</file>
         <name>_printfi.c.obj</name>
      </input_file>
      <input_file id="fl-39">
         <path>E:\Work\TI\ccs\ccs\tools\compiler\ti-cgt-armllvm_3.2.2.LTS\lib\armv6m-ti-none-eabi\c\</path>
         <kind>archive</kind>
         <file>libc.a</file>
         <name>e_asin.c.obj</name>
      </input_file>
      <input_file id="fl-3a">
         <path>E:\Work\TI\ccs\ccs\tools\compiler\ti-cgt-armllvm_3.2.2.LTS\lib\armv6m-ti-none-eabi\c\</path>
         <kind>archive</kind>
         <file>libc.a</file>
         <name>e_atan2.c.obj</name>
      </input_file>
      <input_file id="fl-3b">
         <path>E:\Work\TI\ccs\ccs\tools\compiler\ti-cgt-armllvm_3.2.2.LTS\lib\armv6m-ti-none-eabi\c\</path>
         <kind>archive</kind>
         <file>libc.a</file>
         <name>e_sqrt.c.obj</name>
      </input_file>
      <input_file id="fl-3c">
         <path>E:\Work\TI\ccs\ccs\tools\compiler\ti-cgt-armllvm_3.2.2.LTS\lib\armv6m-ti-none-eabi\c\</path>
         <kind>archive</kind>
         <file>libc.a</file>
         <name>s_atan.c.obj</name>
      </input_file>
      <input_file id="fl-3d">
         <path>E:\Work\TI\ccs\ccs\tools\compiler\ti-cgt-armllvm_3.2.2.LTS\lib\armv6m-ti-none-eabi\c\</path>
         <kind>archive</kind>
         <file>libc.a</file>
         <name>s_frexp.c.obj</name>
      </input_file>
      <input_file id="fl-3e">
         <path>E:\Work\TI\ccs\ccs\tools\compiler\ti-cgt-armllvm_3.2.2.LTS\lib\armv6m-ti-none-eabi\c\</path>
         <kind>archive</kind>
         <file>libc.a</file>
         <name>s_scalbn.c.obj</name>
      </input_file>
      <input_file id="fl-3f">
         <path>E:\Work\TI\ccs\ccs\tools\compiler\ti-cgt-armllvm_3.2.2.LTS\lib\armv6m-ti-none-eabi\c\</path>
         <kind>archive</kind>
         <file>libc.a</file>
         <name>aeabi_portable.c.obj</name>
      </input_file>
      <input_file id="fl-40">
         <path>E:\Work\TI\ccs\ccs\tools\compiler\ti-cgt-armllvm_3.2.2.LTS\lib\armv6m-ti-none-eabi\c\</path>
         <kind>archive</kind>
         <file>libc.a</file>
         <name>_lock.c.obj</name>
      </input_file>
      <input_file id="fl-41">
         <path>E:\Work\TI\ccs\ccs\tools\compiler\ti-cgt-armllvm_3.2.2.LTS\lib\armv6m-ti-none-eabi\c\</path>
         <kind>archive</kind>
         <file>libc.a</file>
         <name>_ltoa.c.obj</name>
      </input_file>
      <input_file id="fl-42">
         <path>E:\Work\TI\ccs\ccs\tools\compiler\ti-cgt-armllvm_3.2.2.LTS\lib\armv6m-ti-none-eabi\c\</path>
         <kind>archive</kind>
         <file>libc.a</file>
         <name>assert.c.obj</name>
      </input_file>
      <input_file id="fl-43">
         <path>E:\Work\TI\ccs\ccs\tools\compiler\ti-cgt-armllvm_3.2.2.LTS\lib\armv6m-ti-none-eabi\c\</path>
         <kind>archive</kind>
         <file>libc.a</file>
         <name>atoi.c.obj</name>
      </input_file>
      <input_file id="fl-44">
         <path>E:\Work\TI\ccs\ccs\tools\compiler\ti-cgt-armllvm_3.2.2.LTS\lib\armv6m-ti-none-eabi\c\</path>
         <kind>archive</kind>
         <file>libc.a</file>
         <name>defs.c.obj</name>
      </input_file>
      <input_file id="fl-45">
         <path>E:\Work\TI\ccs\ccs\tools\compiler\ti-cgt-armllvm_3.2.2.LTS\lib\armv6m-ti-none-eabi\c\</path>
         <kind>archive</kind>
         <file>libc.a</file>
         <name>memccpy.c.obj</name>
      </input_file>
      <input_file id="fl-46">
         <path>E:\Work\TI\ccs\ccs\tools\compiler\ti-cgt-armllvm_3.2.2.LTS\lib\armv6m-ti-none-eabi\c\</path>
         <kind>archive</kind>
         <file>libc.a</file>
         <name>memcmp.c.obj</name>
      </input_file>
      <input_file id="fl-47">
         <path>E:\Work\TI\ccs\ccs\tools\compiler\ti-cgt-armllvm_3.2.2.LTS\lib\armv6m-ti-none-eabi\c\</path>
         <kind>archive</kind>
         <file>libc.a</file>
         <name>memory.c.obj</name>
      </input_file>
      <input_file id="fl-48">
         <path>E:\Work\TI\ccs\ccs\tools\compiler\ti-cgt-armllvm_3.2.2.LTS\lib\armv6m-ti-none-eabi\c\</path>
         <kind>archive</kind>
         <file>libc.a</file>
         <name>strlen.c.obj</name>
      </input_file>
      <input_file id="fl-49">
         <path>E:\Work\TI\ccs\ccs\tools\compiler\ti-cgt-armllvm_3.2.2.LTS\lib\armv6m-ti-none-eabi\c\</path>
         <kind>archive</kind>
         <file>libc.a</file>
         <name>labs.c.obj</name>
      </input_file>
      <input_file id="fl-4a">
         <path>E:\Work\TI\ccs\ccs\tools\compiler\ti-cgt-armllvm_3.2.2.LTS\lib\armv6m-ti-none-eabi\c\</path>
         <kind>archive</kind>
         <file>libc.a</file>
         <name>boot_cortex_m.c.obj</name>
      </input_file>
      <input_file id="fl-4b">
         <path>E:\Work\TI\ccs\ccs\tools\compiler\ti-cgt-armllvm_3.2.2.LTS\lib\armv6m-ti-none-eabi\c\</path>
         <kind>archive</kind>
         <file>libc.a</file>
         <name>mathacl_init.c.obj</name>
      </input_file>
      <input_file id="fl-4c">
         <path>E:\Work\TI\ccs\ccs\tools\compiler\ti-cgt-armllvm_3.2.2.LTS\lib\armv6m-ti-none-eabi\c\</path>
         <kind>archive</kind>
         <file>libc.a</file>
         <name>autoinit.c.obj</name>
      </input_file>
      <input_file id="fl-4d">
         <path>E:\Work\TI\ccs\ccs\tools\compiler\ti-cgt-armllvm_3.2.2.LTS\lib\armv6m-ti-none-eabi\c\</path>
         <kind>archive</kind>
         <file>libc.a</file>
         <name>pre_init.c.obj</name>
      </input_file>
      <input_file id="fl-4e">
         <path>E:\Work\TI\ccs\ccs\tools\compiler\ti-cgt-armllvm_3.2.2.LTS\lib\armv6m-ti-none-eabi\c\</path>
         <kind>archive</kind>
         <file>libc.a</file>
         <name>cpy_tbl.c.obj</name>
      </input_file>
      <input_file id="fl-4f">
         <path>E:\Work\TI\ccs\ccs\tools\compiler\ti-cgt-armllvm_3.2.2.LTS\lib\armv6m-ti-none-eabi\c\</path>
         <kind>archive</kind>
         <file>libc.a</file>
         <name>copy_zero_init.c.obj</name>
      </input_file>
      <input_file id="fl-50">
         <path>E:\Work\TI\ccs\ccs\tools\compiler\ti-cgt-armllvm_3.2.2.LTS\lib\armv6m-ti-none-eabi\c\</path>
         <kind>archive</kind>
         <file>libc.a</file>
         <name>copy_decompress_none.c.obj</name>
      </input_file>
      <input_file id="fl-51">
         <path>E:\Work\TI\ccs\ccs\tools\compiler\ti-cgt-armllvm_3.2.2.LTS\lib\armv6m-ti-none-eabi\c\</path>
         <kind>archive</kind>
         <file>libc.a</file>
         <name>copy_decompress_lzss.c.obj</name>
      </input_file>
      <input_file id="fl-52">
         <path>E:\Work\TI\ccs\ccs\tools\compiler\ti-cgt-armllvm_3.2.2.LTS\lib\armv6m-ti-none-eabi\c\</path>
         <kind>archive</kind>
         <file>libc.a</file>
         <name>wcslen.c.obj</name>
      </input_file>
      <input_file id="fl-53">
         <path>E:\Work\TI\ccs\ccs\tools\compiler\ti-cgt-armllvm_3.2.2.LTS\lib\armv6m-ti-none-eabi\c\</path>
         <kind>archive</kind>
         <file>libc.a</file>
         <name>sprintf.c.obj</name>
      </input_file>
      <input_file id="fl-54">
         <path>E:\Work\TI\ccs\ccs\tools\compiler\ti-cgt-armllvm_3.2.2.LTS\lib\armv6m-ti-none-eabi\c\</path>
         <kind>archive</kind>
         <file>libc.a</file>
         <name>fflush.c.obj</name>
      </input_file>
      <input_file id="fl-55">
         <path>E:\Work\TI\ccs\ccs\tools\compiler\ti-cgt-armllvm_3.2.2.LTS\lib\armv6m-ti-none-eabi\c\</path>
         <kind>archive</kind>
         <file>libc.a</file>
         <name>aeabi_ctype.S.obj</name>
      </input_file>
      <input_file id="fl-56">
         <path>E:\Work\TI\ccs\ccs\tools\compiler\ti-cgt-armllvm_3.2.2.LTS\lib\armv6m-ti-none-eabi\c\</path>
         <kind>archive</kind>
         <file>libc.a</file>
         <name>exit.c.obj</name>
      </input_file>
      <input_file id="fl-57">
         <path>E:\Work\TI\ccs\ccs\tools\compiler\ti-cgt-armllvm_3.2.2.LTS\lib\armv6m-ti-none-eabi\c\</path>
         <kind>archive</kind>
         <file>libc.a</file>
         <name>args_main.c.obj</name>
      </input_file>
      <input_file id="fl-bd">
         <path>E:\Work\TI\ccs\ccs\tools\compiler\ti-cgt-armllvm_3.2.2.LTS\lib\armv6m-ti-none-eabi\c\</path>
         <kind>archive</kind>
         <file>libsysbm.a</file>
         <name>write.c.obj</name>
      </input_file>
      <input_file id="fl-be">
         <path>E:\Work\TI\ccs\ccs\tools\compiler\ti-cgt-armllvm_3.2.2.LTS\lib\armv6m-ti-none-eabi\c\</path>
         <kind>archive</kind>
         <file>libsysbm.a</file>
         <name>host_device.c.obj</name>
      </input_file>
      <input_file id="fl-bf">
         <path>E:\Work\TI\ccs\ccs\tools\compiler\ti-cgt-armllvm_3.2.2.LTS\lib\armv6m-ti-none-eabi\c\</path>
         <kind>archive</kind>
         <file>libsysbm.a</file>
         <name>hostclose.c.obj</name>
      </input_file>
      <input_file id="fl-c0">
         <path>E:\Work\TI\ccs\ccs\tools\compiler\ti-cgt-armllvm_3.2.2.LTS\lib\armv6m-ti-none-eabi\c\</path>
         <kind>archive</kind>
         <file>libsysbm.a</file>
         <name>hostlseek.c.obj</name>
      </input_file>
      <input_file id="fl-c1">
         <path>E:\Work\TI\ccs\ccs\tools\compiler\ti-cgt-armllvm_3.2.2.LTS\lib\armv6m-ti-none-eabi\c\</path>
         <kind>archive</kind>
         <file>libsysbm.a</file>
         <name>hostopen.c.obj</name>
      </input_file>
      <input_file id="fl-c2">
         <path>E:\Work\TI\ccs\ccs\tools\compiler\ti-cgt-armllvm_3.2.2.LTS\lib\armv6m-ti-none-eabi\c\</path>
         <kind>archive</kind>
         <file>libsysbm.a</file>
         <name>hostread.c.obj</name>
      </input_file>
      <input_file id="fl-c3">
         <path>E:\Work\TI\ccs\ccs\tools\compiler\ti-cgt-armllvm_3.2.2.LTS\lib\armv6m-ti-none-eabi\c\</path>
         <kind>archive</kind>
         <file>libsysbm.a</file>
         <name>hostrename.c.obj</name>
      </input_file>
      <input_file id="fl-c4">
         <path>E:\Work\TI\ccs\ccs\tools\compiler\ti-cgt-armllvm_3.2.2.LTS\lib\armv6m-ti-none-eabi\c\</path>
         <kind>archive</kind>
         <file>libsysbm.a</file>
         <name>hostunlink.c.obj</name>
      </input_file>
      <input_file id="fl-c5">
         <path>E:\Work\TI\ccs\ccs\tools\compiler\ti-cgt-armllvm_3.2.2.LTS\lib\armv6m-ti-none-eabi\c\</path>
         <kind>archive</kind>
         <file>libsysbm.a</file>
         <name>hostwrite.c.obj</name>
      </input_file>
      <input_file id="fl-c6">
         <path>E:\Work\TI\ccs\ccs\tools\compiler\ti-cgt-armllvm_3.2.2.LTS\lib\armv6m-ti-none-eabi\c\</path>
         <kind>archive</kind>
         <file>libsysbm.a</file>
         <name>trgmsg.c.obj</name>
      </input_file>
      <input_file id="fl-c7">
         <path>E:\Work\TI\ccs\ccs\tools\compiler\ti-cgt-armllvm_3.2.2.LTS\lib\clang\15.0.7\lib\armv6m-ti-none-eabi\</path>
         <kind>archive</kind>
         <file>libclang_rt.builtins.a</file>
         <name>addsf3.S.obj</name>
      </input_file>
      <input_file id="fl-c8">
         <path>E:\Work\TI\ccs\ccs\tools\compiler\ti-cgt-armllvm_3.2.2.LTS\lib\clang\15.0.7\lib\armv6m-ti-none-eabi\</path>
         <kind>archive</kind>
         <file>libclang_rt.builtins.a</file>
         <name>adddf3.S.obj</name>
      </input_file>
      <input_file id="fl-c9">
         <path>E:\Work\TI\ccs\ccs\tools\compiler\ti-cgt-armllvm_3.2.2.LTS\lib\clang\15.0.7\lib\armv6m-ti-none-eabi\</path>
         <kind>archive</kind>
         <file>libclang_rt.builtins.a</file>
         <name>muldf3.S.obj</name>
      </input_file>
      <input_file id="fl-ca">
         <path>E:\Work\TI\ccs\ccs\tools\compiler\ti-cgt-armllvm_3.2.2.LTS\lib\clang\15.0.7\lib\armv6m-ti-none-eabi\</path>
         <kind>archive</kind>
         <file>libclang_rt.builtins.a</file>
         <name>muldsi3.S.obj</name>
      </input_file>
      <input_file id="fl-cb">
         <path>E:\Work\TI\ccs\ccs\tools\compiler\ti-cgt-armllvm_3.2.2.LTS\lib\clang\15.0.7\lib\armv6m-ti-none-eabi\</path>
         <kind>archive</kind>
         <file>libclang_rt.builtins.a</file>
         <name>mulsf3.S.obj</name>
      </input_file>
      <input_file id="fl-cc">
         <path>E:\Work\TI\ccs\ccs\tools\compiler\ti-cgt-armllvm_3.2.2.LTS\lib\clang\15.0.7\lib\armv6m-ti-none-eabi\</path>
         <kind>archive</kind>
         <file>libclang_rt.builtins.a</file>
         <name>divsf3.S.obj</name>
      </input_file>
      <input_file id="fl-cd">
         <path>E:\Work\TI\ccs\ccs\tools\compiler\ti-cgt-armllvm_3.2.2.LTS\lib\clang\15.0.7\lib\armv6m-ti-none-eabi\</path>
         <kind>archive</kind>
         <file>libclang_rt.builtins.a</file>
         <name>divdf3.S.obj</name>
      </input_file>
      <input_file id="fl-ce">
         <path>E:\Work\TI\ccs\ccs\tools\compiler\ti-cgt-armllvm_3.2.2.LTS\lib\clang\15.0.7\lib\armv6m-ti-none-eabi\</path>
         <kind>archive</kind>
         <file>libclang_rt.builtins.a</file>
         <name>extendsfdf2.S.obj</name>
      </input_file>
      <input_file id="fl-cf">
         <path>E:\Work\TI\ccs\ccs\tools\compiler\ti-cgt-armllvm_3.2.2.LTS\lib\clang\15.0.7\lib\armv6m-ti-none-eabi\</path>
         <kind>archive</kind>
         <file>libclang_rt.builtins.a</file>
         <name>fixdfsi.S.obj</name>
      </input_file>
      <input_file id="fl-d0">
         <path>E:\Work\TI\ccs\ccs\tools\compiler\ti-cgt-armllvm_3.2.2.LTS\lib\clang\15.0.7\lib\armv6m-ti-none-eabi\</path>
         <kind>archive</kind>
         <file>libclang_rt.builtins.a</file>
         <name>fixsfsi.S.obj</name>
      </input_file>
      <input_file id="fl-d1">
         <path>E:\Work\TI\ccs\ccs\tools\compiler\ti-cgt-armllvm_3.2.2.LTS\lib\clang\15.0.7\lib\armv6m-ti-none-eabi\</path>
         <kind>archive</kind>
         <file>libclang_rt.builtins.a</file>
         <name>fixunssfsi.S.obj</name>
      </input_file>
      <input_file id="fl-d2">
         <path>E:\Work\TI\ccs\ccs\tools\compiler\ti-cgt-armllvm_3.2.2.LTS\lib\clang\15.0.7\lib\armv6m-ti-none-eabi\</path>
         <kind>archive</kind>
         <file>libclang_rt.builtins.a</file>
         <name>floatsidf.S.obj</name>
      </input_file>
      <input_file id="fl-d3">
         <path>E:\Work\TI\ccs\ccs\tools\compiler\ti-cgt-armllvm_3.2.2.LTS\lib\clang\15.0.7\lib\armv6m-ti-none-eabi\</path>
         <kind>archive</kind>
         <file>libclang_rt.builtins.a</file>
         <name>floatsisf.S.obj</name>
      </input_file>
      <input_file id="fl-d4">
         <path>E:\Work\TI\ccs\ccs\tools\compiler\ti-cgt-armllvm_3.2.2.LTS\lib\clang\15.0.7\lib\armv6m-ti-none-eabi\</path>
         <kind>archive</kind>
         <file>libclang_rt.builtins.a</file>
         <name>floatunsisf.S.obj</name>
      </input_file>
      <input_file id="fl-d5">
         <path>E:\Work\TI\ccs\ccs\tools\compiler\ti-cgt-armllvm_3.2.2.LTS\lib\clang\15.0.7\lib\armv6m-ti-none-eabi\</path>
         <kind>archive</kind>
         <file>libclang_rt.builtins.a</file>
         <name>muldi3.S.obj</name>
      </input_file>
      <input_file id="fl-d6">
         <path>E:\Work\TI\ccs\ccs\tools\compiler\ti-cgt-armllvm_3.2.2.LTS\lib\clang\15.0.7\lib\armv6m-ti-none-eabi\</path>
         <kind>archive</kind>
         <file>libclang_rt.builtins.a</file>
         <name>truncdfsf2.S.obj</name>
      </input_file>
      <input_file id="fl-d7">
         <path>E:\Work\TI\ccs\ccs\tools\compiler\ti-cgt-armllvm_3.2.2.LTS\lib\clang\15.0.7\lib\armv6m-ti-none-eabi\</path>
         <kind>archive</kind>
         <file>libclang_rt.builtins.a</file>
         <name>aeabi_dcmp.S.obj</name>
      </input_file>
      <input_file id="fl-d8">
         <path>E:\Work\TI\ccs\ccs\tools\compiler\ti-cgt-armllvm_3.2.2.LTS\lib\clang\15.0.7\lib\armv6m-ti-none-eabi\</path>
         <kind>archive</kind>
         <file>libclang_rt.builtins.a</file>
         <name>aeabi_fcmp.S.obj</name>
      </input_file>
      <input_file id="fl-d9">
         <path>E:\Work\TI\ccs\ccs\tools\compiler\ti-cgt-armllvm_3.2.2.LTS\lib\clang\15.0.7\lib\armv6m-ti-none-eabi\</path>
         <kind>archive</kind>
         <file>libclang_rt.builtins.a</file>
         <name>aeabi_idivmod.S.obj</name>
      </input_file>
      <input_file id="fl-da">
         <path>E:\Work\TI\ccs\ccs\tools\compiler\ti-cgt-armllvm_3.2.2.LTS\lib\clang\15.0.7\lib\armv6m-ti-none-eabi\</path>
         <kind>archive</kind>
         <file>libclang_rt.builtins.a</file>
         <name>aeabi_ldivmod.S.obj</name>
      </input_file>
      <input_file id="fl-db">
         <path>E:\Work\TI\ccs\ccs\tools\compiler\ti-cgt-armllvm_3.2.2.LTS\lib\clang\15.0.7\lib\armv6m-ti-none-eabi\</path>
         <kind>archive</kind>
         <file>libclang_rt.builtins.a</file>
         <name>aeabi_memcpy.S.obj</name>
      </input_file>
      <input_file id="fl-dc">
         <path>E:\Work\TI\ccs\ccs\tools\compiler\ti-cgt-armllvm_3.2.2.LTS\lib\clang\15.0.7\lib\armv6m-ti-none-eabi\</path>
         <kind>archive</kind>
         <file>libclang_rt.builtins.a</file>
         <name>aeabi_memset.S.obj</name>
      </input_file>
      <input_file id="fl-dd">
         <path>E:\Work\TI\ccs\ccs\tools\compiler\ti-cgt-armllvm_3.2.2.LTS\lib\clang\15.0.7\lib\armv6m-ti-none-eabi\</path>
         <kind>archive</kind>
         <file>libclang_rt.builtins.a</file>
         <name>aeabi_uidivmod.S.obj</name>
      </input_file>
      <input_file id="fl-de">
         <path>E:\Work\TI\ccs\ccs\tools\compiler\ti-cgt-armllvm_3.2.2.LTS\lib\clang\15.0.7\lib\armv6m-ti-none-eabi\</path>
         <kind>archive</kind>
         <file>libclang_rt.builtins.a</file>
         <name>aeabi_uldivmod.S.obj</name>
      </input_file>
      <input_file id="fl-df">
         <path>E:\Work\TI\ccs\ccs\tools\compiler\ti-cgt-armllvm_3.2.2.LTS\lib\clang\15.0.7\lib\armv6m-ti-none-eabi\</path>
         <kind>archive</kind>
         <file>libclang_rt.builtins.a</file>
         <name>comparesf2.S.obj</name>
      </input_file>
      <input_file id="fl-e0">
         <path>E:\Work\TI\ccs\ccs\tools\compiler\ti-cgt-armllvm_3.2.2.LTS\lib\clang\15.0.7\lib\armv6m-ti-none-eabi\</path>
         <kind>archive</kind>
         <file>libclang_rt.builtins.a</file>
         <name>udivmoddi4.S.obj</name>
      </input_file>
      <input_file id="fl-e1">
         <path>E:\Work\TI\ccs\ccs\tools\compiler\ti-cgt-armllvm_3.2.2.LTS\lib\clang\15.0.7\lib\armv6m-ti-none-eabi\</path>
         <kind>archive</kind>
         <file>libclang_rt.builtins.a</file>
         <name>ashldi3.S.obj</name>
      </input_file>
      <input_file id="fl-e2">
         <path>E:\Work\TI\ccs\ccs\tools\compiler\ti-cgt-armllvm_3.2.2.LTS\lib\clang\15.0.7\lib\armv6m-ti-none-eabi\</path>
         <kind>archive</kind>
         <file>libclang_rt.builtins.a</file>
         <name>comparedf2.c.obj</name>
      </input_file>
      <input_file id="fl-e3">
         <path>E:\Work\TI\ccs\ccs\tools\compiler\ti-cgt-armllvm_3.2.2.LTS\lib\clang\15.0.7\lib\armv6m-ti-none-eabi\</path>
         <kind>archive</kind>
         <file>libclang_rt.builtins.a</file>
         <name>divmoddi4.c.obj</name>
      </input_file>
      <input_file id="fl-e4">
         <path>E:\Work\TI\ccs\ccs\tools\compiler\ti-cgt-armllvm_3.2.2.LTS\lib\clang\15.0.7\lib\armv6m-ti-none-eabi\</path>
         <kind>archive</kind>
         <file>libclang_rt.builtins.a</file>
         <name>aeabi_div0.c.obj</name>
      </input_file>
      <input_file id="fl-e5">
         <path>E:\Work\TI\ccs\ccs\tools\compiler\ti-cgt-armllvm_3.2.2.LTS\lib\armv6m-ti-none-eabi\c\</path>
         <kind>archive</kind>
         <file>libc.a</file>
         <name>memcpy16.S.obj</name>
      </input_file>
      <input_file id="fl-e6">
         <path>E:\Work\TI\ccs\ccs\tools\compiler\ti-cgt-armllvm_3.2.2.LTS\lib\armv6m-ti-none-eabi\c\</path>
         <kind>archive</kind>
         <file>libc.a</file>
         <name>memset16.S.obj</name>
      </input_file>
   </input_file_list>
   <object_component_list>
      <object_component id="oc-18">
         <name>.intvecs</name>
         <load_address>0x0</load_address>
         <readonly>true</readonly>
         <run_address>0x0</run_address>
         <size>0xc0</size>
         <alignment>0x4</alignment>
         <input_file_ref idref="fl-3"/>
      </object_component>
      <object_component id="oc-2c8">
         <name>.text:__TI_printfi_nofloat</name>
         <load_address>0xc0</load_address>
         <readonly>true</readonly>
         <executable>true</executable>
         <run_address>0xc0</run_address>
         <size>0x888</size>
         <alignment>0x4</alignment>
         <input_file_ref idref="fl-38"/>
      </object_component>
      <object_component id="oc-214">
         <name>.text.asin</name>
         <load_address>0x948</load_address>
         <readonly>true</readonly>
         <executable>true</executable>
         <run_address>0x948</run_address>
         <size>0x370</size>
         <alignment>0x4</alignment>
         <input_file_ref idref="fl-39"/>
      </object_component>
      <object_component id="oc-2f7">
         <name>.text.atan</name>
         <load_address>0xcb8</load_address>
         <readonly>true</readonly>
         <executable>true</executable>
         <run_address>0xcb8</run_address>
         <size>0x2f8</size>
         <alignment>0x4</alignment>
         <input_file_ref idref="fl-3c"/>
      </object_component>
      <object_component id="oc-1fb">
         <name>.text.dmp_enable_feature</name>
         <load_address>0xfb0</load_address>
         <readonly>true</readonly>
         <executable>true</executable>
         <run_address>0xfb0</run_address>
         <size>0x278</size>
         <alignment>0x4</alignment>
         <input_file_ref idref="fl-7"/>
      </object_component>
      <object_component id="oc-2b8">
         <name>.text.dmp_set_tap_thresh</name>
         <load_address>0x1228</load_address>
         <readonly>true</readonly>
         <executable>true</executable>
         <run_address>0x1228</run_address>
         <size>0x238</size>
         <alignment>0x4</alignment>
         <input_file_ref idref="fl-7"/>
      </object_component>
      <object_component id="oc-2ae">
         <name>.text.mpu_reset_fifo</name>
         <load_address>0x1460</load_address>
         <readonly>true</readonly>
         <executable>true</executable>
         <run_address>0x1460</run_address>
         <size>0x220</size>
         <alignment>0x4</alignment>
         <input_file_ref idref="fl-6"/>
      </object_component>
      <object_component id="oc-17f">
         <name>.text.mpu_dmp_get_data</name>
         <load_address>0x1680</load_address>
         <readonly>true</readonly>
         <executable>true</executable>
         <run_address>0x1680</run_address>
         <size>0x214</size>
         <alignment>0x4</alignment>
         <input_file_ref idref="fl-6"/>
      </object_component>
      <object_component id="oc-1f0">
         <name>.text.mpu_init</name>
         <load_address>0x1894</load_address>
         <readonly>true</readonly>
         <executable>true</executable>
         <run_address>0x1894</run_address>
         <size>0x214</size>
         <alignment>0x4</alignment>
         <input_file_ref idref="fl-6"/>
      </object_component>
      <object_component id="oc-43">
         <name>.text.TIMA1_IRQHandler</name>
         <load_address>0x1aa8</load_address>
         <readonly>true</readonly>
         <executable>true</executable>
         <run_address>0x1aa8</run_address>
         <size>0x210</size>
         <alignment>0x4</alignment>
         <input_file_ref idref="fl-f"/>
      </object_component>
      <object_component id="oc-20b">
         <name>.text.dmp_read_fifo</name>
         <load_address>0x1cb8</load_address>
         <readonly>true</readonly>
         <executable>true</executable>
         <run_address>0x1cb8</run_address>
         <size>0x1f4</size>
         <alignment>0x4</alignment>
         <input_file_ref idref="fl-7"/>
      </object_component>
      <object_component id="oc-1c9">
         <name>.text.SYSCFG_DL_GPIO_init</name>
         <load_address>0x1eac</load_address>
         <readonly>true</readonly>
         <executable>true</executable>
         <run_address>0x1eac</run_address>
         <size>0x1d8</size>
         <alignment>0x4</alignment>
         <input_file_ref idref="fl-2"/>
      </object_component>
      <object_component id="oc-2a7">
         <name>.text.mpu_set_bypass</name>
         <load_address>0x2084</load_address>
         <readonly>true</readonly>
         <executable>true</executable>
         <run_address>0x2084</run_address>
         <size>0x1a0</size>
         <alignment>0x4</alignment>
         <input_file_ref idref="fl-6"/>
      </object_component>
      <object_component id="oc-22c">
         <name>.text.OLED_ShowChar</name>
         <load_address>0x2224</load_address>
         <readonly>true</readonly>
         <executable>true</executable>
         <run_address>0x2224</run_address>
         <size>0x198</size>
         <alignment>0x4</alignment>
         <input_file_ref idref="fl-d"/>
      </object_component>
      <object_component id="oc-222">
         <name>.text.atan2</name>
         <load_address>0x23bc</load_address>
         <readonly>true</readonly>
         <executable>true</executable>
         <run_address>0x23bc</run_address>
         <size>0x198</size>
         <alignment>0x4</alignment>
         <input_file_ref idref="fl-3a"/>
      </object_component>
      <object_component id="oc-2df">
         <name>.text.adddf3_subdf3</name>
         <load_address>0x2554</load_address>
         <readonly>true</readonly>
         <executable>true</executable>
         <run_address>0x2554</run_address>
         <size>0x192</size>
         <alignment>0x4</alignment>
         <input_file_ref idref="fl-c8"/>
      </object_component>
      <object_component id="oc-1e6">
         <name>.text.OLED_I2C_Init</name>
         <load_address>0x26e6</load_address>
         <readonly>true</readonly>
         <executable>true</executable>
         <run_address>0x26e6</run_address>
         <size>0x2</size>
         <alignment>0x2</alignment>
         <input_file_ref idref="fl-d"/>
      </object_component>
      <object_component id="oc-2e9">
         <name>.text.sqrt</name>
         <load_address>0x26e8</load_address>
         <readonly>true</readonly>
         <executable>true</executable>
         <run_address>0x26e8</run_address>
         <size>0x184</size>
         <alignment>0x4</alignment>
         <input_file_ref idref="fl-3b"/>
      </object_component>
      <object_component id="oc-e3">
         <name>.text.main</name>
         <load_address>0x286c</load_address>
         <readonly>true</readonly>
         <executable>true</executable>
         <run_address>0x286c</run_address>
         <size>0x17c</size>
         <alignment>0x4</alignment>
         <input_file_ref idref="fl-1"/>
      </object_component>
      <object_component id="oc-1fa">
         <name>.text.dmp_set_orientation</name>
         <load_address>0x29e8</load_address>
         <readonly>true</readonly>
         <executable>true</executable>
         <run_address>0x29e8</run_address>
         <size>0x178</size>
         <alignment>0x4</alignment>
         <input_file_ref idref="fl-7"/>
      </object_component>
      <object_component id="oc-39">
         <name>.text.UART0_IRQHandler</name>
         <load_address>0x2b60</load_address>
         <readonly>true</readonly>
         <executable>true</executable>
         <run_address>0x2b60</run_address>
         <size>0x16c</size>
         <alignment>0x4</alignment>
         <input_file_ref idref="fl-15"/>
      </object_component>
      <object_component id="oc-29e">
         <name>.text.MPU6050_ReadData</name>
         <load_address>0x2ccc</load_address>
         <readonly>true</readonly>
         <executable>true</executable>
         <run_address>0x2ccc</run_address>
         <size>0x134</size>
         <alignment>0x4</alignment>
         <input_file_ref idref="fl-5"/>
      </object_component>
      <object_component id="oc-1f1">
         <name>.text.mpu_set_sensors</name>
         <load_address>0x2e00</load_address>
         <readonly>true</readonly>
         <executable>true</executable>
         <run_address>0x2e00</run_address>
         <size>0x130</size>
         <alignment>0x4</alignment>
         <input_file_ref idref="fl-6"/>
      </object_component>
      <object_component id="oc-44">
         <name>.text.I2C1_IRQHandler</name>
         <load_address>0x2f30</load_address>
         <readonly>true</readonly>
         <executable>true</executable>
         <run_address>0x2f30</run_address>
         <size>0x12c</size>
         <alignment>0x4</alignment>
         <input_file_ref idref="fl-5"/>
      </object_component>
      <object_component id="oc-1c8">
         <name>.text.SYSCFG_DL_initPower</name>
         <load_address>0x305c</load_address>
         <readonly>true</readonly>
         <executable>true</executable>
         <run_address>0x305c</run_address>
         <size>0x12c</size>
         <alignment>0x4</alignment>
         <input_file_ref idref="fl-2"/>
      </object_component>
      <object_component id="oc-1e1">
         <name>.text.MPU6050_WriteReg</name>
         <load_address>0x3188</load_address>
         <readonly>true</readonly>
         <executable>true</executable>
         <run_address>0x3188</run_address>
         <size>0x124</size>
         <alignment>0x4</alignment>
         <input_file_ref idref="fl-5"/>
      </object_component>
      <object_component id="oc-2b0">
         <name>.text.mpu_load_firmware</name>
         <load_address>0x32ac</load_address>
         <readonly>true</readonly>
         <executable>true</executable>
         <run_address>0x32ac</run_address>
         <size>0x124</size>
         <alignment>0x4</alignment>
         <input_file_ref idref="fl-6"/>
      </object_component>
      <object_component id="oc-173">
         <name>.text.mpu_dmp_init</name>
         <load_address>0x33d0</load_address>
         <readonly>true</readonly>
         <executable>true</executable>
         <run_address>0x33d0</run_address>
         <size>0x118</size>
         <alignment>0x4</alignment>
         <input_file_ref idref="fl-6"/>
      </object_component>
      <object_component id="oc-2af">
         <name>.text.mpu_lp_accel_mode</name>
         <load_address>0x34e8</load_address>
         <readonly>true</readonly>
         <executable>true</executable>
         <run_address>0x34e8</run_address>
         <size>0x110</size>
         <alignment>0x4</alignment>
         <input_file_ref idref="fl-6"/>
      </object_component>
      <object_component id="oc-2ed">
         <name>.text.__divdf3</name>
         <load_address>0x35f8</load_address>
         <readonly>true</readonly>
         <executable>true</executable>
         <run_address>0x35f8</run_address>
         <size>0x10c</size>
         <alignment>0x4</alignment>
         <input_file_ref idref="fl-cd"/>
      </object_component>
      <object_component id="oc-2d5">
         <name>.text.mpu_read_fifo_stream</name>
         <load_address>0x3704</load_address>
         <readonly>true</readonly>
         <executable>true</executable>
         <run_address>0x3704</run_address>
         <size>0x108</size>
         <alignment>0x4</alignment>
         <input_file_ref idref="fl-6"/>
      </object_component>
      <object_component id="oc-a9">
         <name>.text.LocationPID_change</name>
         <load_address>0x380c</load_address>
         <readonly>true</readonly>
         <executable>true</executable>
         <run_address>0x380c</run_address>
         <size>0x100</size>
         <alignment>0x4</alignment>
         <input_file_ref idref="fl-14"/>
      </object_component>
      <object_component id="oc-ac">
         <name>.text.PID_straight_value</name>
         <load_address>0x390c</load_address>
         <readonly>true</readonly>
         <executable>true</executable>
         <run_address>0x390c</run_address>
         <size>0xf4</size>
         <alignment>0x4</alignment>
         <input_file_ref idref="fl-14"/>
      </object_component>
      <object_component id="oc-aa">
         <name>.text.X_PID_X_value</name>
         <load_address>0x3a00</load_address>
         <readonly>true</readonly>
         <executable>true</executable>
         <run_address>0x3a00</run_address>
         <size>0xf4</size>
         <alignment>0x4</alignment>
         <input_file_ref idref="fl-14"/>
      </object_component>
      <object_component id="oc-ab">
         <name>.text.Y_PID_X_value</name>
         <load_address>0x3af4</load_address>
         <readonly>true</readonly>
         <executable>true</executable>
         <run_address>0x3af4</run_address>
         <size>0xf4</size>
         <alignment>0x4</alignment>
         <input_file_ref idref="fl-14"/>
      </object_component>
      <object_component id="oc-1f3">
         <name>.text.mpu_set_sample_rate</name>
         <load_address>0x3be8</load_address>
         <readonly>true</readonly>
         <executable>true</executable>
         <run_address>0x3be8</run_address>
         <size>0xec</size>
         <alignment>0x4</alignment>
         <input_file_ref idref="fl-6"/>
      </object_component>
      <object_component id="oc-269">
         <name>.text.DL_Timer_initTimerMode</name>
         <load_address>0x3cd4</load_address>
         <readonly>true</readonly>
         <executable>true</executable>
         <run_address>0x3cd4</run_address>
         <size>0xe8</size>
         <alignment>0x4</alignment>
         <input_file_ref idref="fl-27"/>
      </object_component>
      <object_component id="oc-184">
         <name>.text.OLED_ShowNum</name>
         <load_address>0x3dbc</load_address>
         <readonly>true</readonly>
         <executable>true</executable>
         <run_address>0x3dbc</run_address>
         <size>0xe8</size>
         <alignment>0x2</alignment>
         <input_file_ref idref="fl-d"/>
      </object_component>
      <object_component id="oc-21a">
         <name>.text.__muldf3</name>
         <load_address>0x3ea4</load_address>
         <readonly>true</readonly>
         <executable>true</executable>
         <run_address>0x3ea4</run_address>
         <size>0xe4</size>
         <alignment>0x4</alignment>
         <input_file_ref idref="fl-c9"/>
      </object_component>
      <object_component id="oc-2a5">
         <name>.text.mpu_set_accel_fsr</name>
         <load_address>0x3f88</load_address>
         <readonly>true</readonly>
         <executable>true</executable>
         <run_address>0x3f88</run_address>
         <size>0xe4</size>
         <alignment>0x4</alignment>
         <input_file_ref idref="fl-6"/>
      </object_component>
      <object_component id="oc-105">
         <name>.text</name>
         <load_address>0x406c</load_address>
         <readonly>true</readonly>
         <executable>true</executable>
         <run_address>0x406c</run_address>
         <size>0xd8</size>
         <alignment>0x4</alignment>
         <input_file_ref idref="fl-c7"/>
      </object_component>
      <object_component id="oc-2ad">
         <name>.text.set_int_enable</name>
         <load_address>0x4144</load_address>
         <readonly>true</readonly>
         <executable>true</executable>
         <run_address>0x4144</run_address>
         <size>0xd4</size>
         <alignment>0x4</alignment>
         <input_file_ref idref="fl-6"/>
      </object_component>
      <object_component id="oc-2a6">
         <name>.text.mpu_set_lpf</name>
         <load_address>0x4218</load_address>
         <readonly>true</readonly>
         <executable>true</executable>
         <run_address>0x4218</run_address>
         <size>0xd0</size>
         <alignment>0x4</alignment>
         <input_file_ref idref="fl-6"/>
      </object_component>
      <object_component id="oc-167">
         <name>.text.MPU6050_Init</name>
         <load_address>0x42e8</load_address>
         <readonly>true</readonly>
         <executable>true</executable>
         <run_address>0x42e8</run_address>
         <size>0xce</size>
         <alignment>0x2</alignment>
         <input_file_ref idref="fl-5"/>
      </object_component>
      <object_component id="oc-1d9">
         <name>.text.SYSCFG_DL_DMA_init</name>
         <load_address>0x43b6</load_address>
         <readonly>true</readonly>
         <executable>true</executable>
         <run_address>0x43b6</run_address>
         <size>0x2</size>
         <alignment>0x2</alignment>
         <input_file_ref idref="fl-2"/>
      </object_component>
      <object_component id="oc-25e">
         <name>.text.DL_Timer_initPWMMode</name>
         <load_address>0x43b8</load_address>
         <readonly>true</readonly>
         <executable>true</executable>
         <run_address>0x43b8</run_address>
         <size>0xc4</size>
         <alignment>0x4</alignment>
         <input_file_ref idref="fl-27"/>
      </object_component>
      <object_component id="oc-168">
         <name>.text.OLED_Init</name>
         <load_address>0x447c</load_address>
         <readonly>true</readonly>
         <executable>true</executable>
         <run_address>0x447c</run_address>
         <size>0xc4</size>
         <alignment>0x4</alignment>
         <input_file_ref idref="fl-d"/>
      </object_component>
      <object_component id="oc-2a4">
         <name>.text.mpu_set_gyro_fsr</name>
         <load_address>0x4540</load_address>
         <readonly>true</readonly>
         <executable>true</executable>
         <run_address>0x4540</run_address>
         <size>0xc4</size>
         <alignment>0x4</alignment>
         <input_file_ref idref="fl-6"/>
      </object_component>
      <object_component id="oc-1f2">
         <name>.text.mpu_configure_fifo</name>
         <load_address>0x4604</load_address>
         <readonly>true</readonly>
         <executable>true</executable>
         <run_address>0x4604</run_address>
         <size>0xbc</size>
         <alignment>0x4</alignment>
         <input_file_ref idref="fl-6"/>
      </object_component>
      <object_component id="oc-1fd">
         <name>.text.mpu_set_dmp_state</name>
         <load_address>0x46c0</load_address>
         <readonly>true</readonly>
         <executable>true</executable>
         <run_address>0x46c0</run_address>
         <size>0xb8</size>
         <alignment>0x4</alignment>
         <input_file_ref idref="fl-6"/>
      </object_component>
      <object_component id="oc-34">
         <name>.text.GROUP1_IRQHandler</name>
         <load_address>0x4778</load_address>
         <readonly>true</readonly>
         <executable>true</executable>
         <run_address>0x4778</run_address>
         <size>0xb4</size>
         <alignment>0x4</alignment>
         <input_file_ref idref="fl-11"/>
      </object_component>
      <object_component id="oc-8b">
         <name>.text.Turn_left</name>
         <load_address>0x482c</load_address>
         <readonly>true</readonly>
         <executable>true</executable>
         <run_address>0x482c</run_address>
         <size>0xac</size>
         <alignment>0x4</alignment>
         <input_file_ref idref="fl-e"/>
      </object_component>
      <object_component id="oc-317">
         <name>.text.mpu_read_mem</name>
         <load_address>0x48d8</load_address>
         <readonly>true</readonly>
         <executable>true</executable>
         <run_address>0x48d8</run_address>
         <size>0xac</size>
         <alignment>0x4</alignment>
         <input_file_ref idref="fl-6"/>
      </object_component>
      <object_component id="oc-2b5">
         <name>.text.mpu_write_mem</name>
         <load_address>0x4984</load_address>
         <readonly>true</readonly>
         <executable>true</executable>
         <run_address>0x4984</run_address>
         <size>0xac</size>
         <alignment>0x4</alignment>
         <input_file_ref idref="fl-6"/>
      </object_component>
      <object_component id="oc-36e">
         <name>.text</name>
         <load_address>0x4a30</load_address>
         <readonly>true</readonly>
         <executable>true</executable>
         <run_address>0x4a30</run_address>
         <size>0xa2</size>
         <alignment>0x4</alignment>
         <input_file_ref idref="fl-e0"/>
      </object_component>
      <object_component id="oc-300">
         <name>.text.__aeabi_idiv0</name>
         <load_address>0x4ad2</load_address>
         <readonly>true</readonly>
         <executable>true</executable>
         <run_address>0x4ad2</run_address>
         <size>0x2</size>
         <alignment>0x2</alignment>
         <input_file_ref idref="fl-e4"/>
      </object_component>
      <object_component id="oc-2ac">
         <name>.text.mpu_set_int_latched</name>
         <load_address>0x4ad4</load_address>
         <readonly>true</readonly>
         <executable>true</executable>
         <run_address>0x4ad4</run_address>
         <size>0x9c</size>
         <alignment>0x4</alignment>
         <input_file_ref idref="fl-6"/>
      </object_component>
      <object_component id="oc-1fc">
         <name>.text.dmp_set_fifo_rate</name>
         <load_address>0x4b70</load_address>
         <readonly>true</readonly>
         <executable>true</executable>
         <run_address>0x4b70</run_address>
         <size>0x98</size>
         <alignment>0x4</alignment>
         <input_file_ref idref="fl-7"/>
      </object_component>
      <object_component id="oc-2b4">
         <name>.text.inv_row_2_scale</name>
         <load_address>0x4c08</load_address>
         <readonly>true</readonly>
         <executable>true</executable>
         <run_address>0x4c08</run_address>
         <size>0x96</size>
         <alignment>0x2</alignment>
         <input_file_ref idref="fl-6"/>
      </object_component>
      <object_component id="oc-393">
         <name>.text.__aeabi_ldiv0</name>
         <load_address>0x4c9e</load_address>
         <readonly>true</readonly>
         <executable>true</executable>
         <run_address>0x4c9e</run_address>
         <size>0x2</size>
         <alignment>0x2</alignment>
         <input_file_ref idref="fl-e4"/>
      </object_component>
      <object_component id="oc-a7">
         <name>.text.motor_set_L</name>
         <load_address>0x4ca0</load_address>
         <readonly>true</readonly>
         <executable>true</executable>
         <run_address>0x4ca0</run_address>
         <size>0x94</size>
         <alignment>0x4</alignment>
         <input_file_ref idref="fl-13"/>
      </object_component>
      <object_component id="oc-a8">
         <name>.text.motor_set_R</name>
         <load_address>0x4d34</load_address>
         <readonly>true</readonly>
         <executable>true</executable>
         <run_address>0x4d34</run_address>
         <size>0x94</size>
         <alignment>0x4</alignment>
         <input_file_ref idref="fl-13"/>
      </object_component>
      <object_component id="oc-a2">
         <name>.text.IncrementalPID_update</name>
         <load_address>0x4dc8</load_address>
         <readonly>true</readonly>
         <executable>true</executable>
         <run_address>0x4dc8</run_address>
         <size>0x90</size>
         <alignment>0x2</alignment>
         <input_file_ref idref="fl-14"/>
      </object_component>
      <object_component id="oc-29d">
         <name>.text.MPU_Set_LPF</name>
         <load_address>0x4e58</load_address>
         <readonly>true</readonly>
         <executable>true</executable>
         <run_address>0x4e58</run_address>
         <size>0x90</size>
         <alignment>0x2</alignment>
         <input_file_ref idref="fl-5"/>
      </object_component>
      <object_component id="oc-185">
         <name>.text.VOFATransmit</name>
         <load_address>0x4ee8</load_address>
         <readonly>true</readonly>
         <executable>true</executable>
         <run_address>0x4ee8</run_address>
         <size>0x90</size>
         <alignment>0x4</alignment>
         <input_file_ref idref="fl-16"/>
      </object_component>
      <object_component id="oc-109">
         <name>.text.__mulsf3</name>
         <load_address>0x4f78</load_address>
         <readonly>true</readonly>
         <executable>true</executable>
         <run_address>0x4f78</run_address>
         <size>0x8c</size>
         <alignment>0x4</alignment>
         <input_file_ref idref="fl-cb"/>
      </object_component>
      <object_component id="oc-2d6">
         <name>.text.decode_gesture</name>
         <load_address>0x5004</load_address>
         <readonly>true</readonly>
         <executable>true</executable>
         <run_address>0x5004</run_address>
         <size>0x8c</size>
         <alignment>0x4</alignment>
         <input_file_ref idref="fl-7"/>
      </object_component>
      <object_component id="oc-1cc">
         <name>.text.SYSCFG_DL_PWM_1_init</name>
         <load_address>0x5090</load_address>
         <readonly>true</readonly>
         <executable>true</executable>
         <run_address>0x5090</run_address>
         <size>0x84</size>
         <alignment>0x4</alignment>
         <input_file_ref idref="fl-2"/>
      </object_component>
      <object_component id="oc-1cd">
         <name>.text.SYSCFG_DL_PWM_2_init</name>
         <load_address>0x5114</load_address>
         <readonly>true</readonly>
         <executable>true</executable>
         <run_address>0x5114</run_address>
         <size>0x84</size>
         <alignment>0x4</alignment>
         <input_file_ref idref="fl-2"/>
      </object_component>
      <object_component id="oc-20c">
         <name>.text.__divsf3</name>
         <load_address>0x5198</load_address>
         <readonly>true</readonly>
         <executable>true</executable>
         <run_address>0x5198</run_address>
         <size>0x82</size>
         <alignment>0x4</alignment>
         <input_file_ref idref="fl-cc"/>
      </object_component>
      <object_component id="oc-2ca">
         <name>.text._nop</name>
         <load_address>0x521a</load_address>
         <readonly>true</readonly>
         <executable>true</executable>
         <run_address>0x521a</run_address>
         <size>0x2</size>
         <alignment>0x2</alignment>
         <input_file_ref idref="fl-40"/>
      </object_component>
      <object_component id="oc-1cb">
         <name>.text.SYSCFG_DL_PWM_0_init</name>
         <load_address>0x521c</load_address>
         <readonly>true</readonly>
         <executable>true</executable>
         <run_address>0x521c</run_address>
         <size>0x80</size>
         <alignment>0x4</alignment>
         <input_file_ref idref="fl-2"/>
      </object_component>
      <object_component id="oc-162">
         <name>.text.SYSCFG_DL_init</name>
         <load_address>0x529c</load_address>
         <readonly>true</readonly>
         <executable>true</executable>
         <run_address>0x529c</run_address>
         <size>0x7c</size>
         <alignment>0x4</alignment>
         <input_file_ref idref="fl-2"/>
      </object_component>
      <object_component id="oc-1c">
         <name>.text:decompress:lzss</name>
         <load_address>0x5318</load_address>
         <readonly>true</readonly>
         <executable>true</executable>
         <run_address>0x5318</run_address>
         <size>0x78</size>
         <alignment>0x4</alignment>
         <input_file_ref idref="fl-51"/>
      </object_component>
      <object_component id="oc-2a2">
         <name>.text.I2C_WriteByte</name>
         <load_address>0x5390</load_address>
         <readonly>true</readonly>
         <executable>true</executable>
         <run_address>0x5390</run_address>
         <size>0x74</size>
         <alignment>0x4</alignment>
         <input_file_ref idref="fl-d"/>
      </object_component>
      <object_component id="oc-7a">
         <name>.text.__aeabi_memclr</name>
         <load_address>0x5404</load_address>
         <readonly>true</readonly>
         <executable>true</executable>
         <run_address>0x5404</run_address>
         <size>0xc</size>
         <alignment>0x4</alignment>
         <input_file_ref idref="fl-dc"/>
      </object_component>
      <object_component id="oc-21e">
         <name>.text.__truncdfsf2</name>
         <load_address>0x5410</load_address>
         <readonly>true</readonly>
         <executable>true</executable>
         <run_address>0x5410</run_address>
         <size>0x74</size>
         <alignment>0x10</alignment>
         <input_file_ref idref="fl-d6"/>
      </object_component>
      <object_component id="oc-31c">
         <name>.text.mpu_get_accel_fsr</name>
         <load_address>0x5484</load_address>
         <readonly>true</readonly>
         <executable>true</executable>
         <run_address>0x5484</run_address>
         <size>0x74</size>
         <alignment>0x4</alignment>
         <input_file_ref idref="fl-6"/>
      </object_component>
      <object_component id="oc-1e4">
         <name>.text.MPU_Set_Rate</name>
         <load_address>0x54f8</load_address>
         <readonly>true</readonly>
         <executable>true</executable>
         <run_address>0x54f8</run_address>
         <size>0x70</size>
         <alignment>0x4</alignment>
         <input_file_ref idref="fl-5"/>
      </object_component>
      <object_component id="oc-34f">
         <name>.text.__gedf2</name>
         <load_address>0x5568</load_address>
         <readonly>true</readonly>
         <executable>true</executable>
         <run_address>0x5568</run_address>
         <size>0x70</size>
         <alignment>0x4</alignment>
         <input_file_ref idref="fl-e2"/>
      </object_component>
      <object_component id="oc-349">
         <name>.text.__ledf2</name>
         <load_address>0x55d8</load_address>
         <readonly>true</readonly>
         <executable>true</executable>
         <run_address>0x55d8</run_address>
         <size>0x6c</size>
         <alignment>0x4</alignment>
         <input_file_ref idref="fl-e2"/>
      </object_component>
      <object_component id="oc-1ea">
         <name>.text.OLED_Fill</name>
         <load_address>0x5644</load_address>
         <readonly>true</readonly>
         <executable>true</executable>
         <run_address>0x5644</run_address>
         <size>0x68</size>
         <alignment>0x2</alignment>
         <input_file_ref idref="fl-d"/>
      </object_component>
      <object_component id="oc-2b9">
         <name>.text.dmp_set_tap_axes</name>
         <load_address>0x56ac</load_address>
         <readonly>true</readonly>
         <executable>true</executable>
         <run_address>0x56ac</run_address>
         <size>0x66</size>
         <alignment>0x2</alignment>
         <input_file_ref idref="fl-7"/>
      </object_component>
      <object_component id="oc-1d1">
         <name>.text.SYSCFG_DL_I2C_MPU6050_init</name>
         <load_address>0x5714</load_address>
         <readonly>true</readonly>
         <executable>true</executable>
         <run_address>0x5714</run_address>
         <size>0x64</size>
         <alignment>0x4</alignment>
         <input_file_ref idref="fl-2"/>
      </object_component>
      <object_component id="oc-2e3">
         <name>.text.__aeabi_dcmp</name>
         <load_address>0x5778</load_address>
         <readonly>true</readonly>
         <executable>true</executable>
         <run_address>0x5778</run_address>
         <size>0x62</size>
         <alignment>0x4</alignment>
         <input_file_ref idref="fl-d7"/>
      </object_component>
      <object_component id="oc-128">
         <name>.text.__aeabi_fcmp</name>
         <load_address>0x57dc</load_address>
         <readonly>true</readonly>
         <executable>true</executable>
         <run_address>0x57dc</run_address>
         <size>0x62</size>
         <alignment>0x4</alignment>
         <input_file_ref idref="fl-d8"/>
      </object_component>
      <object_component id="oc-2b7">
         <name>.text.dmp_enable_gyro_cal</name>
         <load_address>0x5840</load_address>
         <readonly>true</readonly>
         <executable>true</executable>
         <run_address>0x5840</run_address>
         <size>0x60</size>
         <alignment>0x4</alignment>
         <input_file_ref idref="fl-7"/>
      </object_component>
      <object_component id="oc-cc">
         <name>.text.DL_I2C_fillControllerTXFIFO</name>
         <load_address>0x58a0</load_address>
         <readonly>true</readonly>
         <executable>true</executable>
         <run_address>0x58a0</run_address>
         <size>0x5e</size>
         <alignment>0x2</alignment>
         <input_file_ref idref="fl-26"/>
      </object_component>
      <object_component id="oc-1e5">
         <name>.text.MPU6050ReadID</name>
         <load_address>0x5900</load_address>
         <readonly>true</readonly>
         <executable>true</executable>
         <run_address>0x5900</run_address>
         <size>0x5c</size>
         <alignment>0x4</alignment>
         <input_file_ref idref="fl-5"/>
      </object_component>
      <object_component id="oc-178">
         <name>.text.printf</name>
         <load_address>0x595c</load_address>
         <readonly>true</readonly>
         <executable>true</executable>
         <run_address>0x595c</run_address>
         <size>0x5c</size>
         <alignment>0x4</alignment>
         <input_file_ref idref="fl-37"/>
      </object_component>
      <object_component id="oc-1d2">
         <name>.text.SYSCFG_DL_I2C_0_init</name>
         <load_address>0x59b8</load_address>
         <readonly>true</readonly>
         <executable>true</executable>
         <run_address>0x59b8</run_address>
         <size>0x58</size>
         <alignment>0x4</alignment>
         <input_file_ref idref="fl-2"/>
      </object_component>
      <object_component id="oc-31d">
         <name>.text.__aeabi_idivmod</name>
         <load_address>0x5a10</load_address>
         <readonly>true</readonly>
         <executable>true</executable>
         <run_address>0x5a10</run_address>
         <size>0x56</size>
         <alignment>0x4</alignment>
         <input_file_ref idref="fl-d9"/>
      </object_component>
      <object_component id="oc-313">
         <name>.text.DL_I2C_startControllerTransfer</name>
         <load_address>0x5a68</load_address>
         <readonly>true</readonly>
         <executable>true</executable>
         <run_address>0x5a68</run_address>
         <size>0x50</size>
         <alignment>0x4</alignment>
         <input_file_ref idref="fl-d"/>
      </object_component>
      <object_component id="oc-29c">
         <name>.text.DL_I2C_startControllerTransfer</name>
         <load_address>0x5ab8</load_address>
         <readonly>true</readonly>
         <executable>true</executable>
         <run_address>0x5ab8</run_address>
         <size>0x50</size>
         <alignment>0x4</alignment>
         <input_file_ref idref="fl-5"/>
      </object_component>
      <object_component id="oc-2d3">
         <name>.text.fputs</name>
         <load_address>0x5b08</load_address>
         <readonly>true</readonly>
         <executable>true</executable>
         <run_address>0x5b08</run_address>
         <size>0x50</size>
         <alignment>0x4</alignment>
         <input_file_ref idref="fl-4"/>
      </object_component>
      <object_component id="oc-285">
         <name>.text.DL_UART_setBaudRateDivisor</name>
         <load_address>0x5b58</load_address>
         <readonly>true</readonly>
         <executable>true</executable>
         <run_address>0x5b58</run_address>
         <size>0x4c</size>
         <alignment>0x4</alignment>
         <input_file_ref idref="fl-2"/>
      </object_component>
      <object_component id="oc-296">
         <name>.text.DL_ADC12_configConversionMem</name>
         <load_address>0x5ba4</load_address>
         <readonly>true</readonly>
         <executable>true</executable>
         <run_address>0x5ba4</run_address>
         <size>0x4a</size>
         <alignment>0x2</alignment>
         <input_file_ref idref="fl-2"/>
      </object_component>
      <object_component id="oc-283">
         <name>.text.DL_UART_init</name>
         <load_address>0x5bf0</load_address>
         <readonly>true</readonly>
         <executable>true</executable>
         <run_address>0x5bf0</run_address>
         <size>0x48</size>
         <alignment>0x4</alignment>
         <input_file_ref idref="fl-28"/>
      </object_component>
      <object_component id="oc-1d3">
         <name>.text.SYSCFG_DL_UART_0_init</name>
         <load_address>0x5c38</load_address>
         <readonly>true</readonly>
         <executable>true</executable>
         <run_address>0x5c38</run_address>
         <size>0x48</size>
         <alignment>0x4</alignment>
         <input_file_ref idref="fl-2"/>
      </object_component>
      <object_component id="oc-1d4">
         <name>.text.SYSCFG_DL_UART_1_init</name>
         <load_address>0x5c80</load_address>
         <readonly>true</readonly>
         <executable>true</executable>
         <run_address>0x5c80</run_address>
         <size>0x48</size>
         <alignment>0x4</alignment>
         <input_file_ref idref="fl-2"/>
      </object_component>
      <object_component id="oc-1d5">
         <name>.text.SYSCFG_DL_UART_2_init</name>
         <load_address>0x5cc8</load_address>
         <readonly>true</readonly>
         <executable>true</executable>
         <run_address>0x5cc8</run_address>
         <size>0x48</size>
         <alignment>0x4</alignment>
         <input_file_ref idref="fl-2"/>
      </object_component>
      <object_component id="oc-1d6">
         <name>.text.SYSCFG_DL_UART_3_init</name>
         <load_address>0x5d10</load_address>
         <readonly>true</readonly>
         <executable>true</executable>
         <run_address>0x5d10</run_address>
         <size>0x48</size>
         <alignment>0x4</alignment>
         <input_file_ref idref="fl-2"/>
      </object_component>
      <object_component id="oc-2c1">
         <name>.text.dmp_enable_6x_lp_quat</name>
         <load_address>0x5d58</load_address>
         <readonly>true</readonly>
         <executable>true</executable>
         <run_address>0x5d58</run_address>
         <size>0x48</size>
         <alignment>0x4</alignment>
         <input_file_ref idref="fl-7"/>
      </object_component>
      <object_component id="oc-2c0">
         <name>.text.dmp_enable_lp_quat</name>
         <load_address>0x5da0</load_address>
         <readonly>true</readonly>
         <executable>true</executable>
         <run_address>0x5da0</run_address>
         <size>0x48</size>
         <alignment>0x4</alignment>
         <input_file_ref idref="fl-7"/>
      </object_component>
      <object_component id="oc-fb">
         <name>.text.Left</name>
         <load_address>0x5de8</load_address>
         <readonly>true</readonly>
         <executable>true</executable>
         <run_address>0x5de8</run_address>
         <size>0x44</size>
         <alignment>0x4</alignment>
         <input_file_ref idref="fl-e"/>
      </object_component>
      <object_component id="oc-2bd">
         <name>.text.dmp_set_shake_reject_thresh</name>
         <load_address>0x5e2c</load_address>
         <readonly>true</readonly>
         <executable>true</executable>
         <run_address>0x5e2c</run_address>
         <size>0x44</size>
         <alignment>0x2</alignment>
         <input_file_ref idref="fl-7"/>
      </object_component>
      <object_component id="oc-2ba">
         <name>.text.dmp_set_tap_count</name>
         <load_address>0x5e70</load_address>
         <readonly>true</readonly>
         <executable>true</executable>
         <run_address>0x5e70</run_address>
         <size>0x44</size>
         <alignment>0x2</alignment>
         <input_file_ref idref="fl-7"/>
      </object_component>
      <object_component id="oc-290">
         <name>.text.DL_ADC12_setClockConfig</name>
         <load_address>0x5eb4</load_address>
         <readonly>true</readonly>
         <executable>true</executable>
         <run_address>0x5eb4</run_address>
         <size>0x40</size>
         <alignment>0x4</alignment>
         <input_file_ref idref="fl-24"/>
      </object_component>
      <object_component id="oc-22d">
         <name>.text.VOFAFloat2Byte</name>
         <load_address>0x5ef4</load_address>
         <readonly>true</readonly>
         <executable>true</executable>
         <run_address>0x5ef4</run_address>
         <size>0x40</size>
         <alignment>0x2</alignment>
         <input_file_ref idref="fl-16"/>
      </object_component>
      <object_component id="oc-228">
         <name>.text.__aeabi_uidivmod</name>
         <load_address>0x5f34</load_address>
         <readonly>true</readonly>
         <executable>true</executable>
         <run_address>0x5f34</run_address>
         <size>0x40</size>
         <alignment>0x4</alignment>
         <input_file_ref idref="fl-dd"/>
      </object_component>
      <object_component id="oc-210">
         <name>.text.__extendsfdf2</name>
         <load_address>0x5f74</load_address>
         <readonly>true</readonly>
         <executable>true</executable>
         <run_address>0x5f74</run_address>
         <size>0x40</size>
         <alignment>0x4</alignment>
         <input_file_ref idref="fl-ce"/>
      </object_component>
      <object_component id="oc-32a">
         <name>.text.atoi</name>
         <load_address>0x5fb4</load_address>
         <readonly>true</readonly>
         <executable>true</executable>
         <run_address>0x5fb4</run_address>
         <size>0x40</size>
         <alignment>0x4</alignment>
         <input_file_ref idref="fl-43"/>
      </object_component>
      <object_component id="oc-1f9">
         <name>.text.inv_orientation_matrix_to_scalar</name>
         <load_address>0x5ff4</load_address>
         <readonly>true</readonly>
         <executable>true</executable>
         <run_address>0x5ff4</run_address>
         <size>0x3e</size>
         <alignment>0x2</alignment>
         <input_file_ref idref="fl-6"/>
      </object_component>
      <object_component id="oc-24d">
         <name>.text.DL_GPIO_initPeripheralInputFunctionFeatures</name>
         <load_address>0x6034</load_address>
         <readonly>true</readonly>
         <executable>true</executable>
         <run_address>0x6034</run_address>
         <size>0x3c</size>
         <alignment>0x4</alignment>
         <input_file_ref idref="fl-2"/>
      </object_component>
      <object_component id="oc-fa">
         <name>.text.Reset_move</name>
         <load_address>0x6070</load_address>
         <readonly>true</readonly>
         <executable>true</executable>
         <run_address>0x6070</run_address>
         <size>0x3c</size>
         <alignment>0x4</alignment>
         <input_file_ref idref="fl-e"/>
      </object_component>
      <object_component id="oc-f4">
         <name>.text.Restart_move</name>
         <load_address>0x60ac</load_address>
         <readonly>true</readonly>
         <executable>true</executable>
         <run_address>0x60ac</run_address>
         <size>0x3c</size>
         <alignment>0x4</alignment>
         <input_file_ref idref="fl-e"/>
      </object_component>
      <object_component id="oc-9e">
         <name>.text.__floatsisf</name>
         <load_address>0x60e8</load_address>
         <readonly>true</readonly>
         <executable>true</executable>
         <run_address>0x60e8</run_address>
         <size>0x3c</size>
         <alignment>0x4</alignment>
         <input_file_ref idref="fl-d3"/>
      </object_component>
      <object_component id="oc-1c1">
         <name>.text.__gtsf2</name>
         <load_address>0x6124</load_address>
         <readonly>true</readonly>
         <executable>true</executable>
         <run_address>0x6124</run_address>
         <size>0x3c</size>
         <alignment>0x4</alignment>
         <input_file_ref idref="fl-df"/>
      </object_component>
      <object_component id="oc-194">
         <name>.text:__TI_auto_init_nobinit_nopinit</name>
         <load_address>0x6160</load_address>
         <readonly>true</readonly>
         <executable>true</executable>
         <run_address>0x6160</run_address>
         <size>0x3c</size>
         <alignment>0x4</alignment>
         <input_file_ref idref="fl-4c"/>
      </object_component>
      <object_component id="oc-1bc">
         <name>.text.__eqsf2</name>
         <load_address>0x619c</load_address>
         <readonly>true</readonly>
         <executable>true</executable>
         <run_address>0x619c</run_address>
         <size>0x3a</size>
         <alignment>0x4</alignment>
         <input_file_ref idref="fl-df"/>
      </object_component>
      <object_component id="oc-1b5">
         <name>.text.__muldsi3</name>
         <load_address>0x61d8</load_address>
         <readonly>true</readonly>
         <executable>true</executable>
         <run_address>0x61d8</run_address>
         <size>0x3a</size>
         <alignment>0x4</alignment>
         <input_file_ref idref="fl-ca"/>
      </object_component>
      <object_component id="oc-1d8">
         <name>.text.SYSCFG_DL_ADC12_1_init</name>
         <load_address>0x6214</load_address>
         <readonly>true</readonly>
         <executable>true</executable>
         <run_address>0x6214</run_address>
         <size>0x38</size>
         <alignment>0x4</alignment>
         <input_file_ref idref="fl-2"/>
      </object_component>
      <object_component id="oc-a3">
         <name>.text.__fixsfsi</name>
         <load_address>0x624c</load_address>
         <readonly>true</readonly>
         <executable>true</executable>
         <run_address>0x624c</run_address>
         <size>0x38</size>
         <alignment>0x4</alignment>
         <input_file_ref idref="fl-d0"/>
      </object_component>
      <object_component id="oc-306">
         <name>.text.OLED_Set_Pos</name>
         <load_address>0x6284</load_address>
         <readonly>true</readonly>
         <executable>true</executable>
         <run_address>0x6284</run_address>
         <size>0x36</size>
         <alignment>0x2</alignment>
         <input_file_ref idref="fl-d"/>
      </object_component>
      <object_component id="oc-1d7">
         <name>.text.SYSCFG_DL_ADC12_0_init</name>
         <load_address>0x62bc</load_address>
         <readonly>true</readonly>
         <executable>true</executable>
         <run_address>0x62bc</run_address>
         <size>0x34</size>
         <alignment>0x4</alignment>
         <input_file_ref idref="fl-2"/>
      </object_component>
      <object_component id="oc-1ce">
         <name>.text.SYSCFG_DL_TIMER_0_init</name>
         <load_address>0x62f0</load_address>
         <readonly>true</readonly>
         <executable>true</executable>
         <run_address>0x62f0</run_address>
         <size>0x34</size>
         <alignment>0x4</alignment>
         <input_file_ref idref="fl-2"/>
      </object_component>
      <object_component id="oc-1cf">
         <name>.text.SYSCFG_DL_TIMER_1_init</name>
         <load_address>0x6324</load_address>
         <readonly>true</readonly>
         <executable>true</executable>
         <run_address>0x6324</run_address>
         <size>0x34</size>
         <alignment>0x4</alignment>
         <input_file_ref idref="fl-2"/>
      </object_component>
      <object_component id="oc-1d0">
         <name>.text.SYSCFG_DL_TIMER_2_init</name>
         <load_address>0x6358</load_address>
         <readonly>true</readonly>
         <executable>true</executable>
         <run_address>0x6358</run_address>
         <size>0x34</size>
         <alignment>0x4</alignment>
         <input_file_ref idref="fl-2"/>
      </object_component>
      <object_component id="oc-22e">
         <name>.text.VOFATrail</name>
         <load_address>0x638c</load_address>
         <readonly>true</readonly>
         <executable>true</executable>
         <run_address>0x638c</run_address>
         <size>0x34</size>
         <alignment>0x2</alignment>
         <input_file_ref idref="fl-16"/>
      </object_component>
      <object_component id="oc-180">
         <name>.text.__fixunssfsi</name>
         <load_address>0x63c0</load_address>
         <readonly>true</readonly>
         <executable>true</executable>
         <run_address>0x63c0</run_address>
         <size>0x32</size>
         <alignment>0x4</alignment>
         <input_file_ref idref="fl-d1"/>
      </object_component>
      <object_component id="oc-2be">
         <name>.text.dmp_set_shake_reject_time</name>
         <load_address>0x63f2</load_address>
         <readonly>true</readonly>
         <executable>true</executable>
         <run_address>0x63f2</run_address>
         <size>0x32</size>
         <alignment>0x2</alignment>
         <input_file_ref idref="fl-7"/>
      </object_component>
      <object_component id="oc-2bf">
         <name>.text.dmp_set_shake_reject_timeout</name>
         <load_address>0x6424</load_address>
         <readonly>true</readonly>
         <executable>true</executable>
         <run_address>0x6424</run_address>
         <size>0x32</size>
         <alignment>0x2</alignment>
         <input_file_ref idref="fl-7"/>
      </object_component>
      <object_component id="oc-f3">
         <name>.text.Reset</name>
         <load_address>0x6458</load_address>
         <readonly>true</readonly>
         <executable>true</executable>
         <run_address>0x6458</run_address>
         <size>0x30</size>
         <alignment>0x4</alignment>
         <input_file_ref idref="fl-e"/>
      </object_component>
      <object_component id="oc-2bb">
         <name>.text.dmp_set_tap_time</name>
         <load_address>0x6488</load_address>
         <readonly>true</readonly>
         <executable>true</executable>
         <run_address>0x6488</run_address>
         <size>0x30</size>
         <alignment>0x2</alignment>
         <input_file_ref idref="fl-7"/>
      </object_component>
      <object_component id="oc-2bc">
         <name>.text.dmp_set_tap_time_multi</name>
         <load_address>0x64b8</load_address>
         <readonly>true</readonly>
         <executable>true</executable>
         <run_address>0x64b8</run_address>
         <size>0x30</size>
         <alignment>0x2</alignment>
         <input_file_ref idref="fl-7"/>
      </object_component>
      <object_component id="oc-227">
         <name>.text.oled_pow</name>
         <load_address>0x64e8</load_address>
         <readonly>true</readonly>
         <executable>true</executable>
         <run_address>0x64e8</run_address>
         <size>0x30</size>
         <alignment>0x2</alignment>
         <input_file_ref idref="fl-d"/>
      </object_component>
      <object_component id="oc-1c4">
         <name>.text.__NVIC_ClearPendingIRQ</name>
         <load_address>0x6518</load_address>
         <readonly>true</readonly>
         <executable>true</executable>
         <run_address>0x6518</run_address>
         <size>0x2c</size>
         <alignment>0x4</alignment>
         <input_file_ref idref="fl-4"/>
      </object_component>
      <object_component id="oc-1ed">
         <name>.text.__NVIC_ClearPendingIRQ</name>
         <load_address>0x6544</load_address>
         <readonly>true</readonly>
         <executable>true</executable>
         <run_address>0x6544</run_address>
         <size>0x2c</size>
         <alignment>0x4</alignment>
         <input_file_ref idref="fl-15"/>
      </object_component>
      <object_component id="oc-1ef">
         <name>.text.__NVIC_EnableIRQ</name>
         <load_address>0x6570</load_address>
         <readonly>true</readonly>
         <executable>true</executable>
         <run_address>0x6570</run_address>
         <size>0x2c</size>
         <alignment>0x4</alignment>
         <input_file_ref idref="fl-a"/>
      </object_component>
      <object_component id="oc-1eb">
         <name>.text.__NVIC_EnableIRQ</name>
         <load_address>0x659c</load_address>
         <readonly>true</readonly>
         <executable>true</executable>
         <run_address>0x659c</run_address>
         <size>0x2c</size>
         <alignment>0x4</alignment>
         <input_file_ref idref="fl-f"/>
      </object_component>
      <object_component id="oc-1c5">
         <name>.text.__NVIC_EnableIRQ</name>
         <load_address>0x65c8</load_address>
         <readonly>true</readonly>
         <executable>true</executable>
[...]
         <name>__TI_ATRegion1_trg_addr</name>
         <value>0x0</value>
      </symbol>
      <symbol id="sm-42f">
         <name>__TI_ATRegion1_region_sz</name>
         <value>0x0</value>
      </symbol>
      <symbol id="sm-430">
         <name>__TI_ATRegion2_src_addr</name>
         <value>0x0</value>
      </symbol>
      <symbol id="sm-431">
         <name>__TI_ATRegion2_trg_addr</name>
         <value>0x0</value>
      </symbol>
      <symbol id="sm-432">
         <name>__TI_ATRegion2_region_sz</name>
         <value>0x0</value>
      </symbol>
      <symbol id="sm-43d">
         <name>DL_ADC12_setClockConfig</name>
         <value>0x5eb5</value>
         <object_component_ref idref="oc-290"/>
      </symbol>
      <symbol id="sm-446">
         <name>DL_Common_delayCycles</name>
         <value>0x70cd</value>
         <object_component_ref idref="oc-1ad"/>
      </symbol>
      <symbol id="sm-452">
         <name>DL_I2C_setClockConfig</name>
         <value>0x67b3</value>
         <object_component_ref idref="oc-271"/>
      </symbol>
      <symbol id="sm-453">
         <name>DL_I2C_fillControllerTXFIFO</name>
         <value>0x58a1</value>
         <object_component_ref idref="oc-cc"/>
      </symbol>
      <symbol id="sm-46f">
         <name>DL_Timer_setClockConfig</name>
         <value>0x6b61</value>
         <object_component_ref idref="oc-25d"/>
      </symbol>
      <symbol id="sm-470">
         <name>DL_Timer_initTimerMode</name>
         <value>0x3cd5</value>
         <object_component_ref idref="oc-269"/>
      </symbol>
      <symbol id="sm-471">
         <name>DL_Timer_setCaptureCompareValue</name>
         <value>0x7065</value>
         <object_component_ref idref="oc-10e"/>
      </symbol>
      <symbol id="sm-472">
         <name>DL_Timer_initPWMMode</name>
         <value>0x43b9</value>
         <object_component_ref idref="oc-25e"/>
      </symbol>
      <symbol id="sm-473">
         <name>DL_Timer_setCaptureCompareOutCtl</name>
         <value>0x6dcd</value>
         <object_component_ref idref="oc-25f"/>
      </symbol>
      <symbol id="sm-474">
         <name>DL_Timer_setCaptCompUpdateMethod</name>
         <value>0x6b45</value>
         <object_component_ref idref="oc-260"/>
      </symbol>
      <symbol id="sm-484">
         <name>DL_UART_init</name>
         <value>0x5bf1</value>
         <object_component_ref idref="oc-283"/>
      </symbol>
      <symbol id="sm-485">
         <name>DL_UART_setClockConfig</name>
         <value>0x701d</value>
         <object_component_ref idref="oc-27d"/>
      </symbol>
      <symbol id="sm-486">
         <name>DL_UART_transmitDataBlocking</name>
         <value>0x68a5</value>
         <object_component_ref idref="oc-343"/>
      </symbol>
      <symbol id="sm-497">
         <name>printf</name>
         <value>0x595d</value>
         <object_component_ref idref="oc-178"/>
      </symbol>
      <symbol id="sm-4b9">
         <name>__TI_printfi_nofloat</name>
         <value>0xc1</value>
         <object_component_ref idref="oc-2c8"/>
      </symbol>
      <symbol id="sm-4d0">
         <name>asin</name>
         <value>0x949</value>
         <object_component_ref idref="oc-214"/>
      </symbol>
      <symbol id="sm-4d1">
         <name>asinl</name>
         <value>0x949</value>
         <object_component_ref idref="oc-214"/>
      </symbol>
      <symbol id="sm-4df">
         <name>atan2</name>
         <value>0x23bd</value>
         <object_component_ref idref="oc-222"/>
      </symbol>
      <symbol id="sm-4e0">
         <name>atan2l</name>
         <value>0x23bd</value>
         <object_component_ref idref="oc-222"/>
      </symbol>
      <symbol id="sm-4ea">
         <name>sqrt</name>
         <value>0x26e9</value>
         <object_component_ref idref="oc-2e9"/>
      </symbol>
      <symbol id="sm-4eb">
         <name>sqrtl</name>
         <value>0x26e9</value>
         <object_component_ref idref="oc-2e9"/>
      </symbol>
      <symbol id="sm-502">
         <name>atan</name>
         <value>0xcb9</value>
         <object_component_ref idref="oc-2f7"/>
      </symbol>
      <symbol id="sm-503">
         <name>atanl</name>
         <value>0xcb9</value>
         <object_component_ref idref="oc-2f7"/>
      </symbol>
      <symbol id="sm-510">
         <name>__aeabi_errno_addr</name>
         <value>0x7121</value>
         <object_component_ref idref="oc-2da"/>
      </symbol>
      <symbol id="sm-511">
         <name>__aeabi_errno</name>
         <value>0x202006c8</value>
         <object_component_ref idref="oc-344"/>
      </symbol>
      <symbol id="sm-51a">
         <name>_nop</name>
         <value>0x521b</value>
         <object_component_ref idref="oc-2ca"/>
      </symbol>
      <symbol id="sm-51b">
         <name>_lock</name>
         <value>0x202006cc</value>
         <object_component_ref idref="oc-202"/>
      </symbol>
      <symbol id="sm-51c">
         <name>_unlock</name>
         <value>0x202006d0</value>
         <object_component_ref idref="oc-208"/>
      </symbol>
      <symbol id="sm-528">
         <name>atoi</name>
         <value>0x5fb5</value>
         <object_component_ref idref="oc-32a"/>
      </symbol>
      <symbol id="sm-52d">
         <name>_ftable</name>
         <value>0x20200518</value>
         <object_component_ref idref="oc-204"/>
      </symbol>
      <symbol id="sm-536">
         <name>memccpy</name>
         <value>0x6863</value>
         <object_component_ref idref="oc-323"/>
      </symbol>
      <symbol id="sm-53f">
         <name>memcmp</name>
         <value>0x68c5</value>
         <object_component_ref idref="oc-318"/>
      </symbol>
      <symbol id="sm-549">
         <name>strlen</name>
         <value>0x70b1</value>
         <object_component_ref idref="oc-33f"/>
      </symbol>
      <symbol id="sm-555">
         <name>_c_int00_noargs</name>
         <value>0x6765</value>
         <object_component_ref idref="oc-64"/>
      </symbol>
      <symbol id="sm-556">
         <name>__stack</name>
         <value>0x20207e00</value>
         <object_component_ref idref="oc-1a"/>
      </symbol>
      <symbol id="sm-565">
         <name>__TI_auto_init_nobinit_nopinit</name>
         <value>0x6161</value>
         <object_component_ref idref="oc-194"/>
      </symbol>
      <symbol id="sm-56d">
         <name>_system_pre_init</name>
         <value>0x7185</value>
         <object_component_ref idref="oc-df"/>
      </symbol>
      <symbol id="sm-578">
         <name>__TI_zero_init</name>
         <value>0x7085</value>
         <object_component_ref idref="oc-61"/>
      </symbol>
      <symbol id="sm-581">
         <name>__TI_decompress_none</name>
         <value>0x7041</value>
         <object_component_ref idref="oc-20"/>
      </symbol>
      <symbol id="sm-58c">
         <name>__TI_decompress_lzss</name>
         <value>0x5319</value>
         <object_component_ref idref="oc-1c"/>
      </symbol>
      <symbol id="sm-595">
         <name>wcslen</name>
         <value>0x7075</value>
         <object_component_ref idref="oc-32e"/>
      </symbol>
      <symbol id="sm-598">
         <name>__aeabi_ctype_table_</name>
         <value>0x85a0</value>
         <object_component_ref idref="oc-366"/>
      </symbol>
      <symbol id="sm-599">
         <name>__aeabi_ctype_table_C</name>
         <value>0x85a0</value>
         <object_component_ref idref="oc-366"/>
      </symbol>
      <symbol id="sm-5a3">
         <name>abort</name>
         <value>0x7189</value>
         <object_component_ref idref="oc-18d"/>
      </symbol>
      <symbol id="sm-5a4">
         <name>C$$EXIT</name>
         <value>0x7188</value>
         <object_component_ref idref="oc-18d"/>
      </symbol>
      <symbol id="sm-5b5">
         <name>__aeabi_fadd</name>
         <value>0x4077</value>
         <object_component_ref idref="oc-105"/>
      </symbol>
      <symbol id="sm-5b6">
         <name>__addsf3</name>
         <value>0x4077</value>
         <object_component_ref idref="oc-105"/>
      </symbol>
      <symbol id="sm-5b7">
         <name>__aeabi_fsub</name>
         <value>0x406d</value>
         <object_component_ref idref="oc-105"/>
      </symbol>
      <symbol id="sm-5b8">
         <name>__subsf3</name>
         <value>0x406d</value>
         <object_component_ref idref="oc-105"/>
      </symbol>
      <symbol id="sm-5be">
         <name>__aeabi_dadd</name>
         <value>0x255f</value>
         <object_component_ref idref="oc-2df"/>
      </symbol>
      <symbol id="sm-5bf">
         <name>__adddf3</name>
         <value>0x255f</value>
         <object_component_ref idref="oc-2df"/>
      </symbol>
      <symbol id="sm-5c0">
         <name>__aeabi_dsub</name>
         <value>0x2555</value>
         <object_component_ref idref="oc-2df"/>
      </symbol>
      <symbol id="sm-5c1">
         <name>__subdf3</name>
         <value>0x2555</value>
         <object_component_ref idref="oc-2df"/>
      </symbol>
      <symbol id="sm-5ca">
         <name>__aeabi_dmul</name>
         <value>0x3ea5</value>
         <object_component_ref idref="oc-21a"/>
      </symbol>
      <symbol id="sm-5cb">
         <name>__muldf3</name>
         <value>0x3ea5</value>
         <object_component_ref idref="oc-21a"/>
      </symbol>
      <symbol id="sm-5d4">
         <name>__muldsi3</name>
         <value>0x61d9</value>
         <object_component_ref idref="oc-1b5"/>
      </symbol>
      <symbol id="sm-5da">
         <name>__aeabi_fmul</name>
         <value>0x4f79</value>
         <object_component_ref idref="oc-109"/>
      </symbol>
      <symbol id="sm-5db">
         <name>__mulsf3</name>
         <value>0x4f79</value>
         <object_component_ref idref="oc-109"/>
      </symbol>
      <symbol id="sm-5e1">
         <name>__aeabi_fdiv</name>
         <value>0x5199</value>
         <object_component_ref idref="oc-20c"/>
      </symbol>
      <symbol id="sm-5e2">
         <name>__divsf3</name>
         <value>0x5199</value>
         <object_component_ref idref="oc-20c"/>
      </symbol>
      <symbol id="sm-5e8">
         <name>__aeabi_ddiv</name>
         <value>0x35f9</value>
         <object_component_ref idref="oc-2ed"/>
      </symbol>
      <symbol id="sm-5e9">
         <name>__divdf3</name>
         <value>0x35f9</value>
         <object_component_ref idref="oc-2ed"/>
      </symbol>
      <symbol id="sm-5ef">
         <name>__aeabi_f2d</name>
         <value>0x5f75</value>
         <object_component_ref idref="oc-210"/>
      </symbol>
      <symbol id="sm-5f0">
         <name>__extendsfdf2</name>
         <value>0x5f75</value>
         <object_component_ref idref="oc-210"/>
      </symbol>
      <symbol id="sm-5f6">
         <name>__aeabi_f2iz</name>
         <value>0x624d</value>
         <object_component_ref idref="oc-a3"/>
      </symbol>
      <symbol id="sm-5f7">
         <name>__fixsfsi</name>
         <value>0x624d</value>
         <object_component_ref idref="oc-a3"/>
      </symbol>
      <symbol id="sm-5fd">
         <name>__aeabi_f2uiz</name>
         <value>0x63c1</value>
         <object_component_ref idref="oc-180"/>
      </symbol>
      <symbol id="sm-5fe">
         <name>__fixunssfsi</name>
         <value>0x63c1</value>
         <object_component_ref idref="oc-180"/>
      </symbol>
      <symbol id="sm-604">
         <name>__aeabi_i2f</name>
         <value>0x60e9</value>
         <object_component_ref idref="oc-9e"/>
      </symbol>
      <symbol id="sm-605">
         <name>__floatsisf</name>
         <value>0x60e9</value>
         <object_component_ref idref="oc-9e"/>
      </symbol>
      <symbol id="sm-60b">
         <name>__aeabi_ui2f</name>
         <value>0x673d</value>
         <object_component_ref idref="oc-76"/>
      </symbol>
      <symbol id="sm-60c">
         <name>__floatunsisf</name>
         <value>0x673d</value>
         <object_component_ref idref="oc-76"/>
      </symbol>
      <symbol id="sm-612">
         <name>__aeabi_lmul</name>
         <value>0x67d9</value>
         <object_component_ref idref="oc-332"/>
      </symbol>
      <symbol id="sm-613">
         <name>__muldi3</name>
         <value>0x67d9</value>
         <object_component_ref idref="oc-332"/>
      </symbol>
      <symbol id="sm-61a">
         <name>__aeabi_d2f</name>
         <value>0x5411</value>
         <object_component_ref idref="oc-21e"/>
      </symbol>
      <symbol id="sm-61b">
         <name>__truncdfsf2</name>
         <value>0x5411</value>
         <object_component_ref idref="oc-21e"/>
      </symbol>
      <symbol id="sm-621">
         <name>__aeabi_dcmpeq</name>
         <value>0x5779</value>
         <object_component_ref idref="oc-2e3"/>
      </symbol>
      <symbol id="sm-622">
         <name>__aeabi_dcmplt</name>
         <value>0x578d</value>
         <object_component_ref idref="oc-2e3"/>
      </symbol>
      <symbol id="sm-623">
         <name>__aeabi_dcmple</name>
         <value>0x57a1</value>
         <object_component_ref idref="oc-2e3"/>
      </symbol>
      <symbol id="sm-624">
         <name>__aeabi_dcmpge</name>
         <value>0x57b5</value>
         <object_component_ref idref="oc-2e3"/>
      </symbol>
      <symbol id="sm-625">
         <name>__aeabi_dcmpgt</name>
         <value>0x57c9</value>
         <object_component_ref idref="oc-2e3"/>
      </symbol>
      <symbol id="sm-62b">
         <name>__aeabi_fcmpeq</name>
         <value>0x57dd</value>
         <object_component_ref idref="oc-128"/>
      </symbol>
      <symbol id="sm-62c">
         <name>__aeabi_fcmplt</name>
         <value>0x57f1</value>
         <object_component_ref idref="oc-128"/>
      </symbol>
      <symbol id="sm-62d">
         <name>__aeabi_fcmple</name>
         <value>0x5805</value>
         <object_component_ref idref="oc-128"/>
      </symbol>
      <symbol id="sm-62e">
         <name>__aeabi_fcmpge</name>
         <value>0x5819</value>
         <object_component_ref idref="oc-128"/>
      </symbol>
      <symbol id="sm-62f">
         <name>__aeabi_fcmpgt</name>
         <value>0x582d</value>
         <object_component_ref idref="oc-128"/>
      </symbol>
      <symbol id="sm-635">
         <name>__aeabi_idiv</name>
         <value>0x5a11</value>
         <object_component_ref idref="oc-31d"/>
      </symbol>
      <symbol id="sm-636">
         <name>__aeabi_idivmod</name>
         <value>0x5a11</value>
         <object_component_ref idref="oc-31d"/>
      </symbol>
      <symbol id="sm-63c">
         <name>__aeabi_memcpy</name>
         <value>0x7129</value>
         <object_component_ref idref="oc-54"/>
      </symbol>
      <symbol id="sm-63d">
         <name>__aeabi_memcpy4</name>
         <value>0x7129</value>
         <object_component_ref idref="oc-54"/>
      </symbol>
      <symbol id="sm-63e">
         <name>__aeabi_memcpy8</name>
         <value>0x7129</value>
         <object_component_ref idref="oc-54"/>
      </symbol>
      <symbol id="sm-647">
         <name>__aeabi_memset</name>
         <value>0x7095</value>
         <object_component_ref idref="oc-322"/>
      </symbol>
      <symbol id="sm-648">
         <name>__aeabi_memset4</name>
         <value>0x7095</value>
         <object_component_ref idref="oc-322"/>
      </symbol>
      <symbol id="sm-649">
         <name>__aeabi_memset8</name>
         <value>0x7095</value>
         <object_component_ref idref="oc-322"/>
      </symbol>
      <symbol id="sm-64a">
         <name>__aeabi_memclr</name>
         <value>0x5405</value>
         <object_component_ref idref="oc-7a"/>
      </symbol>
      <symbol id="sm-64b">
         <name>__aeabi_memclr4</name>
         <value>0x5405</value>
         <object_component_ref idref="oc-7a"/>
      </symbol>
      <symbol id="sm-64c">
         <name>__aeabi_memclr8</name>
         <value>0x5405</value>
         <object_component_ref idref="oc-7a"/>
      </symbol>
      <symbol id="sm-652">
         <name>__aeabi_uidiv</name>
         <value>0x5f35</value>
         <object_component_ref idref="oc-228"/>
      </symbol>
      <symbol id="sm-653">
         <name>__aeabi_uidivmod</name>
         <value>0x5f35</value>
         <object_component_ref idref="oc-228"/>
      </symbol>
      <symbol id="sm-659">
         <name>__aeabi_uldivmod</name>
         <value>0x6fe5</value>
         <object_component_ref idref="oc-337"/>
      </symbol>
      <symbol id="sm-662">
         <name>__eqsf2</name>
         <value>0x619d</value>
         <object_component_ref idref="oc-1bc"/>
      </symbol>
      <symbol id="sm-663">
         <name>__lesf2</name>
         <value>0x619d</value>
         <object_component_ref idref="oc-1bc"/>
      </symbol>
      <symbol id="sm-664">
         <name>__ltsf2</name>
         <value>0x619d</value>
         <object_component_ref idref="oc-1bc"/>
      </symbol>
      <symbol id="sm-665">
         <name>__nesf2</name>
         <value>0x619d</value>
         <object_component_ref idref="oc-1bc"/>
      </symbol>
      <symbol id="sm-666">
         <name>__cmpsf2</name>
         <value>0x619d</value>
         <object_component_ref idref="oc-1bc"/>
      </symbol>
      <symbol id="sm-667">
         <name>__gtsf2</name>
         <value>0x6125</value>
         <object_component_ref idref="oc-1c1"/>
      </symbol>
      <symbol id="sm-668">
         <name>__gesf2</name>
         <value>0x6125</value>
         <object_component_ref idref="oc-1c1"/>
      </symbol>
      <symbol id="sm-66e">
         <name>__udivmoddi4</name>
         <value>0x4a31</value>
         <object_component_ref idref="oc-36e"/>
      </symbol>
      <symbol id="sm-674">
         <name>__aeabi_llsl</name>
         <value>0x6981</value>
         <object_component_ref idref="oc-394"/>
      </symbol>
      <symbol id="sm-675">
         <name>__ashldi3</name>
         <value>0x6981</value>
         <object_component_ref idref="oc-394"/>
      </symbol>
      <symbol id="sm-683">
         <name>__ledf2</name>
         <value>0x55d9</value>
         <object_component_ref idref="oc-349"/>
      </symbol>
      <symbol id="sm-684">
         <name>__gedf2</name>
         <value>0x5569</value>
         <object_component_ref idref="oc-34f"/>
      </symbol>
      <symbol id="sm-685">
         <name>__cmpdf2</name>
         <value>0x55d9</value>
         <object_component_ref idref="oc-349"/>
      </symbol>
      <symbol id="sm-686">
         <name>__eqdf2</name>
         <value>0x55d9</value>
         <object_component_ref idref="oc-349"/>
      </symbol>
      <symbol id="sm-687">
         <name>__ltdf2</name>
         <value>0x55d9</value>
         <object_component_ref idref="oc-349"/>
      </symbol>
      <symbol id="sm-688">
         <name>__nedf2</name>
         <value>0x55d9</value>
         <object_component_ref idref="oc-349"/>
      </symbol>
      <symbol id="sm-689">
         <name>__gtdf2</name>
         <value>0x5569</value>
         <object_component_ref idref="oc-34f"/>
      </symbol>
      <symbol id="sm-696">
         <name>__aeabi_idiv0</name>
         <value>0x4ad3</value>
         <object_component_ref idref="oc-300"/>
      </symbol>
      <symbol id="sm-697">
         <name>__aeabi_ldiv0</name>
         <value>0x4c9f</value>
         <object_component_ref idref="oc-393"/>
      </symbol>
      <symbol id="sm-6a0">
         <name>TI_memcpy_small</name>
         <value>0x702f</value>
         <object_component_ref idref="oc-155"/>
      </symbol>
      <symbol id="sm-6a9">
         <name>TI_memset_small</name>
         <value>0x70bf</value>
         <object_component_ref idref="oc-1a6"/>
      </symbol>
      <symbol id="sm-6aa">
         <name>__TI_static_base__</name>
         <value>0x0</value>
      </symbol>
      <symbol id="sm-6ae">
         <name>__mpu_init</name>
         <value>0x0</value>
      </symbol>
      <symbol id="sm-6af">
         <name>_system_post_cinit</name>
         <value>0x0</value>
      </symbol>
   </symbol_table>
   <title>Link successful</title>
</link_info>
