******************************************************************************
            TI ARM Clang Linker PC v3.2.2                      
******************************************************************************
>> Linked Sun Jul 28 19:01:22 2024

OUTPUT FILE NAME:   <empty_LP_MSPM0G3507_nortos_ticlang.out>
ENTRY POINT SYMBOL: "_c_int00_noargs"  address: 00006765


MEMORY CONFIGURATION

         name            origin    length      used     unused   attr    fill
----------------------  --------  ---------  --------  --------  ----  --------
  FLASH                 00000000   00020000  00008988  00017678  R  X
  SRAM                  20200000   00008000  00000921  000076df  RW X
  BCR_CONFIG            41c00000   00000080  00000000  00000080  R   
  BSL_CONFIG            41c00100   00000080  00000000  00000080  R   


SEGMENT ALLOCATION MAP

run origin  load origin   length   init length attrs members
----------  ----------- ---------- ----------- ----- -------
00000000    00000000    00008988   00008988    r-x
  00000000    00000000    000000c0   000000c0    r-- .intvecs
  000000c0    000000c0    000070d0   000070d0    r-x .text
  00007190    00007190    00001750   00001750    r-- .rodata
  000088e0    000088e0    000000a8   000000a8    r-- .cinit
20200000    20200000    00000724   00000000    rw-
  20200000    20200000    00000515   00000000    rw- .bss
  20200518    20200518    0000020c   00000000    rw- .data
20207e00    20207e00    00000200   00000000    rw-
  20207e00    20207e00    00000200   00000000    rw- .stack


SECTION ALLOCATION MAP

 output                                  attributes/
section   page    origin      length       input sections
--------  ----  ----------  ----------   ----------------
.intvecs   0    00000000    000000c0     
                  00000000    000000c0     startup_mspm0g350x_ticlang.o (.intvecs)

.text      0    000000c0    000070d0     
                  000000c0    00000888     libc.a : _printfi.c.obj (.text:__TI_printfi_nofloat)
                  00000948    00000370            : e_asin.c.obj (.text.asin)
                  00000cb8    000002f8            : s_atan.c.obj (.text.atan)
                  00000fb0    00000278     inv_mpu_dmp_motion_driver.o (.text.dmp_enable_feature)
                  00001228    00000238     inv_mpu_dmp_motion_driver.o (.text.dmp_set_tap_thresh)
                  00001460    00000220     inv_mpu.o (.text.mpu_reset_fifo)
                  00001680    00000214     inv_mpu.o (.text.mpu_dmp_get_data)
                  00001894    00000214     inv_mpu.o (.text.mpu_init)
                  00001aa8    00000210     Timer.o (.text.TIMA1_IRQHandler)
                  00001cb8    000001f4     inv_mpu_dmp_motion_driver.o (.text.dmp_read_fifo)
                  00001eac    000001d8     ti_msp_dl_config.o (.text.SYSCFG_DL_GPIO_init)
                  00002084    000001a0     inv_mpu.o (.text.mpu_set_bypass)
                  00002224    00000198     OLED.o (.text.OLED_ShowChar)
                  000023bc    00000198     libc.a : e_atan2.c.obj (.text.atan2)
                  00002554    00000192     libclang_rt.builtins.a : adddf3.S.obj (.text.adddf3_subdf3)
                  000026e6    00000002     OLED.o (.text.OLED_I2C_Init)
                  000026e8    00000184     libc.a : e_sqrt.c.obj (.text.sqrt)
                  0000286c    0000017c     empty.o (.text.main)
                  000029e8    00000178     inv_mpu_dmp_motion_driver.o (.text.dmp_set_orientation)
                  00002b60    0000016c     uart.o (.text.UART0_IRQHandler)
                  00002ccc    00000134     bsp_mpu6050.o (.text.MPU6050_ReadData)
                  00002e00    00000130     inv_mpu.o (.text.mpu_set_sensors)
                  00002f30    0000012c     bsp_mpu6050.o (.text.I2C1_IRQHandler)
                  0000305c    0000012c     ti_msp_dl_config.o (.text.SYSCFG_DL_initPower)
                  00003188    00000124     bsp_mpu6050.o (.text.MPU6050_WriteReg)
                  000032ac    00000124     inv_mpu.o (.text.mpu_load_firmware)
                  000033d0    00000118     inv_mpu.o (.text.mpu_dmp_init)
                  000034e8    00000110     inv_mpu.o (.text.mpu_lp_accel_mode)
                  000035f8    0000010c     libclang_rt.builtins.a : divdf3.S.obj (.text.__divdf3)
                  00003704    00000108     inv_mpu.o (.text.mpu_read_fifo_stream)
                  0000380c    00000100     pid.o (.text.LocationPID_change)
                  0000390c    000000f4     pid.o (.text.PID_straight_value)
                  00003a00    000000f4     pid.o (.text.X_PID_X_value)
                  00003af4    000000f4     pid.o (.text.Y_PID_X_value)
                  00003be8    000000ec     inv_mpu.o (.text.mpu_set_sample_rate)
                  00003cd4    000000e8     driverlib.a : dl_timer.o (.text.DL_Timer_initTimerMode)
                  00003dbc    000000e8     OLED.o (.text.OLED_ShowNum)
                  00003ea4    000000e4     libclang_rt.builtins.a : muldf3.S.obj (.text.__muldf3)
                  00003f88    000000e4     inv_mpu.o (.text.mpu_set_accel_fsr)
                  0000406c    000000d8     libclang_rt.builtins.a : addsf3.S.obj (.text)
                  00004144    000000d4     inv_mpu.o (.text.set_int_enable)
                  00004218    000000d0     inv_mpu.o (.text.mpu_set_lpf)
                  000042e8    000000ce     bsp_mpu6050.o (.text.MPU6050_Init)
                  000043b6    00000002     ti_msp_dl_config.o (.text.SYSCFG_DL_DMA_init)
                  000043b8    000000c4     driverlib.a : dl_timer.o (.text.DL_Timer_initPWMMode)
                  0000447c    000000c4     OLED.o (.text.OLED_Init)
                  00004540    000000c4     inv_mpu.o (.text.mpu_set_gyro_fsr)
                  00004604    000000bc     inv_mpu.o (.text.mpu_configure_fifo)
                  000046c0    000000b8     inv_mpu.o (.text.mpu_set_dmp_state)
                  00004778    000000b4     encoder.o (.text.GROUP1_IRQHandler)
                  0000482c    000000ac     PWM.o (.text.Turn_left)
                  000048d8    000000ac     inv_mpu.o (.text.mpu_read_mem)
                  00004984    000000ac     inv_mpu.o (.text.mpu_write_mem)
                  00004a30    000000a2     libclang_rt.builtins.a : udivmoddi4.S.obj (.text)
                  00004ad2    00000002                            : aeabi_div0.c.obj (.text.__aeabi_idiv0)
                  00004ad4    0000009c     inv_mpu.o (.text.mpu_set_int_latched)
                  00004b70    00000098     inv_mpu_dmp_motion_driver.o (.text.dmp_set_fifo_rate)
                  00004c08    00000096     inv_mpu.o (.text.inv_row_2_scale)
                  00004c9e    00000002     libclang_rt.builtins.a : aeabi_div0.c.obj (.text.__aeabi_ldiv0)
                  00004ca0    00000094     motor.o (.text.motor_set_L)
                  00004d34    00000094     motor.o (.text.motor_set_R)
                  00004dc8    00000090     pid.o (.text.IncrementalPID_update)
                  00004e58    00000090     bsp_mpu6050.o (.text.MPU_Set_LPF)
                  00004ee8    00000090     vofa.o (.text.VOFATransmit)
                  00004f78    0000008c     libclang_rt.builtins.a : mulsf3.S.obj (.text.__mulsf3)
                  00005004    0000008c     inv_mpu_dmp_motion_driver.o (.text.decode_gesture)
                  00005090    00000084     ti_msp_dl_config.o (.text.SYSCFG_DL_PWM_1_init)
                  00005114    00000084     ti_msp_dl_config.o (.text.SYSCFG_DL_PWM_2_init)
                  00005198    00000082     libclang_rt.builtins.a : divsf3.S.obj (.text.__divsf3)
                  0000521a    00000002     libc.a : _lock.c.obj (.text._nop)
                  0000521c    00000080     ti_msp_dl_config.o (.text.SYSCFG_DL_PWM_0_init)
                  0000529c    0000007c     ti_msp_dl_config.o (.text.SYSCFG_DL_init)
                  00005318    00000078     libc.a : copy_decompress_lzss.c.obj (.text:decompress:lzss)
                  00005390    00000074     OLED.o (.text.I2C_WriteByte)
                  00005404    0000000c     libclang_rt.builtins.a : aeabi_memset.S.obj (.text.__aeabi_memclr)
                  00005410    00000074                            : truncdfsf2.S.obj (.text.__truncdfsf2)
                  00005484    00000074     inv_mpu.o (.text.mpu_get_accel_fsr)
                  000054f8    00000070     bsp_mpu6050.o (.text.MPU_Set_Rate)
                  00005568    00000070     libclang_rt.builtins.a : comparedf2.c.obj (.text.__gedf2)
                  000055d8    0000006c                            : comparedf2.c.obj (.text.__ledf2)
                  00005644    00000068     OLED.o (.text.OLED_Fill)
                  000056ac    00000066     inv_mpu_dmp_motion_driver.o (.text.dmp_set_tap_axes)
                  00005712    00000002     --HOLE-- [fill = 0]
                  00005714    00000064     ti_msp_dl_config.o (.text.SYSCFG_DL_I2C_MPU6050_init)
                  00005778    00000062     libclang_rt.builtins.a : aeabi_dcmp.S.obj (.text.__aeabi_dcmp)
                  000057da    00000002     --HOLE-- [fill = 0]
                  000057dc    00000062                            : aeabi_fcmp.S.obj (.text.__aeabi_fcmp)
                  0000583e    00000002     --HOLE-- [fill = 0]
                  00005840    00000060     inv_mpu_dmp_motion_driver.o (.text.dmp_enable_gyro_cal)
                  000058a0    0000005e     driverlib.a : dl_i2c.o (.text.DL_I2C_fillControllerTXFIFO)
                  000058fe    00000002     --HOLE-- [fill = 0]
                  00005900    0000005c     bsp_mpu6050.o (.text.MPU6050ReadID)
                  0000595c    0000005c     libc.a : printf.c.obj (.text.printf)
                  000059b8    00000058     ti_msp_dl_config.o (.text.SYSCFG_DL_I2C_0_init)
                  00005a10    00000056     libclang_rt.builtins.a : aeabi_idivmod.S.obj (.text.__aeabi_idivmod)
                  00005a66    00000002     --HOLE-- [fill = 0]
                  00005a68    00000050     OLED.o (.text.DL_I2C_startControllerTransfer)
                  00005ab8    00000050     bsp_mpu6050.o (.text.DL_I2C_startControllerTransfer)
                  00005b08    00000050     board.o (.text.fputs)
                  00005b58    0000004c     ti_msp_dl_config.o (.text.DL_UART_setBaudRateDivisor)
                  00005ba4    0000004a     ti_msp_dl_config.o (.text.DL_ADC12_configConversionMem)
                  00005bee    00000002     --HOLE-- [fill = 0]
                  00005bf0    00000048     driverlib.a : dl_uart.o (.text.DL_UART_init)
                  00005c38    00000048     ti_msp_dl_config.o (.text.SYSCFG_DL_UART_0_init)
                  00005c80    00000048     ti_msp_dl_config.o (.text.SYSCFG_DL_UART_1_init)
                  00005cc8    00000048     ti_msp_dl_config.o (.text.SYSCFG_DL_UART_2_init)
                  00005d10    00000048     ti_msp_dl_config.o (.text.SYSCFG_DL_UART_3_init)
                  00005d58    00000048     inv_mpu_dmp_motion_driver.o (.text.dmp_enable_6x_lp_quat)
                  00005da0    00000048     inv_mpu_dmp_motion_driver.o (.text.dmp_enable_lp_quat)
                  00005de8    00000044     PWM.o (.text.Left)
                  00005e2c    00000044     inv_mpu_dmp_motion_driver.o (.text.dmp_set_shake_reject_thresh)
                  00005e70    00000044     inv_mpu_dmp_motion_driver.o (.text.dmp_set_tap_count)
                  00005eb4    00000040     driverlib.a : dl_adc12.o (.text.DL_ADC12_setClockConfig)
                  00005ef4    00000040     vofa.o (.text.VOFAFloat2Byte)
                  00005f34    00000040     libclang_rt.builtins.a : aeabi_uidivmod.S.obj (.text.__aeabi_uidivmod)
                  00005f74    00000040                            : extendsfdf2.S.obj (.text.__extendsfdf2)
                  00005fb4    00000040     libc.a : atoi.c.obj (.text.atoi)
                  00005ff4    0000003e     inv_mpu.o (.text.inv_orientation_matrix_to_scalar)
                  00006032    00000002     --HOLE-- [fill = 0]
                  00006034    0000003c     ti_msp_dl_config.o (.text.DL_GPIO_initPeripheralInputFunctionFeatures)
                  00006070    0000003c     PWM.o (.text.Reset_move)
                  000060ac    0000003c     PWM.o (.text.Restart_move)
                  000060e8    0000003c     libclang_rt.builtins.a : floatsisf.S.obj (.text.__floatsisf)
                  00006124    0000003c                            : comparesf2.S.obj (.text.__gtsf2)
                  00006160    0000003c     libc.a : autoinit.c.obj (.text:__TI_auto_init_nobinit_nopinit)
                  0000619c    0000003a     libclang_rt.builtins.a : comparesf2.S.obj (.text.__eqsf2)
                  000061d6    00000002     --HOLE-- [fill = 0]
                  000061d8    0000003a                            : muldsi3.S.obj (.text.__muldsi3)
                  00006212    00000002     --HOLE-- [fill = 0]
                  00006214    00000038     ti_msp_dl_config.o (.text.SYSCFG_DL_ADC12_1_init)
                  0000624c    00000038     libclang_rt.builtins.a : fixsfsi.S.obj (.text.__fixsfsi)
                  00006284    00000036     OLED.o (.text.OLED_Set_Pos)
                  000062ba    00000002     --HOLE-- [fill = 0]
                  000062bc    00000034     ti_msp_dl_config.o (.text.SYSCFG_DL_ADC12_0_init)
                  000062f0    00000034     ti_msp_dl_config.o (.text.SYSCFG_DL_TIMER_0_init)
                  00006324    00000034     ti_msp_dl_config.o (.text.SYSCFG_DL_TIMER_1_init)
                  00006358    00000034     ti_msp_dl_config.o (.text.SYSCFG_DL_TIMER_2_init)
                  0000638c    00000034     vofa.o (.text.VOFATrail)
                  000063c0    00000032     libclang_rt.builtins.a : fixunssfsi.S.obj (.text.__fixunssfsi)
                  000063f2    00000032     inv_mpu_dmp_motion_driver.o (.text.dmp_set_shake_reject_time)
                  00006424    00000032     inv_mpu_dmp_motion_driver.o (.text.dmp_set_shake_reject_timeout)
                  00006456    00000002     --HOLE-- [fill = 0]
                  00006458    00000030     PWM.o (.text.Reset)
                  00006488    00000030     inv_mpu_dmp_motion_driver.o (.text.dmp_set_tap_time)
                  000064b8    00000030     inv_mpu_dmp_motion_driver.o (.text.dmp_set_tap_time_multi)
                  000064e8    00000030     OLED.o (.text.oled_pow)
                  00006518    0000002c     board.o (.text.__NVIC_ClearPendingIRQ)
                  00006544    0000002c     uart.o (.text.__NVIC_ClearPendingIRQ)
                  00006570    0000002c     KEY.o (.text.__NVIC_EnableIRQ)
                  0000659c    0000002c     Timer.o (.text.__NVIC_EnableIRQ)
                  000065c8    0000002c     board.o (.text.__NVIC_EnableIRQ)
                  000065f4    0000002c     uart.o (.text.__NVIC_EnableIRQ)
                  00006620    0000002a     ti_msp_dl_config.o (.text.SYSCFG_DL_SYSCTL_init)
                  0000664a    00000028     OLED.o (.text.DL_Common_updateReg)
                  00006672    00000028     bsp_mpu6050.o (.text.DL_Common_updateReg)
                  0000669a    00000028     ti_msp_dl_config.o (.text.DL_Common_updateReg)
                  000066c2    00000002     --HOLE-- [fill = 0]
                  000066c4    00000028     ti_msp_dl_config.o (.text.DL_I2C_setControllerRXFIFOThreshold)
                  000066ec    00000028     ti_msp_dl_config.o (.text.DL_I2C_setControllerTXFIFOThreshold)
                  00006714    00000028     Timer.o (.text.TIMG0_IRQHandler)
                  0000673c    00000028     libclang_rt.builtins.a : floatunsisf.S.obj (.text.__floatunsisf)
                  00006764    00000028     libc.a : boot_cortex_m.c.obj (.text:_c_int00_noargs)
                  0000678c    00000026     ti_msp_dl_config.o (.text.DL_I2C_setAnalogGlitchFilterPulseWidth)
                  000067b2    00000026     driverlib.a : dl_i2c.o (.text.DL_I2C_setClockConfig)
                  000067d8    00000024     libclang_rt.builtins.a : muldi3.S.obj (.text.__muldi3)
                  000067fc    00000022     board.o (.text.Delay_ms)
                  0000681e    00000022     pid.o (.text.IncrementalPID_init)
                  00006840    00000022     Delay.o (.text.delay_ms)
                  00006862    00000022     libc.a : memccpy.c.obj (.text.memccpy)
                  00006884    00000020     ti_msp_dl_config.o (.text.DL_GPIO_initPeripheralInputFunction)
                  000068a4    00000020     driverlib.a : dl_uart.o (.text.DL_UART_transmitDataBlocking)
                  000068c4    00000020     libc.a : memcmp.c.obj (.text.memcmp)
                  000068e4    00000020     motor.o (.text.motor_speed_L)
                  00006904    00000020     motor.o (.text.motor_speed_R)
                  00006924    0000001e     ti_msp_dl_config.o (.text.DL_UART_setOversampling)
                  00006942    0000001e     bsp_mpu6050.o (.text.MPU_Set_Accel_Fsr)
                  00006960    0000001e     bsp_mpu6050.o (.text.MPU_Set_Gyro_Fsr)
                  0000697e    00000002     --HOLE-- [fill = 0]
                  00006980    0000001e     libclang_rt.builtins.a : ashldi3.S.obj (.text.__ashldi3)
                  0000699e    00000002     --HOLE-- [fill = 0]
                  000069a0    0000001c     encoder.o (.text.DL_GPIO_clearInterruptStatus)
                  000069bc    0000001c     ti_msp_dl_config.o (.text.DL_GPIO_clearInterruptStatus)
                  000069d8    0000001c     ti_msp_dl_config.o (.text.DL_GPIO_enableHiZ)
                  000069f4    0000001c     ti_msp_dl_config.o (.text.DL_GPIO_enableInterrupt)
                  00006a10    0000001c     ti_msp_dl_config.o (.text.DL_GPIO_initDigitalInput)
                  00006a2c    0000001c     ti_msp_dl_config.o (.text.DL_GPIO_initPeripheralOutputFunction)
                  00006a48    0000001c     ti_msp_dl_config.o (.text.DL_GPIO_setLowerPinsPolarity)
                  00006a64    0000001c     bsp_mpu6050.o (.text.DL_I2C_disableInterrupt)
                  00006a80    0000001c     bsp_mpu6050.o (.text.DL_I2C_enableInterrupt)
                  00006a9c    0000001c     ti_msp_dl_config.o (.text.DL_I2C_enableInterrupt)
                  00006ab8    0000001c     bsp_mpu6050.o (.text.DL_I2C_isControllerRXFIFOEmpty)
                  00006ad4    0000001c     ti_msp_dl_config.o (.text.DL_SYSCTL_setMCLKDivider)
                  00006af0    0000001c     ti_msp_dl_config.o (.text.DL_SYSCTL_setSYSOSCFreq)
                  00006b0c    0000001c     ti_msp_dl_config.o (.text.DL_SYSCTL_setULPCLKDivider)
                  00006b28    0000001c     ti_msp_dl_config.o (.text.DL_Timer_enableInterrupt)
                  00006b44    0000001c     driverlib.a : dl_timer.o (.text.DL_Timer_setCaptCompUpdateMethod)
                  00006b60    0000001c                 : dl_timer.o (.text.DL_Timer_setClockConfig)
                  00006b7c    0000001c     ti_msp_dl_config.o (.text.DL_UART_enableInterrupt)
                  00006b98    0000001c     board.o (.text.board_init)
                  00006bb4    0000001c     inv_mpu_dmp_motion_driver.o (.text.dmp_load_motion_driver_firmware)
                  00006bd0    0000001c     board.o (.text.fputc)
                  00006bec    00000018     ti_msp_dl_config.o (.text.DL_ADC12_enablePower)
                  00006c04    00000018     ti_msp_dl_config.o (.text.DL_ADC12_reset)
                  00006c1c    00000018     ti_msp_dl_config.o (.text.DL_GPIO_enableOutput)
                  00006c34    00000018     ti_msp_dl_config.o (.text.DL_GPIO_enablePower)
                  00006c4c    00000018     encoder.o (.text.DL_GPIO_getEnabledInterruptStatus)
                  00006c64    00000018     ti_msp_dl_config.o (.text.DL_GPIO_initDigitalOutput)
                  00006c7c    00000018     ti_msp_dl_config.o (.text.DL_GPIO_reset)
                  00006c94    00000018     PWM.o (.text.DL_GPIO_setPins)
                  00006cac    00000018     motor.o (.text.DL_GPIO_setPins)
                  00006cc4    00000018     ti_msp_dl_config.o (.text.DL_GPIO_setUpperPinsPolarity)
                  00006cdc    00000018     Timer.o (.text.DL_GPIO_togglePins)
                  00006cf4    00000018     ti_msp_dl_config.o (.text.DL_I2C_enableAnalogGlitchFilter)
                  00006d0c    00000018     ti_msp_dl_config.o (.text.DL_I2C_enableController)
                  00006d24    00000018     ti_msp_dl_config.o (.text.DL_I2C_enableControllerClockStretching)
                  00006d3c    00000018     ti_msp_dl_config.o (.text.DL_I2C_enablePower)
                  00006d54    00000018     ti_msp_dl_config.o (.text.DL_I2C_reset)
                  00006d6c    00000018     ti_msp_dl_config.o (.text.DL_I2C_setTimerPeriod)
                  00006d84    00000018     ti_msp_dl_config.o (.text.DL_SYSCTL_setBORThreshold)
                  00006d9c    00000018     ti_msp_dl_config.o (.text.DL_Timer_enablePower)
                  00006db4    00000018     ti_msp_dl_config.o (.text.DL_Timer_reset)
                  00006dcc    00000018     driverlib.a : dl_timer.o (.text.DL_Timer_setCaptureCompareOutCtl)
                  00006de4    00000018     Timer.o (.text.DL_Timer_startCounter)
                  00006dfc    00000018     ti_msp_dl_config.o (.text.DL_UART_enablePower)
                  00006e14    00000018     vofa.o (.text.DL_UART_isTXFIFOFull)
                  00006e2c    00000018     ti_msp_dl_config.o (.text.DL_UART_reset)
                  00006e44    00000016     ti_msp_dl_config.o (.text.DL_ADC12_enableConversions)
                  00006e5a    00000016     encoder.o (.text.DL_GPIO_readPins)
                  00006e70    00000016     ti_msp_dl_config.o (.text.DL_UART_enable)
                  00006e86    00000016     vofa.o (.text.DL_UART_transmitData)
                  00006e9c    00000016     OLED.o (.text.OLED_WR_CMD)
                  00006eb2    00000016     OLED.o (.text.OLED_WR_DATA)
                  00006ec8    00000016     uart.o (.text.uart0_init)
                  00006ede    00000014     PWM.o (.text.DL_GPIO_clearPins)
                  00006ef2    00000014     motor.o (.text.DL_GPIO_clearPins)
                  00006f06    00000014     ti_msp_dl_config.o (.text.DL_GPIO_clearPins)
                  00006f1a    00000002     --HOLE-- [fill = 0]
                  00006f1c    00000014     OLED.o (.text.DL_I2C_getControllerStatus)
                  00006f30    00000014     bsp_mpu6050.o (.text.DL_I2C_getControllerStatus)
                  00006f44    00000014     bsp_mpu6050.o (.text.DL_I2C_receiveControllerData)
                  00006f58    00000014     ti_msp_dl_config.o (.text.DL_I2C_resetControllerTransfer)
                  00006f6c    00000014     ti_msp_dl_config.o (.text.DL_SYSCTL_disableSYSPLL)
                  00006f80    00000014     ti_msp_dl_config.o (.text.DL_Timer_enableClock)
                  00006f94    00000014     ti_msp_dl_config.o (.text.DL_Timer_setCCPDirection)
                  00006fa8    00000014     uart.o (.text.DL_UART_receiveData)
                  00006fbc    00000014     Timer.o (.text.Timer_A1_init)
                  00006fd0    00000014     Timer.o (.text.Timer_A2_init)
                  00006fe4    00000014     libclang_rt.builtins.a : aeabi_uldivmod.S.obj (.text.__aeabi_uldivmod)
                  00006ff8    00000012     bsp_mpu6050.o (.text.DL_I2C_getPendingInterrupt)
                  0000700a    00000012     uart.o (.text.DL_UART_getPendingInterrupt)
                  0000701c    00000012     driverlib.a : dl_uart.o (.text.DL_UART_setClockConfig)
                  0000702e    00000012     libc.a : memcpy16.S.obj (.text:TI_memcpy_small)
                  00007040    00000012            : copy_decompress_none.c.obj (.text:decompress:none)
                  00007052    00000002     --HOLE-- [fill = 0]
                  00007054    00000010     ti_msp_dl_config.o (.text.DL_SYSCTL_disableHFXT)
                  00007064    00000010     driverlib.a : dl_timer.o (.text.DL_Timer_setCaptureCompareValue)
                  00007074    00000010     libc.a : wcslen.c.obj (.text.wcslen)
                  00007084    00000010            : copy_zero_init.c.obj (.text:decompress:ZI)
                  00007094    0000000e     libclang_rt.builtins.a : aeabi_memset.S.obj (.text.__aeabi_memset)
                  000070a2    0000000e     libc.a : _printfi.c.obj (.text.strlen)
                  000070b0    0000000e            : strlen.c.obj (.text.strlen)
                  000070be    0000000e            : memset16.S.obj (.text:TI_memset_small)
                  000070cc    0000000a     driverlib.a : dl_common.o (.text.DL_Common_delayCycles)
                  000070d6    0000000a     KEY.o (.text.EXTI_Init)
                  000070e0    0000000a     OLED.o (.text.OLED_CLS)
                  000070ea    0000000a     libc.a : e_asin.c.obj (.text.OUTLINED_FUNCTION_0)
                  000070f4    00000010     libclang_rt.builtins.a : muldf3.S.obj (.tramp.__aeabi_dmul.1)
                  00007104    0000000a     libc.a : s_atan.c.obj (.text.OUTLINED_FUNCTION_0)
                  0000710e    0000000a            : e_asin.c.obj (.text.OUTLINED_FUNCTION_1)
                  00007118    00000008            : s_atan.c.obj (.text.OUTLINED_FUNCTION_2)
                  00007120    00000008            : aeabi_portable.c.obj (.text.__aeabi_errno_addr)
                  00007128    00000008     libclang_rt.builtins.a : aeabi_memcpy.S.obj (.text.__aeabi_memcpy)
                  00007130    00000008     libc.a : printf.c.obj (.text._outc)
                  00007138    00000008            : printf.c.obj (.text._outs)
                  00007140    00000008     inv_mpu.o (.text.mget_ms)
                  00007148    00000006     libc.a : s_atan.c.obj (.text.OUTLINED_FUNCTION_1)
                  0000714e    00000002     --HOLE-- [fill = 0]
                  00007150    00000010     libclang_rt.builtins.a : adddf3.S.obj (.tramp.__aeabi_dadd.1)
                  00007160    00000006     libc.a : e_asin.c.obj (.text.OUTLINED_FUNCTION_2)
                  00007166    00000004     startup_mspm0g350x_ticlang.o (.text.Default_Handler)
                  0000716a    00000004     libc.a : e_asin.c.obj (.text.OUTLINED_FUNCTION_3)
                  0000716e    00000004     startup_mspm0g350x_ticlang.o (.text.Reset_Handler)
                  00007172    00000002     --HOLE-- [fill = 0]
                  00007174    00000010     libc.a : boot_cortex_m.c.obj (.tramp._c_int00_noargs.1)
                  00007184    00000004            : pre_init.c.obj (.text._system_pre_init)
                  00007188    00000004            : exit.c.obj (.text:abort)
                  0000718c    00000004     --HOLE-- [fill = 0]

.cinit     0    000088e0    000000a8     
                  000088e0    00000083     (.cinit..data.load) [load image, compression = lzss]
                  00008963    00000001     --HOLE-- [fill = 0]
                  00008964    0000000c     (__TI_handler_table)
                  00008970    00000008     (.cinit..bss.load) [load image, compression = zero_init]
                  00008978    00000010     (__TI_cinit_table)

.rodata    0    00007190    00001750     
                  00007190    00000bf6     inv_mpu_dmp_motion_driver.o (.rodata.dmp_memory)
                  00007d86    000005f0     OLED.o (.rodata.F8X16)
                  00008376    00000228     OLED.o (.rodata.F6x8)
                  0000859e    00000002     ti_msp_dl_config.o (.rodata.gI2C_0ClockConfig)
                  000085a0    00000101     libc.a : aeabi_ctype.S.obj (.rodata:__aeabi_ctype_table_)
                  000086a1    0000004d     inv_mpu.o (.rodata.str1.71114022831903921901)
                  000086ee    00000002     ti_msp_dl_config.o (.rodata.gI2C_MPU6050ClockConfig)
                  000086f0    00000040     libc.a : s_atan.c.obj (.rodata.cst32)
                  00008730    00000028     inv_mpu.o (.rodata.test)
                  00008758    00000026     inv_mpu.o (.rodata.str1.164044180242022920951)
                  0000877e    0000001f     empty.o (.rodata.str1.92454112862644078121)
                  0000879d    0000001e     inv_mpu.o (.rodata.str1.77203182498072304761)
                  000087bb    0000001b     inv_mpu.o (.rodata.reg)
                  000087d6    00000002     ti_msp_dl_config.o (.rodata.gUART_0ClockConfig)
                  000087d8    00000014     ti_msp_dl_config.o (.rodata.gTIMER_0TimerConfig)
                  000087ec    00000014     ti_msp_dl_config.o (.rodata.gTIMER_1TimerConfig)
                  00008800    00000014     ti_msp_dl_config.o (.rodata.gTIMER_2TimerConfig)
                  00008814    00000012     bsp_mpu6050.o (.rodata.str1.97268196824245810751)
                  00008826    00000011     libc.a : _printfi.c.obj (.rodata.str1.11645776875810915891)
                  00008837    00000011            : _printfi.c.obj (.rodata.str1.44690500295887128011)
                  00008848    0000000c     inv_mpu.o (.rodata.hw)
                  00008854    0000000c     empty.o (.rodata.str1.162906114796922795351)
                  00008860    0000000a     ti_msp_dl_config.o (.rodata.gUART_0Config)
                  0000886a    0000000a     ti_msp_dl_config.o (.rodata.gUART_1Config)
                  00008874    0000000a     ti_msp_dl_config.o (.rodata.gUART_2Config)
                  0000887e    0000000a     ti_msp_dl_config.o (.rodata.gUART_3Config)
                  00008888    00000009     bsp_mpu6050.o (.rodata.str1.124051136785612178701)
                  00008891    00000003     ti_msp_dl_config.o (.rodata.gPWM_0ClockConfig)
                  00008894    00000008     ti_msp_dl_config.o (.rodata.gADC12_0ClockConfig)
                  0000889c    00000008     ti_msp_dl_config.o (.rodata.gADC12_1ClockConfig)
                  000088a4    00000008     ti_msp_dl_config.o (.rodata.gPWM_0Config)
                  000088ac    00000008     ti_msp_dl_config.o (.rodata.gPWM_1Config)
                  000088b4    00000008     ti_msp_dl_config.o (.rodata.gPWM_2Config)
                  000088bc    00000008     bsp_mpu6050.o (.rodata.str1.117714990168795398281)
                  000088c4    00000003     ti_msp_dl_config.o (.rodata.gPWM_1ClockConfig)
                  000088c7    00000003     ti_msp_dl_config.o (.rodata.gPWM_2ClockConfig)
                  000088ca    00000003     ti_msp_dl_config.o (.rodata.gTIMER_0ClockConfig)
                  000088cd    00000003     ti_msp_dl_config.o (.rodata.gTIMER_1ClockConfig)
                  000088d0    00000003     ti_msp_dl_config.o (.rodata.gTIMER_2ClockConfig)
                  000088d3    00000002     ti_msp_dl_config.o (.rodata.gUART_1ClockConfig)
                  000088d5    00000002     ti_msp_dl_config.o (.rodata.gUART_2ClockConfig)
                  000088d7    00000002     ti_msp_dl_config.o (.rodata.gUART_3ClockConfig)
                  000088d9    00000007     --HOLE-- [fill = 0]

.init_array 
*          0    00000000    00000000     UNINITIALIZED

.binit     0    00000000    00000000     

.bss       0    20200000    00000515     UNINITIALIZED
                  20200000    000000c8     (.common:USART1_RX_BUF_1)
                  202000c8    000000bc     (.common:gTIMER_0Backup)
                  20200184    000000bc     (.common:gTIMER_2Backup)
                  20200240    00000080     (.common:gRxPacket)
                  202002c0    00000080     (.common:gTxPacket)
                  20200340    00000078     (.common:gPWM_1Backup)
                  202003b8    00000078     (.common:gPWM_2Backup)
                  20200430    00000030     (.common:gUART_3Backup)
                  20200460    00000020     (.common:LF)
                  20200480    00000020     (.common:RT)
                  202004a0    0000001c     (.common:motor)
                  202004bc    00000004     (.common:X_x_out)
                  202004c0    00000004     (.common:Y_x_out)
                  202004c4    00000004     (.common:err_difference_straight)
                  202004c8    00000004     (.common:err_difference_x_x)
                  202004cc    00000004     (.common:err_difference_y_x)
                  202004d0    00000004     (.common:err_straight)
                  202004d4    00000004     (.common:err_sum_straight)
                  202004d8    00000004     (.common:err_sum_x_x)
                  202004dc    00000004     (.common:err_sum_y_x)
                  202004e0    00000004     (.common:err_x_x)
                  202004e4    00000004     (.common:err_y_x)
                  202004e8    00000004     (.common:gRxCount)
                  202004ec    00000004     (.common:gRxLen)
                  202004f0    00000004     (.common:gTxCount)
                  202004f4    00000004     (.common:gTxLen)
                  202004f8    00000004     (.common:last_err_straight)
                  202004fc    00000004     (.common:last_err_x_x)
                  20200500    00000004     (.common:last_err_y_x)
                  20200504    00000004     (.common:location_L)
                  20200508    00000004     (.common:location_R)
                  2020050c    00000004     (.common:straight_out)
                  20200510    00000001     (.common:USART1_NewData_1)
                  20200511    00000001     (.common:USART1_NewData_2)
                  20200512    00000001     (.common:USART1_NewData_3)
                  20200513    00000001     (.common:gI2cControllerStatus)
                  20200514    00000001     (.common:status)

.data      0    20200518    0000020c     UNINITIALIZED
                  20200518    000000f0     libc.a : defs.c.obj (.data._ftable)
                  20200608    0000002c     inv_mpu.o (.data.st)
                  20200634    00000010     inv_mpu_dmp_motion_driver.o (.data.dmp)
                  20200644    00000010     vofa.o (.data.transData)
                  20200654    00000009     inv_mpu.o (.data.gyro_orientation)
                  2020065d    00000001     uart.o (.data.RxState1_1)
                  2020065e    00000002     uart.o (.data.USART1_RX_STA_1)
                  20200660    00000004     Timer.o (.data.KD_L)
                  20200664    00000004     Timer.o (.data.KD_R)
                  20200668    00000004     Timer.o (.data.KI_L)
                  2020066c    00000004     Timer.o (.data.KI_R)
                  20200670    00000004     Timer.o (.data.KP_L)
                  20200674    00000004     Timer.o (.data.KP_R)
                  20200678    00000004     pid.o (.data.Kd_straight)
                  2020067c    00000004     pid.o (.data.Kd_turn)
                  20200680    00000004     pid.o (.data.Kd_x_v)
                  20200684    00000004     pid.o (.data.Kd_x_x)
                  20200688    00000004     pid.o (.data.Kd_y_v)
                  2020068c    00000004     pid.o (.data.Kd_y_x)
                  20200690    00000004     pid.o (.data.Ki_straight)
                  20200694    00000004     pid.o (.data.Ki_turn)
                  20200698    00000004     pid.o (.data.Ki_x_v)
                  2020069c    00000004     pid.o (.data.Ki_x_x)
                  202006a0    00000004     pid.o (.data.Ki_y_v)
                  202006a4    00000004     pid.o (.data.Ki_y_x)
                  202006a8    00000004     pid.o (.data.Kp_straight)
                  202006ac    00000004     pid.o (.data.Kp_turn)
                  202006b0    00000004     pid.o (.data.Kp_x_v)
                  202006b4    00000004     pid.o (.data.Kp_x_x)
                  202006b8    00000004     pid.o (.data.Kp_y_v)
                  202006bc    00000004     pid.o (.data.Kp_y_x)
                  202006c0    00000004     encoder.o (.data.M1_Enter_Is)
                  202006c4    00000004     encoder.o (.data.M2_Enter_Is)
                  202006c8    00000004     libc.a : aeabi_portable.c.obj (.data.__aeabi_errno)
                  202006cc    00000004            : _lock.c.obj (.data._lock)
                  202006d0    00000004            : _lock.c.obj (.data._unlock)
                  202006d4    00000004     Timer.o (.data.car_open)
                  202006d8    00000004     PWM.o (.data.counter_flag)
                  202006dc    00000004     encoder.o (.data.encoder1_num)
                  202006e0    00000004     encoder.o (.data.encoder2_num)
                  202006e4    00000004     uart.o (.data.high_rho)
                  202006e8    00000004     Timer.o (.data.location_flag_t)
                  202006ec    00000004     uart.o (.data.low_rho)
                  202006f0    00000004     empty.o (.data.pitch)
                  202006f4    00000004     empty.o (.data.roll)
                  202006f8    00000004     Timer.o (.data.speed_flag_t)
                  202006fc    00000004     Timer.o (.data.speed_now_LF)
                  20200700    00000004     Timer.o (.data.speed_now_rt)
                  20200704    00000004     Timer.o (.data.speed_out_LF)
                  20200708    00000004     Timer.o (.data.speed_out_rt)
                  2020070c    00000004     Timer.o (.data.state)
                  20200710    00000004     Timer.o (.data.stright_pid_out)
                  20200714    00000004     Timer.o (.data.target_location)
                  20200718    00000004     uart.o (.data.theta)
                  2020071c    00000004     PWM.o (.data.veer_flag)
                  20200720    00000004     empty.o (.data.yaw)

.stack     0    20207e00    00000200     UNINITIALIZED
                  20207e00    00000004     libc.a : boot_cortex_m.c.obj (.stack)
                  20207e04    000001fc     --HOLE--

__llvm_prf_cnts 
*          0    20200000    00000000     UNINITIALIZED

__llvm_prf_bits 
*          0    20200000    00000000     UNINITIALIZED

MODULE SUMMARY

       Module                         code    ro data   rw data
       ------                         ----    -------   -------
    .\
       ti_msp_dl_config.o             3430    170       664    
       empty.o                        380     43        21     
       startup_mspm0g350x_ticlang.o   8       192       0      
    +--+------------------------------+-------+---------+---------+
       Total:                         3818    405       685    
                                                               
    .\MPU6050\
       inv_mpu_dmp_motion_driver.o    3070    3062      16     
       inv_mpu.o                      5724    224       53     
       bsp_mpu6050.o                  1776    35        273    
       board.o                        258     0         0      
    +--+------------------------------+-------+---------+---------+
       Total:                         10828   3321      342    
                                                               
    .\MyCode\
       OLED.o                         1354    2072      0      
       pid.o                          1166    0         132    
       Timer.o                        700     0         128    
       uart.o                         512     0         218    
       PWM.o                          452     0         8      
       motor.o                        404     0         28     
       vofa.o                         306     0         16     
       encoder.o                      254     0         16     
       KEY.o                          54      0         0      
       Delay.o                        34      0         0      
    +--+------------------------------+-------+---------+---------+
       Total:                         5236    2072      546    
                                                               
    E:/Work/TI/ccs/mspm0_sdk_2_01_00_03/source/ti/driverlib/lib/ticlang/m0p/mspm0g1x0x_g3x0x/driverlib.a
       dl_timer.o                     524     0         0      
       dl_i2c.o                       132     0         0      
       dl_uart.o                      122     0         0      
       dl_adc12.o                     64      0         0      
       dl_common.o                    10      0         0      
    +--+------------------------------+-------+---------+---------+
       Total:                         852     0         0      
                                                               
    E:\Work\TI\ccs\ccs\tools\compiler\ti-cgt-armllvm_3.2.2.LTS\lib\armv6m-ti-none-eabi/c/libc.a
       _printfi.c.obj                 2198    34        0      
       e_asin.c.obj                   910     0         0      
       s_atan.c.obj                   784     64        0      
       e_atan2.c.obj                  408     0         0      
       e_sqrt.c.obj                   388     0         0      
       aeabi_ctype.S.obj              0       257       0      
       defs.c.obj                     0       0         240    
       copy_decompress_lzss.c.obj     120     0         0      
       printf.c.obj                   108     0         0      
       atoi.c.obj                     64      0         0      
       autoinit.c.obj                 60      0         0      
       boot_cortex_m.c.obj            56      0         0      
       memccpy.c.obj                  34      0         0      
       memcmp.c.obj                   32      0         0      
       copy_decompress_none.c.obj     18      0         0      
       memcpy16.S.obj                 18      0         0      
       copy_zero_init.c.obj           16      0         0      
       wcslen.c.obj                   16      0         0      
       memset16.S.obj                 14      0         0      
       strlen.c.obj                   14      0         0      
       aeabi_portable.c.obj           8       0         4      
       _lock.c.obj                    2       0         8      
       exit.c.obj                     4       0         0      
       pre_init.c.obj                 4       0         0      
    +--+------------------------------+-------+---------+---------+
       Total:                         5276    355       252    
                                                               
    E:\Work\TI\ccs\ccs\tools\compiler\ti-cgt-armllvm_3.2.2.LTS\lib\clang/15.0.7/lib/armv6m-ti-none-eabi/libclang_rt.builtins.a
       adddf3.S.obj                   418     0         0      
       divdf3.S.obj                   268     0         0      
       muldf3.S.obj                   244     0         0      
       comparedf2.c.obj               220     0         0      
       addsf3.S.obj                   216     0         0      
       udivmoddi4.S.obj               162     0         0      
       mulsf3.S.obj                   140     0         0      
       divsf3.S.obj                   130     0         0      
       comparesf2.S.obj               118     0         0      
       truncdfsf2.S.obj               116     0         0      
       aeabi_dcmp.S.obj               98      0         0      
       aeabi_fcmp.S.obj               98      0         0      
       aeabi_idivmod.S.obj            86      0         0      
       aeabi_uidivmod.S.obj           64      0         0      
       extendsfdf2.S.obj              64      0         0      
       floatsisf.S.obj                60      0         0      
       muldsi3.S.obj                  58      0         0      
       fixsfsi.S.obj                  56      0         0      
       fixunssfsi.S.obj               50      0         0      
       floatunsisf.S.obj              40      0         0      
       muldi3.S.obj                   36      0         0      
       ashldi3.S.obj                  30      0         0      
       aeabi_memset.S.obj             26      0         0      
       aeabi_uldivmod.S.obj           20      0         0      
       aeabi_memcpy.S.obj             8       0         0      
       aeabi_div0.c.obj               4       0         0      
    +--+------------------------------+-------+---------+---------+
       Total:                         2830    0         0      
                                                               
       Stack:                         0       0         512    
       Linker Generated:              0       167       0      
    +--+------------------------------+-------+---------+---------+
       Grand Total:                   28840   6320      2337   


LINKER GENERATED COPY TABLES

__TI_cinit_table @ 00008978 records: 2, size/record: 8, table size: 16
	.data: load addr=000088e0, load size=00000083 bytes, run addr=20200518, run size=0000020c bytes, compression=lzss
	.bss: load addr=00008970, load size=00000008 bytes, run addr=20200000, run size=00000515 bytes, compression=zero_init


LINKER GENERATED HANDLER TABLE

__TI_handler_table @ 00008964 records: 3, size/record: 4, table size: 12
	index: 0, handler: __TI_decompress_lzss
	index: 1, handler: __TI_decompress_none
	index: 2, handler: __TI_zero_init


FAR CALL TRAMPOLINES

callee name               trampoline name
   callee addr  tramp addr   call addr  call info
--------------  -----------  ---------  ----------------
__aeabi_dmul              $Tramp$TT$L$PI$$__aeabi_dmul
   00003ea5     000070f4     000070f2   libc.a : e_asin.c.obj (.text.OUTLINED_FUNCTION_0)
                             0000710c          : s_atan.c.obj (.text.OUTLINED_FUNCTION_0)
                             00007116          : e_asin.c.obj (.text.OUTLINED_FUNCTION_1)
                             0000711e          : s_atan.c.obj (.text.OUTLINED_FUNCTION_2)
                             00007164          : e_asin.c.obj (.text.OUTLINED_FUNCTION_2)
__aeabi_dadd              $Tramp$TT$L$PI$$__aeabi_dadd
   0000255f     00007150     0000714c   libc.a : s_atan.c.obj (.text.OUTLINED_FUNCTION_1)
                             0000716c          : e_asin.c.obj (.text.OUTLINED_FUNCTION_3)
_c_int00_noargs           $Tramp$TT$L$PI$$_c_int00_noargs
   00006765     00007174     0000716e   startup_mspm0g350x_ticlang.o (.text.Reset_Handler)

[3 trampolines]
[8 trampoline calls]


GLOBAL SYMBOLS: SORTED ALPHABETICALLY BY Name 

address   name                            
-------   ----                            
00007167  ADC0_IRQHandler                 
00007167  ADC1_IRQHandler                 
00007167  AES_IRQHandler                  
00007188  C$$EXIT                         
00007167  CANFD0_IRQHandler               
00007167  DAC0_IRQHandler                 
00005eb5  DL_ADC12_setClockConfig         
000070cd  DL_Common_delayCycles           
000058a1  DL_I2C_fillControllerTXFIFO     
000067b3  DL_I2C_setClockConfig           
000043b9  DL_Timer_initPWMMode            
00003cd5  DL_Timer_initTimerMode          
00006b45  DL_Timer_setCaptCompUpdateMethod
00006dcd  DL_Timer_setCaptureCompareOutCtl
00007065  DL_Timer_setCaptureCompareValue 
00006b61  DL_Timer_setClockConfig         
00005bf1  DL_UART_init                    
0000701d  DL_UART_setClockConfig          
000068a5  DL_UART_transmitDataBlocking    
00007167  DMA_IRQHandler                  
00007167  Default_Handler                 
000067fd  Delay_ms                        
000070d7  EXTI_Init                       
00008376  F6x8                            
00007d86  F8X16                           
00007167  GROUP0_IRQHandler               
00004779  GROUP1_IRQHandler               
00007167  HardFault_Handler               
00007167  I2C0_IRQHandler                 
00002f31  I2C1_IRQHandler                 
00005391  I2C_WriteByte                   
0000681f  IncrementalPID_init             
00004dc9  IncrementalPID_update           
20200660  KD_L                            
20200664  KD_R                            
20200668  KI_L                            
2020066c  KI_R                            
20200670  KP_L                            
20200674  KP_R                            
20200678  Kd_straight                     
2020067c  Kd_turn                         
20200680  Kd_x_v                          
20200684  Kd_x_x                          
20200688  Kd_y_v                          
2020068c  Kd_y_x                          
20200690  Ki_straight                     
20200694  Ki_turn                         
20200698  Ki_x_v                          
2020069c  Ki_x_x                          
202006a0  Ki_y_v                          
202006a4  Ki_y_x                          
202006a8  Kp_straight                     
202006ac  Kp_turn                         
202006b0  Kp_x_v                          
202006b4  Kp_x_x                          
202006b8  Kp_y_v                          
202006bc  Kp_y_x                          
20200460  LF                              
00005de9  Left                            
0000380d  LocationPID_change              
202006c0  M1_Enter_Is                     
202006c4  M2_Enter_Is                     
00005901  MPU6050ReadID                   
000042e9  MPU6050_Init                    
00002ccd  MPU6050_ReadData                
00003189  MPU6050_WriteReg                
00006943  MPU_Set_Accel_Fsr               
00006961  MPU_Set_Gyro_Fsr                
00004e59  MPU_Set_LPF                     
000054f9  MPU_Set_Rate                    
00007167  NMI_Handler                     
000070e1  OLED_CLS                        
00005645  OLED_Fill                       
000026e7  OLED_I2C_Init                   
0000447d  OLED_Init                       
00006285  OLED_Set_Pos                    
00002225  OLED_ShowChar                   
00003dbd  OLED_ShowNum                    
00006e9d  OLED_WR_CMD                     
00006eb3  OLED_WR_DATA                    
0000390d  PID_straight_value              
00007167  PendSV_Handler                  
20200480  RT                              
00007167  RTC_IRQHandler                  
00006459  Reset                           
0000716f  Reset_Handler                   
00006071  Reset_move                      
000060ad  Restart_move                    
2020065d  RxState1_1                      
00007167  SPI0_IRQHandler                 
00007167  SPI1_IRQHandler                 
00007167  SVC_Handler                     
000062bd  SYSCFG_DL_ADC12_0_init          
00006215  SYSCFG_DL_ADC12_1_init          
000043b7  SYSCFG_DL_DMA_init              
00001ead  SYSCFG_DL_GPIO_init             
000059b9  SYSCFG_DL_I2C_0_init            
00005715  SYSCFG_DL_I2C_MPU6050_init      
0000521d  SYSCFG_DL_PWM_0_init            
00005091  SYSCFG_DL_PWM_1_init            
00005115  SYSCFG_DL_PWM_2_init            
00006621  SYSCFG_DL_SYSCTL_init           
000062f1  SYSCFG_DL_TIMER_0_init          
00006325  SYSCFG_DL_TIMER_1_init          
00006359  SYSCFG_DL_TIMER_2_init          
00005c39  SYSCFG_DL_UART_0_init           
00005c81  SYSCFG_DL_UART_1_init           
00005cc9  SYSCFG_DL_UART_2_init           
00005d11  SYSCFG_DL_UART_3_init           
0000529d  SYSCFG_DL_init                  
0000305d  SYSCFG_DL_initPower             
00007167  SysTick_Handler                 
00007167  TIMA0_IRQHandler                
00001aa9  TIMA1_IRQHandler                
00006715  TIMG0_IRQHandler                
00007167  TIMG12_IRQHandler               
00007167  TIMG6_IRQHandler                
00007167  TIMG7_IRQHandler                
00007167  TIMG8_IRQHandler                
0000702f  TI_memcpy_small                 
000070bf  TI_memset_small                 
00006fbd  Timer_A1_init                   
00006fd1  Timer_A2_init                   
0000482d  Turn_left                       
00002b61  UART0_IRQHandler                
00007167  UART1_IRQHandler                
00007167  UART2_IRQHandler                
00007167  UART3_IRQHandler                
20200510  USART1_NewData_1                
20200511  USART1_NewData_2                
20200512  USART1_NewData_3                
20200000  USART1_RX_BUF_1                 
2020065e  USART1_RX_STA_1                 
00005ef5  VOFAFloat2Byte                  
0000638d  VOFATrail                       
00004ee9  VOFATransmit                    
00003a01  X_PID_X_value                   
202004bc  X_x_out                         
00003af5  Y_PID_X_value                   
202004c0  Y_x_out                         
20208000  __STACK_END                     
00000200  __STACK_SIZE                    
00000000  __TI_ATRegion0_region_sz        
00000000  __TI_ATRegion0_src_addr         
00000000  __TI_ATRegion0_trg_addr         
00000000  __TI_ATRegion1_region_sz        
00000000  __TI_ATRegion1_src_addr         
00000000  __TI_ATRegion1_trg_addr         
00000000  __TI_ATRegion2_region_sz        
00000000  __TI_ATRegion2_src_addr         
00000000  __TI_ATRegion2_trg_addr         
00008978  __TI_CINIT_Base                 
00008988  __TI_CINIT_Limit                
00008988  __TI_CINIT_Warm                 
00008964  __TI_Handler_Table_Base         
00008970  __TI_Handler_Table_Limit        
00006161  __TI_auto_init_nobinit_nopinit  
00005319  __TI_decompress_lzss            
00007041  __TI_decompress_none            
ffffffff  __TI_pprof_out_hndl             
000000c1  __TI_printfi_nofloat            
ffffffff  __TI_prof_data_size             
ffffffff  __TI_prof_data_start            
00000000  __TI_static_base__              
00007085  __TI_zero_init                  
0000255f  __adddf3                        
00004077  __addsf3                        
000085a0  __aeabi_ctype_table_            
000085a0  __aeabi_ctype_table_C           
00005411  __aeabi_d2f                     
0000255f  __aeabi_dadd                    
00005779  __aeabi_dcmpeq                  
000057b5  __aeabi_dcmpge                  
000057c9  __aeabi_dcmpgt                  
000057a1  __aeabi_dcmple                  
0000578d  __aeabi_dcmplt                  
000035f9  __aeabi_ddiv                    
00003ea5  __aeabi_dmul                    
00002555  __aeabi_dsub                    
202006c8  __aeabi_errno                   
00007121  __aeabi_errno_addr              
00005f75  __aeabi_f2d                     
0000624d  __aeabi_f2iz                    
000063c1  __aeabi_f2uiz                   
00004077  __aeabi_fadd                    
000057dd  __aeabi_fcmpeq                  
00005819  __aeabi_fcmpge                  
0000582d  __aeabi_fcmpgt                  
00005805  __aeabi_fcmple                  
000057f1  __aeabi_fcmplt                  
00005199  __aeabi_fdiv                    
00004f79  __aeabi_fmul                    
0000406d  __aeabi_fsub                    
000060e9  __aeabi_i2f                     
00005a11  __aeabi_idiv                    
00004ad3  __aeabi_idiv0                   
00005a11  __aeabi_idivmod                 
00004c9f  __aeabi_ldiv0                   
00006981  __aeabi_llsl                    
000067d9  __aeabi_lmul                    
00005405  __aeabi_memclr                  
00005405  __aeabi_memclr4                 
00005405  __aeabi_memclr8                 
00007129  __aeabi_memcpy                  
00007129  __aeabi_memcpy4                 
00007129  __aeabi_memcpy8                 
00007095  __aeabi_memset                  
00007095  __aeabi_memset4                 
00007095  __aeabi_memset8                 
0000673d  __aeabi_ui2f                    
00005f35  __aeabi_uidiv                   
00005f35  __aeabi_uidivmod                
00006fe5  __aeabi_uldivmod                
00006981  __ashldi3                       
ffffffff  __binit__                       
000055d9  __cmpdf2                        
0000619d  __cmpsf2                        
000035f9  __divdf3                        
00005199  __divsf3                        
000055d9  __eqdf2                         
0000619d  __eqsf2                         
00005f75  __extendsfdf2                   
0000624d  __fixsfsi                       
000063c1  __fixunssfsi                    
000060e9  __floatsisf                     
0000673d  __floatunsisf                   
00005569  __gedf2                         
00006125  __gesf2                         
00005569  __gtdf2                         
00006125  __gtsf2                         
000055d9  __ledf2                         
0000619d  __lesf2                         
000055d9  __ltdf2                         
0000619d  __ltsf2                         
UNDEFED   __mpu_init                      
00003ea5  __muldf3                        
000067d9  __muldi3                        
000061d9  __muldsi3                       
00004f79  __mulsf3                        
000055d9  __nedf2                         
0000619d  __nesf2                         
20207e00  __stack                         
20200000  __start___llvm_prf_bits         
20200000  __start___llvm_prf_cnts         
20200000  __stop___llvm_prf_bits          
20200000  __stop___llvm_prf_cnts          
00002555  __subdf3                        
0000406d  __subsf3                        
00005411  __truncdfsf2                    
00004a31  __udivmoddi4                    
00006765  _c_int00_noargs                 
20200518  _ftable                         
202006cc  _lock                           
0000521b  _nop                            
UNDEFED   _system_post_cinit              
00007185  _system_pre_init                
202006d0  _unlock                         
00007189  abort                           
00000949  asin                            
00000949  asinl                           
00000cb9  atan                            
000023bd  atan2                           
000023bd  atan2l                          
00000cb9  atanl                           
00005fb5  atoi                            
ffffffff  binit                           
00006b99  board_init                      
202006d4  car_open                        
202006d8  counter_flag                    
00006841  delay_ms                        
00005d59  dmp_enable_6x_lp_quat           
00000fb1  dmp_enable_feature              
00005841  dmp_enable_gyro_cal             
00005da1  dmp_enable_lp_quat              
00006bb5  dmp_load_motion_driver_firmware 
00001cb9  dmp_read_fifo                   
00004b71  dmp_set_fifo_rate               
000029e9  dmp_set_orientation             
00005e2d  dmp_set_shake_reject_thresh     
000063f3  dmp_set_shake_reject_time       
00006425  dmp_set_shake_reject_timeout    
000056ad  dmp_set_tap_axes                
00005e71  dmp_set_tap_count               
00001229  dmp_set_tap_thresh              
00006489  dmp_set_tap_time                
000064b9  dmp_set_tap_time_multi          
202006dc  encoder1_num                    
202006e0  encoder2_num                    
202004c4  err_difference_straight         
202004c8  err_difference_x_x              
202004cc  err_difference_y_x              
202004d0  err_straight                    
202004d4  err_sum_straight                
202004d8  err_sum_x_x                     
202004dc  err_sum_y_x                     
202004e0  err_x_x                         
202004e4  err_y_x                         
00006bd1  fputc                           
00005b09  fputs                           
20200513  gI2cControllerStatus            
20200340  gPWM_1Backup                    
202003b8  gPWM_2Backup                    
202004e8  gRxCount                        
202004ec  gRxLen                          
20200240  gRxPacket                       
202000c8  gTIMER_0Backup                  
20200184  gTIMER_2Backup                  
202004f0  gTxCount                        
202004f4  gTxLen                          
202002c0  gTxPacket                       
20200430  gUART_3Backup                   
202006e4  high_rho                        
00008848  hw                              
00000000  interruptVectors                
00005ff5  inv_orientation_matrix_to_scalar
00004c09  inv_row_2_scale                 
202004f8  last_err_straight               
202004fc  last_err_x_x                    
20200500  last_err_y_x                    
20200504  location_L                      
20200508  location_R                      
202006e8  location_flag_t                 
202006ec  low_rho                         
0000286d  main                            
00006863  memccpy                         
000068c5  memcmp                          
00007141  mget_ms                         
202004a0  motor                           
00004ca1  motor_set_L                     
00004d35  motor_set_R                     
000068e5  motor_speed_L                   
00006905  motor_speed_R                   
00004605  mpu_configure_fifo              
00001681  mpu_dmp_get_data                
000033d1  mpu_dmp_init                    
00005485  mpu_get_accel_fsr               
00001895  mpu_init                        
000032ad  mpu_load_firmware               
000034e9  mpu_lp_accel_mode               
00003705  mpu_read_fifo_stream            
000048d9  mpu_read_mem                    
00001461  mpu_reset_fifo                  
00003f89  mpu_set_accel_fsr               
00002085  mpu_set_bypass                  
000046c1  mpu_set_dmp_state               
00004541  mpu_set_gyro_fsr                
00004ad5  mpu_set_int_latched             
00004219  mpu_set_lpf                     
00003be9  mpu_set_sample_rate             
00002e01  mpu_set_sensors                 
00004985  mpu_write_mem                   
000064e9  oled_pow                        
202006f0  pitch                           
0000595d  printf                          
000087bb  reg                             
202006f4  roll                            
202006f8  speed_flag_t                    
202006fc  speed_now_LF                    
20200700  speed_now_rt                    
20200704  speed_out_LF                    
20200708  speed_out_rt                    
000026e9  sqrt                            
000026e9  sqrtl                           
2020070c  state                           
20200514  status                          
2020050c  straight_out                    
20200710  stright_pid_out                 
000070b1  strlen                          
20200714  target_location                 
00008730  test                            
20200718  theta                           
20200644  transData                       
00006ec9  uart0_init                      
2020071c  veer_flag                       
00007075  wcslen                          
20200720  yaw                             


GLOBAL SYMBOLS: SORTED BY Symbol Address 

address   name                            
-------   ----                            
00000000  __TI_ATRegion0_region_sz        
00000000  __TI_ATRegion0_src_addr         
00000000  __TI_ATRegion0_trg_addr         
00000000  __TI_ATRegion1_region_sz        
00000000  __TI_ATRegion1_src_addr         
00000000  __TI_ATRegion1_trg_addr         
00000000  __TI_ATRegion2_region_sz        
00000000  __TI_ATRegion2_src_addr         
00000000  __TI_ATRegion2_trg_addr         
00000000  __TI_static_base__              
00000000  interruptVectors                
000000c1  __TI_printfi_nofloat            
00000200  __STACK_SIZE                    
00000949  asin                            
00000949  asinl                           
00000cb9  atan                            
00000cb9  atanl                           
00000fb1  dmp_enable_feature              
00001229  dmp_set_tap_thresh              
00001461  mpu_reset_fifo                  
00001681  mpu_dmp_get_data                
00001895  mpu_init                        
00001aa9  TIMA1_IRQHandler                
00001cb9  dmp_read_fifo                   
00001ead  SYSCFG_DL_GPIO_init             
00002085  mpu_set_bypass                  
00002225  OLED_ShowChar                   
000023bd  atan2                           
000023bd  atan2l                          
00002555  __aeabi_dsub                    
00002555  __subdf3                        
0000255f  __adddf3                        
0000255f  __aeabi_dadd                    
000026e7  OLED_I2C_Init                   
000026e9  sqrt                            
000026e9  sqrtl                           
0000286d  main                            
000029e9  dmp_set_orientation             
00002b61  UART0_IRQHandler                
00002ccd  MPU6050_ReadData                
00002e01  mpu_set_sensors                 
00002f31  I2C1_IRQHandler                 
0000305d  SYSCFG_DL_initPower             
00003189  MPU6050_WriteReg                
000032ad  mpu_load_firmware               
000033d1  mpu_dmp_init                    
000034e9  mpu_lp_accel_mode               
000035f9  __aeabi_ddiv                    
000035f9  __divdf3                        
00003705  mpu_read_fifo_stream            
0000380d  LocationPID_change              
0000390d  PID_straight_value              
00003a01  X_PID_X_value                   
00003af5  Y_PID_X_value                   
00003be9  mpu_set_sample_rate             
00003cd5  DL_Timer_initTimerMode          
00003dbd  OLED_ShowNum                    
00003ea5  __aeabi_dmul                    
00003ea5  __muldf3                        
00003f89  mpu_set_accel_fsr               
0000406d  __aeabi_fsub                    
0000406d  __subsf3                        
00004077  __addsf3                        
00004077  __aeabi_fadd                    
00004219  mpu_set_lpf                     
000042e9  MPU6050_Init                    
000043b7  SYSCFG_DL_DMA_init              
000043b9  DL_Timer_initPWMMode            
0000447d  OLED_Init                       
00004541  mpu_set_gyro_fsr                
00004605  mpu_configure_fifo              
000046c1  mpu_set_dmp_state               
00004779  GROUP1_IRQHandler               
0000482d  Turn_left                       
000048d9  mpu_read_mem                    
00004985  mpu_write_mem                   
00004a31  __udivmoddi4                    
00004ad3  __aeabi_idiv0                   
00004ad5  mpu_set_int_latched             
00004b71  dmp_set_fifo_rate               
00004c09  inv_row_2_scale                 
00004c9f  __aeabi_ldiv0                   
00004ca1  motor_set_L                     
00004d35  motor_set_R                     
00004dc9  IncrementalPID_update           
00004e59  MPU_Set_LPF                     
00004ee9  VOFATransmit                    
00004f79  __aeabi_fmul                    
00004f79  __mulsf3                        
00005091  SYSCFG_DL_PWM_1_init            
00005115  SYSCFG_DL_PWM_2_init            
00005199  __aeabi_fdiv                    
00005199  __divsf3                        
0000521b  _nop                            
0000521d  SYSCFG_DL_PWM_0_init            
0000529d  SYSCFG_DL_init                  
00005319  __TI_decompress_lzss            
00005391  I2C_WriteByte                   
00005405  __aeabi_memclr                  
00005405  __aeabi_memclr4                 
00005405  __aeabi_memclr8                 
00005411  __aeabi_d2f                     
00005411  __truncdfsf2                    
00005485  mpu_get_accel_fsr               
000054f9  MPU_Set_Rate                    
00005569  __gedf2                         
00005569  __gtdf2                         
000055d9  __cmpdf2                        
000055d9  __eqdf2                         
000055d9  __ledf2                         
000055d9  __ltdf2                         
000055d9  __nedf2                         
00005645  OLED_Fill                       
000056ad  dmp_set_tap_axes                
00005715  SYSCFG_DL_I2C_MPU6050_init      
00005779  __aeabi_dcmpeq                  
0000578d  __aeabi_dcmplt                  
000057a1  __aeabi_dcmple                  
000057b5  __aeabi_dcmpge                  
000057c9  __aeabi_dcmpgt                  
000057dd  __aeabi_fcmpeq                  
000057f1  __aeabi_fcmplt                  
00005805  __aeabi_fcmple                  
00005819  __aeabi_fcmpge                  
0000582d  __aeabi_fcmpgt                  
00005841  dmp_enable_gyro_cal             
000058a1  DL_I2C_fillControllerTXFIFO     
00005901  MPU6050ReadID                   
0000595d  printf                          
000059b9  SYSCFG_DL_I2C_0_init            
00005a11  __aeabi_idiv                    
00005a11  __aeabi_idivmod                 
00005b09  fputs                           
00005bf1  DL_UART_init                    
00005c39  SYSCFG_DL_UART_0_init           
00005c81  SYSCFG_DL_UART_1_init           
00005cc9  SYSCFG_DL_UART_2_init           
00005d11  SYSCFG_DL_UART_3_init           
00005d59  dmp_enable_6x_lp_quat           
00005da1  dmp_enable_lp_quat              
00005de9  Left                            
00005e2d  dmp_set_shake_reject_thresh     
00005e71  dmp_set_tap_count               
00005eb5  DL_ADC12_setClockConfig         
00005ef5  VOFAFloat2Byte                  
00005f35  __aeabi_uidiv                   
00005f35  __aeabi_uidivmod                
00005f75  __aeabi_f2d                     
00005f75  __extendsfdf2                   
00005fb5  atoi                            
00005ff5  inv_orientation_matrix_to_scalar
00006071  Reset_move                      
000060ad  Restart_move                    
000060e9  __aeabi_i2f                     
000060e9  __floatsisf                     
00006125  __gesf2                         
00006125  __gtsf2                         
00006161  __TI_auto_init_nobinit_nopinit  
0000619d  __cmpsf2                        
0000619d  __eqsf2                         
0000619d  __lesf2                         
0000619d  __ltsf2                         
0000619d  __nesf2                         
000061d9  __muldsi3                       
00006215  SYSCFG_DL_ADC12_1_init          
0000624d  __aeabi_f2iz                    
0000624d  __fixsfsi                       
00006285  OLED_Set_Pos                    
000062bd  SYSCFG_DL_ADC12_0_init          
000062f1  SYSCFG_DL_TIMER_0_init          
00006325  SYSCFG_DL_TIMER_1_init          
00006359  SYSCFG_DL_TIMER_2_init          
0000638d  VOFATrail                       
000063c1  __aeabi_f2uiz                   
000063c1  __fixunssfsi                    
000063f3  dmp_set_shake_reject_time       
00006425  dmp_set_shake_reject_timeout    
00006459  Reset                           
00006489  dmp_set_tap_time                
000064b9  dmp_set_tap_time_multi          
000064e9  oled_pow                        
00006621  SYSCFG_DL_SYSCTL_init           
00006715  TIMG0_IRQHandler                
0000673d  __aeabi_ui2f                    
0000673d  __floatunsisf                   
00006765  _c_int00_noargs                 
000067b3  DL_I2C_setClockConfig           
000067d9  __aeabi_lmul                    
000067d9  __muldi3                        
000067fd  Delay_ms                        
0000681f  IncrementalPID_init             
00006841  delay_ms                        
00006863  memccpy                         
000068a5  DL_UART_transmitDataBlocking    
000068c5  memcmp                          
000068e5  motor_speed_L                   
00006905  motor_speed_R                   
00006943  MPU_Set_Accel_Fsr               
00006961  MPU_Set_Gyro_Fsr                
00006981  __aeabi_llsl                    
00006981  __ashldi3                       
00006b45  DL_Timer_setCaptCompUpdateMethod
00006b61  DL_Timer_setClockConfig         
00006b99  board_init                      
00006bb5  dmp_load_motion_driver_firmware 
00006bd1  fputc                           
00006dcd  DL_Timer_setCaptureCompareOutCtl
00006e9d  OLED_WR_CMD                     
00006eb3  OLED_WR_DATA                    
00006ec9  uart0_init                      
00006fbd  Timer_A1_init                   
00006fd1  Timer_A2_init                   
00006fe5  __aeabi_uldivmod                
0000701d  DL_UART_setClockConfig          
0000702f  TI_memcpy_small                 
00007041  __TI_decompress_none            
00007065  DL_Timer_setCaptureCompareValue 
00007075  wcslen                          
00007085  __TI_zero_init                  
00007095  __aeabi_memset                  
00007095  __aeabi_memset4                 
00007095  __aeabi_memset8                 
000070b1  strlen                          
000070bf  TI_memset_small                 
000070cd  DL_Common_delayCycles           
000070d7  EXTI_Init                       
000070e1  OLED_CLS                        
00007121  __aeabi_errno_addr              
00007129  __aeabi_memcpy                  
00007129  __aeabi_memcpy4                 
00007129  __aeabi_memcpy8                 
00007141  mget_ms                         
00007167  ADC0_IRQHandler                 
00007167  ADC1_IRQHandler                 
00007167  AES_IRQHandler                  
00007167  CANFD0_IRQHandler               
00007167  DAC0_IRQHandler                 
00007167  DMA_IRQHandler                  
00007167  Default_Handler                 
00007167  GROUP0_IRQHandler               
00007167  HardFault_Handler               
00007167  I2C0_IRQHandler                 
00007167  NMI_Handler                     
00007167  PendSV_Handler                  
00007167  RTC_IRQHandler                  
00007167  SPI0_IRQHandler                 
00007167  SPI1_IRQHandler                 
00007167  SVC_Handler                     
00007167  SysTick_Handler                 
00007167  TIMA0_IRQHandler                
00007167  TIMG12_IRQHandler               
00007167  TIMG6_IRQHandler                
00007167  TIMG7_IRQHandler                
00007167  TIMG8_IRQHandler                
00007167  UART1_IRQHandler                
00007167  UART2_IRQHandler                
00007167  UART3_IRQHandler                
0000716f  Reset_Handler                   
00007185  _system_pre_init                
00007188  C$$EXIT                         
00007189  abort                           
00007d86  F8X16                           
00008376  F6x8                            
000085a0  __aeabi_ctype_table_            
000085a0  __aeabi_ctype_table_C           
00008730  test                            
000087bb  reg                             
00008848  hw                              
00008964  __TI_Handler_Table_Base         
00008970  __TI_Handler_Table_Limit        
00008978  __TI_CINIT_Base                 
00008988  __TI_CINIT_Limit                
00008988  __TI_CINIT_Warm                 
20200000  USART1_RX_BUF_1                 
20200000  __start___llvm_prf_bits         
20200000  __start___llvm_prf_cnts         
20200000  __stop___llvm_prf_bits          
20200000  __stop___llvm_prf_cnts          
202000c8  gTIMER_0Backup                  
20200184  gTIMER_2Backup                  
20200240  gRxPacket                       
202002c0  gTxPacket                       
20200340  gPWM_1Backup                    
202003b8  gPWM_2Backup                    
20200430  gUART_3Backup                   
20200460  LF                              
20200480  RT                              
202004a0  motor                           
202004bc  X_x_out                         
202004c0  Y_x_out                         
202004c4  err_difference_straight         
202004c8  err_difference_x_x              
202004cc  err_difference_y_x              
202004d0  err_straight                    
202004d4  err_sum_straight                
202004d8  err_sum_x_x                     
202004dc  err_sum_y_x                     
202004e0  err_x_x                         
202004e4  err_y_x                         
202004e8  gRxCount                        
202004ec  gRxLen                          
202004f0  gTxCount                        
202004f4  gTxLen                          
202004f8  last_err_straight               
202004fc  last_err_x_x                    
20200500  last_err_y_x                    
20200504  location_L                      
20200508  location_R                      
2020050c  straight_out                    
20200510  USART1_NewData_1                
20200511  USART1_NewData_2                
20200512  USART1_NewData_3                
20200513  gI2cControllerStatus            
20200514  status                          
20200518  _ftable                         
20200644  transData                       
2020065d  RxState1_1                      
2020065e  USART1_RX_STA_1                 
20200660  KD_L                            
20200664  KD_R                            
20200668  KI_L                            
2020066c  KI_R                            
20200670  KP_L                            
20200674  KP_R                            
20200678  Kd_straight                     
2020067c  Kd_turn                         
20200680  Kd_x_v                          
20200684  Kd_x_x                          
20200688  Kd_y_v                          
2020068c  Kd_y_x                          
20200690  Ki_straight                     
20200694  Ki_turn                         
20200698  Ki_x_v                          
2020069c  Ki_x_x                          
202006a0  Ki_y_v                          
202006a4  Ki_y_x                          
202006a8  Kp_straight                     
202006ac  Kp_turn                         
202006b0  Kp_x_v                          
202006b4  Kp_x_x                          
202006b8  Kp_y_v                          
202006bc  Kp_y_x                          
202006c0  M1_Enter_Is                     
202006c4  M2_Enter_Is                     
202006c8  __aeabi_errno                   
202006cc  _lock                           
202006d0  _unlock                         
202006d4  car_open                        
202006d8  counter_flag                    
202006dc  encoder1_num                    
202006e0  encoder2_num                    
202006e4  high_rho                        
202006e8  location_flag_t                 
202006ec  low_rho                         
202006f0  pitch                           
202006f4  roll                            
202006f8  speed_flag_t                    
202006fc  speed_now_LF                    
20200700  speed_now_rt                    
20200704  speed_out_LF                    
20200708  speed_out_rt                    
2020070c  state                           
20200710  stright_pid_out                 
20200714  target_location                 
20200718  theta                           
2020071c  veer_flag                       
20200720  yaw                             
20207e00  __stack                         
20208000  __STACK_END                     
ffffffff  __TI_pprof_out_hndl             
ffffffff  __TI_prof_data_size             
ffffffff  __TI_prof_data_start            
ffffffff  __binit__                       
ffffffff  binit                           
UNDEFED   __mpu_init                      
UNDEFED   _system_post_cinit              

[376 symbols]
