<?xml version="1.0" encoding="ISO-8859-1" ?>
<link_info>
   <banner>TI ARM Clang Linker PC v3.2.2.LTS</banner>
   <copyright>Copyright (c) 1996-2018 Texas Instruments Incorporated</copyright>
   <link_time>0x66a06332</link_time>
   <link_errors>0x0</link_errors>
   <output_file>C:\Users\Suyan\workspace_ccstheia\empty_LP_MSPM0G3507_nortos_ticlang\Debug\empty_LP_MSPM0G3507_nortos_ticlang.out</output_file>
   <entry_point>
      <name>_c_int00_noargs</name>
      <address>0x68f1</address>
   </entry_point>
   <input_file_list>
      <input_file id="fl-1">
         <path>C:\Users\Suyan\workspace_ccstheia\empty_LP_MSPM0G3507_nortos_ticlang\Debug\.\</path>
         <kind>object</kind>
         <file>empty.o</file>
         <name>empty.o</name>
      </input_file>
      <input_file id="fl-2">
         <path>C:\Users\Suyan\workspace_ccstheia\empty_LP_MSPM0G3507_nortos_ticlang\Debug\.\</path>
         <kind>object</kind>
         <file>ti_msp_dl_config.o</file>
         <name>ti_msp_dl_config.o</name>
      </input_file>
      <input_file id="fl-3">
         <path>C:\Users\Suyan\workspace_ccstheia\empty_LP_MSPM0G3507_nortos_ticlang\Debug\.\</path>
         <kind>object</kind>
         <file>startup_mspm0g350x_ticlang.o</file>
         <name>startup_mspm0g350x_ticlang.o</name>
      </input_file>
      <input_file id="fl-4">
         <path>C:\Users\Suyan\workspace_ccstheia\empty_LP_MSPM0G3507_nortos_ticlang\Debug\.\MPU6050\</path>
         <kind>object</kind>
         <file>board.o</file>
         <name>board.o</name>
      </input_file>
      <input_file id="fl-5">
         <path>C:\Users\Suyan\workspace_ccstheia\empty_LP_MSPM0G3507_nortos_ticlang\Debug\.\MPU6050\</path>
         <kind>object</kind>
         <file>bsp_mpu6050.o</file>
         <name>bsp_mpu6050.o</name>
      </input_file>
      <input_file id="fl-6">
         <path>C:\Users\Suyan\workspace_ccstheia\empty_LP_MSPM0G3507_nortos_ticlang\Debug\.\MPU6050\</path>
         <kind>object</kind>
         <file>inv_mpu.o</file>
         <name>inv_mpu.o</name>
      </input_file>
      <input_file id="fl-7">
         <path>C:\Users\Suyan\workspace_ccstheia\empty_LP_MSPM0G3507_nortos_ticlang\Debug\.\MPU6050\</path>
         <kind>object</kind>
         <file>inv_mpu_dmp_motion_driver.o</file>
         <name>inv_mpu_dmp_motion_driver.o</name>
      </input_file>
      <input_file id="fl-8">
         <path>C:\Users\Suyan\workspace_ccstheia\empty_LP_MSPM0G3507_nortos_ticlang\Debug\.\MyCode\</path>
         <kind>object</kind>
         <file>Delay.o</file>
         <name>Delay.o</name>
      </input_file>
      <input_file id="fl-9">
         <path>C:\Users\Suyan\workspace_ccstheia\empty_LP_MSPM0G3507_nortos_ticlang\Debug\.\MyCode\</path>
         <kind>object</kind>
         <file>ISR.o</file>
         <name>ISR.o</name>
      </input_file>
      <input_file id="fl-a">
         <path>C:\Users\Suyan\workspace_ccstheia\empty_LP_MSPM0G3507_nortos_ticlang\Debug\.\MyCode\</path>
         <kind>object</kind>
         <file>KEY.o</file>
         <name>KEY.o</name>
      </input_file>
      <input_file id="fl-b">
         <path>C:\Users\Suyan\workspace_ccstheia\empty_LP_MSPM0G3507_nortos_ticlang\Debug\.\MyCode\</path>
         <kind>object</kind>
         <file>Kalman.o</file>
         <name>Kalman.o</name>
      </input_file>
      <input_file id="fl-c">
         <path>C:\Users\Suyan\workspace_ccstheia\empty_LP_MSPM0G3507_nortos_ticlang\Debug\.\MyCode\</path>
         <kind>object</kind>
         <file>LED.o</file>
         <name>LED.o</name>
      </input_file>
      <input_file id="fl-d">
         <path>C:\Users\Suyan\workspace_ccstheia\empty_LP_MSPM0G3507_nortos_ticlang\Debug\.\MyCode\</path>
         <kind>object</kind>
         <file>OLED.o</file>
         <name>OLED.o</name>
      </input_file>
      <input_file id="fl-e">
         <path>C:\Users\Suyan\workspace_ccstheia\empty_LP_MSPM0G3507_nortos_ticlang\Debug\.\MyCode\</path>
         <kind>object</kind>
         <file>PWM.o</file>
         <name>PWM.o</name>
      </input_file>
      <input_file id="fl-f">
         <path>C:\Users\Suyan\workspace_ccstheia\empty_LP_MSPM0G3507_nortos_ticlang\Debug\.\MyCode\</path>
         <kind>object</kind>
         <file>Timer.o</file>
         <name>Timer.o</name>
      </input_file>
      <input_file id="fl-10">
         <path>C:\Users\Suyan\workspace_ccstheia\empty_LP_MSPM0G3507_nortos_ticlang\Debug\.\MyCode\</path>
         <kind>object</kind>
         <file>bee.o</file>
         <name>bee.o</name>
      </input_file>
      <input_file id="fl-11">
         <path>C:\Users\Suyan\workspace_ccstheia\empty_LP_MSPM0G3507_nortos_ticlang\Debug\.\MyCode\</path>
         <kind>object</kind>
         <file>encoder.o</file>
         <name>encoder.o</name>
      </input_file>
      <input_file id="fl-12">
         <path>C:\Users\Suyan\workspace_ccstheia\empty_LP_MSPM0G3507_nortos_ticlang\Debug\.\MyCode\</path>
         <kind>object</kind>
         <file>menu.o</file>
         <name>menu.o</name>
      </input_file>
      <input_file id="fl-13">
         <path>C:\Users\Suyan\workspace_ccstheia\empty_LP_MSPM0G3507_nortos_ticlang\Debug\.\MyCode\</path>
         <kind>object</kind>
         <file>motor.o</file>
         <name>motor.o</name>
      </input_file>
      <input_file id="fl-14">
         <path>C:\Users\Suyan\workspace_ccstheia\empty_LP_MSPM0G3507_nortos_ticlang\Debug\.\MyCode\</path>
         <kind>object</kind>
         <file>pid.o</file>
         <name>pid.o</name>
      </input_file>
      <input_file id="fl-15">
         <path>C:\Users\Suyan\workspace_ccstheia\empty_LP_MSPM0G3507_nortos_ticlang\Debug\.\MyCode\</path>
         <kind>object</kind>
         <file>uart.o</file>
         <name>uart.o</name>
      </input_file>
      <input_file id="fl-16">
         <path>C:\Users\Suyan\workspace_ccstheia\empty_LP_MSPM0G3507_nortos_ticlang\Debug\.\MyCode\</path>
         <kind>object</kind>
         <file>vofa.o</file>
         <name>vofa.o</name>
      </input_file>
      <input_file id="fl-23">
         <path>C:\Users\Suyan\workspace_ccstheia\empty_LP_MSPM0G3507_nortos_ticlang\Debug\</path>
         <kind>object</kind>
         <file>&lt;internal&gt;</file>
         <name>&lt;internal&gt;</name>
      </input_file>
      <input_file id="fl-24">
         <path>E:\Work\TI\ccs\mspm0_sdk_2_01_00_03\source\ti\driverlib\lib\ticlang\m0p\mspm0g1x0x_g3x0x\</path>
         <kind>archive</kind>
         <file>driverlib.a</file>
         <name>dl_adc12.o</name>
      </input_file>
      <input_file id="fl-25">
         <path>E:\Work\TI\ccs\mspm0_sdk_2_01_00_03\source\ti\driverlib\lib\ticlang\m0p\mspm0g1x0x_g3x0x\</path>
         <kind>archive</kind>
         <file>driverlib.a</file>
         <name>dl_common.o</name>
      </input_file>
      <input_file id="fl-26">
         <path>E:\Work\TI\ccs\mspm0_sdk_2_01_00_03\source\ti\driverlib\lib\ticlang\m0p\mspm0g1x0x_g3x0x\</path>
         <kind>archive</kind>
         <file>driverlib.a</file>
         <name>dl_i2c.o</name>
      </input_file>
      <input_file id="fl-27">
         <path>E:\Work\TI\ccs\mspm0_sdk_2_01_00_03\source\ti\driverlib\lib\ticlang\m0p\mspm0g1x0x_g3x0x\</path>
         <kind>archive</kind>
         <file>driverlib.a</file>
         <name>dl_timer.o</name>
      </input_file>
      <input_file id="fl-28">
         <path>E:\Work\TI\ccs\mspm0_sdk_2_01_00_03\source\ti\driverlib\lib\ticlang\m0p\mspm0g1x0x_g3x0x\</path>
         <kind>archive</kind>
         <file>driverlib.a</file>
         <name>dl_uart.o</name>
      </input_file>
      <input_file id="fl-37">
         <path>E:\Work\TI\ccs\ccs\tools\compiler\ti-cgt-armllvm_3.2.2.LTS\lib\armv6m-ti-none-eabi\c\</path>
         <kind>archive</kind>
         <file>libc.a</file>
         <name>printf.c.obj</name>
      </input_file>
      <input_file id="fl-38">
         <path>E:\Work\TI\ccs\ccs\tools\compiler\ti-cgt-armllvm_3.2.2.LTS\lib\armv6m-ti-none-eabi\c\</path>
         <kind>archive</kind>
         <file>libc.a</file>
         <name>_printfi.c.obj</name>
      </input_file>
      <input_file id="fl-39">
         <path>E:\Work\TI\ccs\ccs\tools\compiler\ti-cgt-armllvm_3.2.2.LTS\lib\armv6m-ti-none-eabi\c\</path>
         <kind>archive</kind>
         <file>libc.a</file>
         <name>e_asin.c.obj</name>
      </input_file>
      <input_file id="fl-3a">
         <path>E:\Work\TI\ccs\ccs\tools\compiler\ti-cgt-armllvm_3.2.2.LTS\lib\armv6m-ti-none-eabi\c\</path>
         <kind>archive</kind>
         <file>libc.a</file>
         <name>e_atan2.c.obj</name>
      </input_file>
      <input_file id="fl-3b">
         <path>E:\Work\TI\ccs\ccs\tools\compiler\ti-cgt-armllvm_3.2.2.LTS\lib\armv6m-ti-none-eabi\c\</path>
         <kind>archive</kind>
         <file>libc.a</file>
         <name>e_sqrt.c.obj</name>
      </input_file>
      <input_file id="fl-3c">
         <path>E:\Work\TI\ccs\ccs\tools\compiler\ti-cgt-armllvm_3.2.2.LTS\lib\armv6m-ti-none-eabi\c\</path>
         <kind>archive</kind>
         <file>libc.a</file>
         <name>s_atan.c.obj</name>
      </input_file>
      <input_file id="fl-3d">
         <path>E:\Work\TI\ccs\ccs\tools\compiler\ti-cgt-armllvm_3.2.2.LTS\lib\armv6m-ti-none-eabi\c\</path>
         <kind>archive</kind>
         <file>libc.a</file>
         <name>s_frexp.c.obj</name>
      </input_file>
      <input_file id="fl-3e">
         <path>E:\Work\TI\ccs\ccs\tools\compiler\ti-cgt-armllvm_3.2.2.LTS\lib\armv6m-ti-none-eabi\c\</path>
         <kind>archive</kind>
         <file>libc.a</file>
         <name>s_scalbn.c.obj</name>
      </input_file>
      <input_file id="fl-3f">
         <path>E:\Work\TI\ccs\ccs\tools\compiler\ti-cgt-armllvm_3.2.2.LTS\lib\armv6m-ti-none-eabi\c\</path>
         <kind>archive</kind>
         <file>libc.a</file>
         <name>aeabi_portable.c.obj</name>
      </input_file>
      <input_file id="fl-40">
         <path>E:\Work\TI\ccs\ccs\tools\compiler\ti-cgt-armllvm_3.2.2.LTS\lib\armv6m-ti-none-eabi\c\</path>
         <kind>archive</kind>
         <file>libc.a</file>
         <name>_lock.c.obj</name>
      </input_file>
      <input_file id="fl-41">
         <path>E:\Work\TI\ccs\ccs\tools\compiler\ti-cgt-armllvm_3.2.2.LTS\lib\armv6m-ti-none-eabi\c\</path>
         <kind>archive</kind>
         <file>libc.a</file>
         <name>_ltoa.c.obj</name>
      </input_file>
      <input_file id="fl-42">
         <path>E:\Work\TI\ccs\ccs\tools\compiler\ti-cgt-armllvm_3.2.2.LTS\lib\armv6m-ti-none-eabi\c\</path>
         <kind>archive</kind>
         <file>libc.a</file>
         <name>assert.c.obj</name>
      </input_file>
      <input_file id="fl-43">
         <path>E:\Work\TI\ccs\ccs\tools\compiler\ti-cgt-armllvm_3.2.2.LTS\lib\armv6m-ti-none-eabi\c\</path>
         <kind>archive</kind>
         <file>libc.a</file>
         <name>atoi.c.obj</name>
      </input_file>
      <input_file id="fl-44">
         <path>E:\Work\TI\ccs\ccs\tools\compiler\ti-cgt-armllvm_3.2.2.LTS\lib\armv6m-ti-none-eabi\c\</path>
         <kind>archive</kind>
         <file>libc.a</file>
         <name>defs.c.obj</name>
      </input_file>
      <input_file id="fl-45">
         <path>E:\Work\TI\ccs\ccs\tools\compiler\ti-cgt-armllvm_3.2.2.LTS\lib\armv6m-ti-none-eabi\c\</path>
         <kind>archive</kind>
         <file>libc.a</file>
         <name>memccpy.c.obj</name>
      </input_file>
      <input_file id="fl-46">
         <path>E:\Work\TI\ccs\ccs\tools\compiler\ti-cgt-armllvm_3.2.2.LTS\lib\armv6m-ti-none-eabi\c\</path>
         <kind>archive</kind>
         <file>libc.a</file>
         <name>memcmp.c.obj</name>
      </input_file>
      <input_file id="fl-47">
         <path>E:\Work\TI\ccs\ccs\tools\compiler\ti-cgt-armllvm_3.2.2.LTS\lib\armv6m-ti-none-eabi\c\</path>
         <kind>archive</kind>
         <file>libc.a</file>
         <name>memory.c.obj</name>
      </input_file>
      <input_file id="fl-48">
         <path>E:\Work\TI\ccs\ccs\tools\compiler\ti-cgt-armllvm_3.2.2.LTS\lib\armv6m-ti-none-eabi\c\</path>
         <kind>archive</kind>
         <file>libc.a</file>
         <name>strlen.c.obj</name>
      </input_file>
      <input_file id="fl-49">
         <path>E:\Work\TI\ccs\ccs\tools\compiler\ti-cgt-armllvm_3.2.2.LTS\lib\armv6m-ti-none-eabi\c\</path>
         <kind>archive</kind>
         <file>libc.a</file>
         <name>labs.c.obj</name>
      </input_file>
      <input_file id="fl-4a">
         <path>E:\Work\TI\ccs\ccs\tools\compiler\ti-cgt-armllvm_3.2.2.LTS\lib\armv6m-ti-none-eabi\c\</path>
         <kind>archive</kind>
         <file>libc.a</file>
         <name>boot_cortex_m.c.obj</name>
      </input_file>
      <input_file id="fl-4b">
         <path>E:\Work\TI\ccs\ccs\tools\compiler\ti-cgt-armllvm_3.2.2.LTS\lib\armv6m-ti-none-eabi\c\</path>
         <kind>archive</kind>
         <file>libc.a</file>
         <name>mathacl_init.c.obj</name>
      </input_file>
      <input_file id="fl-4c">
         <path>E:\Work\TI\ccs\ccs\tools\compiler\ti-cgt-armllvm_3.2.2.LTS\lib\armv6m-ti-none-eabi\c\</path>
         <kind>archive</kind>
         <file>libc.a</file>
         <name>autoinit.c.obj</name>
      </input_file>
      <input_file id="fl-4d">
         <path>E:\Work\TI\ccs\ccs\tools\compiler\ti-cgt-armllvm_3.2.2.LTS\lib\armv6m-ti-none-eabi\c\</path>
         <kind>archive</kind>
         <file>libc.a</file>
         <name>pre_init.c.obj</name>
      </input_file>
      <input_file id="fl-4e">
         <path>E:\Work\TI\ccs\ccs\tools\compiler\ti-cgt-armllvm_3.2.2.LTS\lib\armv6m-ti-none-eabi\c\</path>
         <kind>archive</kind>
         <file>libc.a</file>
         <name>cpy_tbl.c.obj</name>
      </input_file>
      <input_file id="fl-4f">
         <path>E:\Work\TI\ccs\ccs\tools\compiler\ti-cgt-armllvm_3.2.2.LTS\lib\armv6m-ti-none-eabi\c\</path>
         <kind>archive</kind>
         <file>libc.a</file>
         <name>copy_zero_init.c.obj</name>
      </input_file>
      <input_file id="fl-50">
         <path>E:\Work\TI\ccs\ccs\tools\compiler\ti-cgt-armllvm_3.2.2.LTS\lib\armv6m-ti-none-eabi\c\</path>
         <kind>archive</kind>
         <file>libc.a</file>
         <name>copy_decompress_none.c.obj</name>
      </input_file>
      <input_file id="fl-51">
         <path>E:\Work\TI\ccs\ccs\tools\compiler\ti-cgt-armllvm_3.2.2.LTS\lib\armv6m-ti-none-eabi\c\</path>
         <kind>archive</kind>
         <file>libc.a</file>
         <name>copy_decompress_lzss.c.obj</name>
      </input_file>
      <input_file id="fl-52">
         <path>E:\Work\TI\ccs\ccs\tools\compiler\ti-cgt-armllvm_3.2.2.LTS\lib\armv6m-ti-none-eabi\c\</path>
         <kind>archive</kind>
         <file>libc.a</file>
         <name>wcslen.c.obj</name>
      </input_file>
      <input_file id="fl-53">
         <path>E:\Work\TI\ccs\ccs\tools\compiler\ti-cgt-armllvm_3.2.2.LTS\lib\armv6m-ti-none-eabi\c\</path>
         <kind>archive</kind>
         <file>libc.a</file>
         <name>sprintf.c.obj</name>
      </input_file>
      <input_file id="fl-54">
         <path>E:\Work\TI\ccs\ccs\tools\compiler\ti-cgt-armllvm_3.2.2.LTS\lib\armv6m-ti-none-eabi\c\</path>
         <kind>archive</kind>
         <file>libc.a</file>
         <name>fflush.c.obj</name>
      </input_file>
      <input_file id="fl-55">
         <path>E:\Work\TI\ccs\ccs\tools\compiler\ti-cgt-armllvm_3.2.2.LTS\lib\armv6m-ti-none-eabi\c\</path>
         <kind>archive</kind>
         <file>libc.a</file>
         <name>aeabi_ctype.S.obj</name>
      </input_file>
      <input_file id="fl-56">
         <path>E:\Work\TI\ccs\ccs\tools\compiler\ti-cgt-armllvm_3.2.2.LTS\lib\armv6m-ti-none-eabi\c\</path>
         <kind>archive</kind>
         <file>libc.a</file>
         <name>exit.c.obj</name>
      </input_file>
      <input_file id="fl-57">
         <path>E:\Work\TI\ccs\ccs\tools\compiler\ti-cgt-armllvm_3.2.2.LTS\lib\armv6m-ti-none-eabi\c\</path>
         <kind>archive</kind>
         <file>libc.a</file>
         <name>args_main.c.obj</name>
      </input_file>
      <input_file id="fl-bd">
         <path>E:\Work\TI\ccs\ccs\tools\compiler\ti-cgt-armllvm_3.2.2.LTS\lib\armv6m-ti-none-eabi\c\</path>
         <kind>archive</kind>
         <file>libsysbm.a</file>
         <name>write.c.obj</name>
      </input_file>
      <input_file id="fl-be">
         <path>E:\Work\TI\ccs\ccs\tools\compiler\ti-cgt-armllvm_3.2.2.LTS\lib\armv6m-ti-none-eabi\c\</path>
         <kind>archive</kind>
         <file>libsysbm.a</file>
         <name>host_device.c.obj</name>
      </input_file>
      <input_file id="fl-bf">
         <path>E:\Work\TI\ccs\ccs\tools\compiler\ti-cgt-armllvm_3.2.2.LTS\lib\armv6m-ti-none-eabi\c\</path>
         <kind>archive</kind>
         <file>libsysbm.a</file>
         <name>hostclose.c.obj</name>
      </input_file>
      <input_file id="fl-c0">
         <path>E:\Work\TI\ccs\ccs\tools\compiler\ti-cgt-armllvm_3.2.2.LTS\lib\armv6m-ti-none-eabi\c\</path>
         <kind>archive</kind>
         <file>libsysbm.a</file>
         <name>hostlseek.c.obj</name>
      </input_file>
      <input_file id="fl-c1">
         <path>E:\Work\TI\ccs\ccs\tools\compiler\ti-cgt-armllvm_3.2.2.LTS\lib\armv6m-ti-none-eabi\c\</path>
         <kind>archive</kind>
         <file>libsysbm.a</file>
         <name>hostopen.c.obj</name>
      </input_file>
      <input_file id="fl-c2">
         <path>E:\Work\TI\ccs\ccs\tools\compiler\ti-cgt-armllvm_3.2.2.LTS\lib\armv6m-ti-none-eabi\c\</path>
         <kind>archive</kind>
         <file>libsysbm.a</file>
         <name>hostread.c.obj</name>
      </input_file>
      <input_file id="fl-c3">
         <path>E:\Work\TI\ccs\ccs\tools\compiler\ti-cgt-armllvm_3.2.2.LTS\lib\armv6m-ti-none-eabi\c\</path>
         <kind>archive</kind>
         <file>libsysbm.a</file>
         <name>hostrename.c.obj</name>
      </input_file>
      <input_file id="fl-c4">
         <path>E:\Work\TI\ccs\ccs\tools\compiler\ti-cgt-armllvm_3.2.2.LTS\lib\armv6m-ti-none-eabi\c\</path>
         <kind>archive</kind>
         <file>libsysbm.a</file>
         <name>hostunlink.c.obj</name>
      </input_file>
      <input_file id="fl-c5">
         <path>E:\Work\TI\ccs\ccs\tools\compiler\ti-cgt-armllvm_3.2.2.LTS\lib\armv6m-ti-none-eabi\c\</path>
         <kind>archive</kind>
         <file>libsysbm.a</file>
         <name>hostwrite.c.obj</name>
      </input_file>
      <input_file id="fl-c6">
         <path>E:\Work\TI\ccs\ccs\tools\compiler\ti-cgt-armllvm_3.2.2.LTS\lib\armv6m-ti-none-eabi\c\</path>
         <kind>archive</kind>
         <file>libsysbm.a</file>
         <name>trgmsg.c.obj</name>
      </input_file>
      <input_file id="fl-c7">
         <path>E:\Work\TI\ccs\ccs\tools\compiler\ti-cgt-armllvm_3.2.2.LTS\lib\clang\15.0.7\lib\armv6m-ti-none-eabi\</path>
         <kind>archive</kind>
         <file>libclang_rt.builtins.a</file>
         <name>addsf3.S.obj</name>
      </input_file>
      <input_file id="fl-c8">
         <path>E:\Work\TI\ccs\ccs\tools\compiler\ti-cgt-armllvm_3.2.2.LTS\lib\clang\15.0.7\lib\armv6m-ti-none-eabi\</path>
         <kind>archive</kind>
         <file>libclang_rt.builtins.a</file>
         <name>adddf3.S.obj</name>
      </input_file>
      <input_file id="fl-c9">
         <path>E:\Work\TI\ccs\ccs\tools\compiler\ti-cgt-armllvm_3.2.2.LTS\lib\clang\15.0.7\lib\armv6m-ti-none-eabi\</path>
         <kind>archive</kind>
         <file>libclang_rt.builtins.a</file>
         <name>muldf3.S.obj</name>
      </input_file>
      <input_file id="fl-ca">
         <path>E:\Work\TI\ccs\ccs\tools\compiler\ti-cgt-armllvm_3.2.2.LTS\lib\clang\15.0.7\lib\armv6m-ti-none-eabi\</path>
         <kind>archive</kind>
         <file>libclang_rt.builtins.a</file>
         <name>muldsi3.S.obj</name>
      </input_file>
      <input_file id="fl-cb">
         <path>E:\Work\TI\ccs\ccs\tools\compiler\ti-cgt-armllvm_3.2.2.LTS\lib\clang\15.0.7\lib\armv6m-ti-none-eabi\</path>
         <kind>archive</kind>
         <file>libclang_rt.builtins.a</file>
         <name>mulsf3.S.obj</name>
      </input_file>
      <input_file id="fl-cc">
         <path>E:\Work\TI\ccs\ccs\tools\compiler\ti-cgt-armllvm_3.2.2.LTS\lib\clang\15.0.7\lib\armv6m-ti-none-eabi\</path>
         <kind>archive</kind>
         <file>libclang_rt.builtins.a</file>
         <name>divsf3.S.obj</name>
      </input_file>
      <input_file id="fl-cd">
         <path>E:\Work\TI\ccs\ccs\tools\compiler\ti-cgt-armllvm_3.2.2.LTS\lib\clang\15.0.7\lib\armv6m-ti-none-eabi\</path>
         <kind>archive</kind>
         <file>libclang_rt.builtins.a</file>
         <name>divdf3.S.obj</name>
      </input_file>
      <input_file id="fl-ce">
         <path>E:\Work\TI\ccs\ccs\tools\compiler\ti-cgt-armllvm_3.2.2.LTS\lib\clang\15.0.7\lib\armv6m-ti-none-eabi\</path>
         <kind>archive</kind>
         <file>libclang_rt.builtins.a</file>
         <name>extendsfdf2.S.obj</name>
      </input_file>
      <input_file id="fl-cf">
         <path>E:\Work\TI\ccs\ccs\tools\compiler\ti-cgt-armllvm_3.2.2.LTS\lib\clang\15.0.7\lib\armv6m-ti-none-eabi\</path>
         <kind>archive</kind>
         <file>libclang_rt.builtins.a</file>
         <name>fixdfsi.S.obj</name>
      </input_file>
      <input_file id="fl-d0">
         <path>E:\Work\TI\ccs\ccs\tools\compiler\ti-cgt-armllvm_3.2.2.LTS\lib\clang\15.0.7\lib\armv6m-ti-none-eabi\</path>
         <kind>archive</kind>
         <file>libclang_rt.builtins.a</file>
         <name>fixsfsi.S.obj</name>
      </input_file>
      <input_file id="fl-d1">
         <path>E:\Work\TI\ccs\ccs\tools\compiler\ti-cgt-armllvm_3.2.2.LTS\lib\clang\15.0.7\lib\armv6m-ti-none-eabi\</path>
         <kind>archive</kind>
         <file>libclang_rt.builtins.a</file>
         <name>fixunssfsi.S.obj</name>
      </input_file>
      <input_file id="fl-d2">
         <path>E:\Work\TI\ccs\ccs\tools\compiler\ti-cgt-armllvm_3.2.2.LTS\lib\clang\15.0.7\lib\armv6m-ti-none-eabi\</path>
         <kind>archive</kind>
         <file>libclang_rt.builtins.a</file>
         <name>floatsidf.S.obj</name>
      </input_file>
      <input_file id="fl-d3">
         <path>E:\Work\TI\ccs\ccs\tools\compiler\ti-cgt-armllvm_3.2.2.LTS\lib\clang\15.0.7\lib\armv6m-ti-none-eabi\</path>
         <kind>archive</kind>
         <file>libclang_rt.builtins.a</file>
         <name>floatsisf.S.obj</name>
      </input_file>
      <input_file id="fl-d4">
         <path>E:\Work\TI\ccs\ccs\tools\compiler\ti-cgt-armllvm_3.2.2.LTS\lib\clang\15.0.7\lib\armv6m-ti-none-eabi\</path>
         <kind>archive</kind>
         <file>libclang_rt.builtins.a</file>
         <name>floatunsisf.S.obj</name>
      </input_file>
      <input_file id="fl-d5">
         <path>E:\Work\TI\ccs\ccs\tools\compiler\ti-cgt-armllvm_3.2.2.LTS\lib\clang\15.0.7\lib\armv6m-ti-none-eabi\</path>
         <kind>archive</kind>
         <file>libclang_rt.builtins.a</file>
         <name>muldi3.S.obj</name>
      </input_file>
      <input_file id="fl-d6">
         <path>E:\Work\TI\ccs\ccs\tools\compiler\ti-cgt-armllvm_3.2.2.LTS\lib\clang\15.0.7\lib\armv6m-ti-none-eabi\</path>
         <kind>archive</kind>
         <file>libclang_rt.builtins.a</file>
         <name>truncdfsf2.S.obj</name>
      </input_file>
      <input_file id="fl-d7">
         <path>E:\Work\TI\ccs\ccs\tools\compiler\ti-cgt-armllvm_3.2.2.LTS\lib\clang\15.0.7\lib\armv6m-ti-none-eabi\</path>
         <kind>archive</kind>
         <file>libclang_rt.builtins.a</file>
         <name>aeabi_dcmp.S.obj</name>
      </input_file>
      <input_file id="fl-d8">
         <path>E:\Work\TI\ccs\ccs\tools\compiler\ti-cgt-armllvm_3.2.2.LTS\lib\clang\15.0.7\lib\armv6m-ti-none-eabi\</path>
         <kind>archive</kind>
         <file>libclang_rt.builtins.a</file>
         <name>aeabi_fcmp.S.obj</name>
      </input_file>
      <input_file id="fl-d9">
         <path>E:\Work\TI\ccs\ccs\tools\compiler\ti-cgt-armllvm_3.2.2.LTS\lib\clang\15.0.7\lib\armv6m-ti-none-eabi\</path>
         <kind>archive</kind>
         <file>libclang_rt.builtins.a</file>
         <name>aeabi_idivmod.S.obj</name>
      </input_file>
      <input_file id="fl-da">
         <path>E:\Work\TI\ccs\ccs\tools\compiler\ti-cgt-armllvm_3.2.2.LTS\lib\clang\15.0.7\lib\armv6m-ti-none-eabi\</path>
         <kind>archive</kind>
         <file>libclang_rt.builtins.a</file>
         <name>aeabi_ldivmod.S.obj</name>
      </input_file>
      <input_file id="fl-db">
         <path>E:\Work\TI\ccs\ccs\tools\compiler\ti-cgt-armllvm_3.2.2.LTS\lib\clang\15.0.7\lib\armv6m-ti-none-eabi\</path>
         <kind>archive</kind>
         <file>libclang_rt.builtins.a</file>
         <name>aeabi_memcpy.S.obj</name>
      </input_file>
      <input_file id="fl-dc">
         <path>E:\Work\TI\ccs\ccs\tools\compiler\ti-cgt-armllvm_3.2.2.LTS\lib\clang\15.0.7\lib\armv6m-ti-none-eabi\</path>
         <kind>archive</kind>
         <file>libclang_rt.builtins.a</file>
         <name>aeabi_memset.S.obj</name>
      </input_file>
      <input_file id="fl-dd">
         <path>E:\Work\TI\ccs\ccs\tools\compiler\ti-cgt-armllvm_3.2.2.LTS\lib\clang\15.0.7\lib\armv6m-ti-none-eabi\</path>
         <kind>archive</kind>
         <file>libclang_rt.builtins.a</file>
         <name>aeabi_uidivmod.S.obj</name>
      </input_file>
      <input_file id="fl-de">
         <path>E:\Work\TI\ccs\ccs\tools\compiler\ti-cgt-armllvm_3.2.2.LTS\lib\clang\15.0.7\lib\armv6m-ti-none-eabi\</path>
         <kind>archive</kind>
         <file>libclang_rt.builtins.a</file>
         <name>aeabi_uldivmod.S.obj</name>
      </input_file>
      <input_file id="fl-df">
         <path>E:\Work\TI\ccs\ccs\tools\compiler\ti-cgt-armllvm_3.2.2.LTS\lib\clang\15.0.7\lib\armv6m-ti-none-eabi\</path>
         <kind>archive</kind>
         <file>libclang_rt.builtins.a</file>
         <name>comparesf2.S.obj</name>
      </input_file>
      <input_file id="fl-e0">
         <path>E:\Work\TI\ccs\ccs\tools\compiler\ti-cgt-armllvm_3.2.2.LTS\lib\clang\15.0.7\lib\armv6m-ti-none-eabi\</path>
         <kind>archive</kind>
         <file>libclang_rt.builtins.a</file>
         <name>udivmoddi4.S.obj</name>
      </input_file>
      <input_file id="fl-e1">
         <path>E:\Work\TI\ccs\ccs\tools\compiler\ti-cgt-armllvm_3.2.2.LTS\lib\clang\15.0.7\lib\armv6m-ti-none-eabi\</path>
         <kind>archive</kind>
         <file>libclang_rt.builtins.a</file>
         <name>ashldi3.S.obj</name>
      </input_file>
      <input_file id="fl-e2">
         <path>E:\Work\TI\ccs\ccs\tools\compiler\ti-cgt-armllvm_3.2.2.LTS\lib\clang\15.0.7\lib\armv6m-ti-none-eabi\</path>
         <kind>archive</kind>
         <file>libclang_rt.builtins.a</file>
         <name>comparedf2.c.obj</name>
      </input_file>
      <input_file id="fl-e3">
         <path>E:\Work\TI\ccs\ccs\tools\compiler\ti-cgt-armllvm_3.2.2.LTS\lib\clang\15.0.7\lib\armv6m-ti-none-eabi\</path>
         <kind>archive</kind>
         <file>libclang_rt.builtins.a</file>
         <name>divmoddi4.c.obj</name>
      </input_file>
      <input_file id="fl-e4">
         <path>E:\Work\TI\ccs\ccs\tools\compiler\ti-cgt-armllvm_3.2.2.LTS\lib\clang\15.0.7\lib\armv6m-ti-none-eabi\</path>
         <kind>archive</kind>
         <file>libclang_rt.builtins.a</file>
         <name>aeabi_div0.c.obj</name>
      </input_file>
      <input_file id="fl-e5">
         <path>E:\Work\TI\ccs\ccs\tools\compiler\ti-cgt-armllvm_3.2.2.LTS\lib\armv6m-ti-none-eabi\c\</path>
         <kind>archive</kind>
         <file>libc.a</file>
         <name>memcpy16.S.obj</name>
      </input_file>
      <input_file id="fl-e6">
         <path>E:\Work\TI\ccs\ccs\tools\compiler\ti-cgt-armllvm_3.2.2.LTS\lib\armv6m-ti-none-eabi\c\</path>
         <kind>archive</kind>
         <file>libc.a</file>
         <name>memset16.S.obj</name>
      </input_file>
   </input_file_list>
   <object_component_list>
      <object_component id="oc-18">
         <name>.intvecs</name>
         <load_address>0x0</load_address>
         <readonly>true</readonly>
         <run_address>0x0</run_address>
         <size>0xc0</size>
         <alignment>0x4</alignment>
         <input_file_ref idref="fl-3"/>
      </object_component>
      <object_component id="oc-2d0">
         <name>.text:__TI_printfi_nofloat</name>
         <load_address>0xc0</load_address>
         <readonly>true</readonly>
         <executable>true</executable>
         <run_address>0xc0</run_address>
         <size>0x888</size>
         <alignment>0x4</alignment>
         <input_file_ref idref="fl-38"/>
      </object_component>
      <object_component id="oc-39">
         <name>.text.UART1_IRQHandler</name>
         <load_address>0x948</load_address>
         <readonly>true</readonly>
         <executable>true</executable>
         <run_address>0x948</run_address>
         <size>0x414</size>
         <alignment>0x4</alignment>
         <input_file_ref idref="fl-15"/>
      </object_component>
      <object_component id="oc-21c">
         <name>.text.asin</name>
         <load_address>0xd5c</load_address>
         <readonly>true</readonly>
         <executable>true</executable>
         <run_address>0xd5c</run_address>
         <size>0x370</size>
         <alignment>0x4</alignment>
         <input_file_ref idref="fl-39"/>
      </object_component>
      <object_component id="oc-2ff">
         <name>.text.atan</name>
         <load_address>0x10cc</load_address>
         <readonly>true</readonly>
         <executable>true</executable>
         <run_address>0x10cc</run_address>
         <size>0x2f8</size>
         <alignment>0x4</alignment>
         <input_file_ref idref="fl-3c"/>
      </object_component>
      <object_component id="oc-203">
         <name>.text.dmp_enable_feature</name>
         <load_address>0x13c4</load_address>
         <readonly>true</readonly>
         <executable>true</executable>
         <run_address>0x13c4</run_address>
         <size>0x278</size>
         <alignment>0x4</alignment>
         <input_file_ref idref="fl-7"/>
      </object_component>
      <object_component id="oc-2c0">
         <name>.text.dmp_set_tap_thresh</name>
         <load_address>0x163c</load_address>
         <readonly>true</readonly>
         <executable>true</executable>
         <run_address>0x163c</run_address>
         <size>0x238</size>
         <alignment>0x4</alignment>
         <input_file_ref idref="fl-7"/>
      </object_component>
      <object_component id="oc-2b6">
         <name>.text.mpu_reset_fifo</name>
         <load_address>0x1874</load_address>
         <readonly>true</readonly>
         <executable>true</executable>
         <run_address>0x1874</run_address>
         <size>0x220</size>
         <alignment>0x4</alignment>
         <input_file_ref idref="fl-6"/>
      </object_component>
      <object_component id="oc-187">
         <name>.text.mpu_dmp_get_data</name>
         <load_address>0x1a94</load_address>
         <readonly>true</readonly>
         <executable>true</executable>
         <run_address>0x1a94</run_address>
         <size>0x214</size>
         <alignment>0x4</alignment>
         <input_file_ref idref="fl-6"/>
      </object_component>
      <object_component id="oc-1f8">
         <name>.text.mpu_init</name>
         <load_address>0x1ca8</load_address>
         <readonly>true</readonly>
         <executable>true</executable>
         <run_address>0x1ca8</run_address>
         <size>0x214</size>
         <alignment>0x4</alignment>
         <input_file_ref idref="fl-6"/>
      </object_component>
      <object_component id="oc-213">
         <name>.text.dmp_read_fifo</name>
         <load_address>0x1ebc</load_address>
         <readonly>true</readonly>
         <executable>true</executable>
         <run_address>0x1ebc</run_address>
         <size>0x1f4</size>
         <alignment>0x4</alignment>
         <input_file_ref idref="fl-7"/>
      </object_component>
      <object_component id="oc-44">
         <name>.text.TIMA1_IRQHandler</name>
         <load_address>0x20b0</load_address>
         <readonly>true</readonly>
         <executable>true</executable>
         <run_address>0x20b0</run_address>
         <size>0x1e8</size>
         <alignment>0x4</alignment>
         <input_file_ref idref="fl-f"/>
      </object_component>
      <object_component id="oc-1d1">
         <name>.text.SYSCFG_DL_GPIO_init</name>
         <load_address>0x2298</load_address>
         <readonly>true</readonly>
         <executable>true</executable>
         <run_address>0x2298</run_address>
         <size>0x1d8</size>
         <alignment>0x4</alignment>
         <input_file_ref idref="fl-2"/>
      </object_component>
      <object_component id="oc-2af">
         <name>.text.mpu_set_bypass</name>
         <load_address>0x2470</load_address>
         <readonly>true</readonly>
         <executable>true</executable>
         <run_address>0x2470</run_address>
         <size>0x1a0</size>
         <alignment>0x4</alignment>
         <input_file_ref idref="fl-6"/>
      </object_component>
      <object_component id="oc-233">
         <name>.text.OLED_ShowChar</name>
         <load_address>0x2610</load_address>
         <readonly>true</readonly>
         <executable>true</executable>
         <run_address>0x2610</run_address>
         <size>0x198</size>
         <alignment>0x4</alignment>
         <input_file_ref idref="fl-d"/>
      </object_component>
      <object_component id="oc-22a">
         <name>.text.atan2</name>
         <load_address>0x27a8</load_address>
         <readonly>true</readonly>
         <executable>true</executable>
         <run_address>0x27a8</run_address>
         <size>0x198</size>
         <alignment>0x4</alignment>
         <input_file_ref idref="fl-3a"/>
      </object_component>
      <object_component id="oc-2e7">
         <name>.text.adddf3_subdf3</name>
         <load_address>0x2940</load_address>
         <readonly>true</readonly>
         <executable>true</executable>
         <run_address>0x2940</run_address>
         <size>0x192</size>
         <alignment>0x4</alignment>
         <input_file_ref idref="fl-c8"/>
      </object_component>
      <object_component id="oc-1ee">
         <name>.text.OLED_I2C_Init</name>
         <load_address>0x2ad2</load_address>
         <readonly>true</readonly>
         <executable>true</executable>
         <run_address>0x2ad2</run_address>
         <size>0x2</size>
         <alignment>0x2</alignment>
         <input_file_ref idref="fl-d"/>
      </object_component>
      <object_component id="oc-2f1">
         <name>.text.sqrt</name>
         <load_address>0x2ad4</load_address>
         <readonly>true</readonly>
         <executable>true</executable>
         <run_address>0x2ad4</run_address>
         <size>0x184</size>
         <alignment>0x4</alignment>
         <input_file_ref idref="fl-3b"/>
      </object_component>
      <object_component id="oc-202">
         <name>.text.dmp_set_orientation</name>
         <load_address>0x2c58</load_address>
         <readonly>true</readonly>
         <executable>true</executable>
         <run_address>0x2c58</run_address>
         <size>0x178</size>
         <alignment>0x4</alignment>
         <input_file_ref idref="fl-7"/>
      </object_component>
      <object_component id="oc-f3">
         <name>.text.main</name>
         <load_address>0x2dd0</load_address>
         <readonly>true</readonly>
         <executable>true</executable>
         <run_address>0x2dd0</run_address>
         <size>0x168</size>
         <alignment>0x4</alignment>
         <input_file_ref idref="fl-1"/>
      </object_component>
      <object_component id="oc-2a6">
         <name>.text.MPU6050_ReadData</name>
         <load_address>0x2f38</load_address>
         <readonly>true</readonly>
         <executable>true</executable>
         <run_address>0x2f38</run_address>
         <size>0x134</size>
         <alignment>0x4</alignment>
         <input_file_ref idref="fl-5"/>
      </object_component>
      <object_component id="oc-1f9">
         <name>.text.mpu_set_sensors</name>
         <load_address>0x306c</load_address>
         <readonly>true</readonly>
         <executable>true</executable>
         <run_address>0x306c</run_address>
         <size>0x130</size>
         <alignment>0x4</alignment>
         <input_file_ref idref="fl-6"/>
      </object_component>
      <object_component id="oc-45">
         <name>.text.I2C1_IRQHandler</name>
         <load_address>0x319c</load_address>
         <readonly>true</readonly>
         <executable>true</executable>
         <run_address>0x319c</run_address>
         <size>0x12c</size>
         <alignment>0x4</alignment>
         <input_file_ref idref="fl-5"/>
      </object_component>
      <object_component id="oc-1d0">
         <name>.text.SYSCFG_DL_initPower</name>
         <load_address>0x32c8</load_address>
         <readonly>true</readonly>
         <executable>true</executable>
         <run_address>0x32c8</run_address>
         <size>0x12c</size>
         <alignment>0x4</alignment>
         <input_file_ref idref="fl-2"/>
      </object_component>
      <object_component id="oc-1e9">
         <name>.text.MPU6050_WriteReg</name>
         <load_address>0x33f4</load_address>
         <readonly>true</readonly>
         <executable>true</executable>
         <run_address>0x33f4</run_address>
         <size>0x124</size>
         <alignment>0x4</alignment>
         <input_file_ref idref="fl-5"/>
      </object_component>
      <object_component id="oc-2b8">
         <name>.text.mpu_load_firmware</name>
         <load_address>0x3518</load_address>
         <readonly>true</readonly>
         <executable>true</executable>
         <run_address>0x3518</run_address>
         <size>0x124</size>
         <alignment>0x4</alignment>
         <input_file_ref idref="fl-6"/>
      </object_component>
      <object_component id="oc-17b">
         <name>.text.mpu_dmp_init</name>
         <load_address>0x363c</load_address>
         <readonly>true</readonly>
         <executable>true</executable>
         <run_address>0x363c</run_address>
         <size>0x118</size>
         <alignment>0x4</alignment>
         <input_file_ref idref="fl-6"/>
      </object_component>
      <object_component id="oc-2b7">
         <name>.text.mpu_lp_accel_mode</name>
         <load_address>0x3754</load_address>
         <readonly>true</readonly>
         <executable>true</executable>
         <run_address>0x3754</run_address>
         <size>0x110</size>
         <alignment>0x4</alignment>
         <input_file_ref idref="fl-6"/>
      </object_component>
      <object_component id="oc-2f5">
         <name>.text.__divdf3</name>
         <load_address>0x3864</load_address>
         <readonly>true</readonly>
         <executable>true</executable>
         <run_address>0x3864</run_address>
         <size>0x10c</size>
         <alignment>0x4</alignment>
         <input_file_ref idref="fl-cd"/>
      </object_component>
      <object_component id="oc-2dd">
         <name>.text.mpu_read_fifo_stream</name>
         <load_address>0x3970</load_address>
         <readonly>true</readonly>
         <executable>true</executable>
         <run_address>0x3970</run_address>
         <size>0x108</size>
         <alignment>0x4</alignment>
         <input_file_ref idref="fl-6"/>
      </object_component>
      <object_component id="oc-bc">
         <name>.text.X_PID_X_value</name>
         <load_address>0x3a78</load_address>
         <readonly>true</readonly>
         <executable>true</executable>
         <run_address>0x3a78</run_address>
         <size>0xf4</size>
         <alignment>0x4</alignment>
         <input_file_ref idref="fl-14"/>
      </object_component>
      <object_component id="oc-bd">
         <name>.text.Y_PID_X_value</name>
         <load_address>0x3b6c</load_address>
         <readonly>true</readonly>
         <executable>true</executable>
         <run_address>0x3b6c</run_address>
         <size>0xf4</size>
         <alignment>0x4</alignment>
         <input_file_ref idref="fl-14"/>
      </object_component>
      <object_component id="oc-1fb">
         <name>.text.mpu_set_sample_rate</name>
         <load_address>0x3c60</load_address>
         <readonly>true</readonly>
         <executable>true</executable>
         <run_address>0x3c60</run_address>
         <size>0xec</size>
         <alignment>0x4</alignment>
         <input_file_ref idref="fl-6"/>
      </object_component>
      <object_component id="oc-271">
         <name>.text.DL_Timer_initTimerMode</name>
         <load_address>0x3d4c</load_address>
         <readonly>true</readonly>
         <executable>true</executable>
         <run_address>0x3d4c</run_address>
         <size>0xe8</size>
         <alignment>0x4</alignment>
         <input_file_ref idref="fl-27"/>
      </object_component>
      <object_component id="oc-188">
         <name>.text.OLED_ShowNum</name>
         <load_address>0x3e34</load_address>
         <readonly>true</readonly>
         <executable>true</executable>
         <run_address>0x3e34</run_address>
         <size>0xe8</size>
         <alignment>0x2</alignment>
         <input_file_ref idref="fl-d"/>
      </object_component>
      <object_component id="oc-222">
         <name>.text.__muldf3</name>
         <load_address>0x3f1c</load_address>
         <readonly>true</readonly>
         <executable>true</executable>
         <run_address>0x3f1c</run_address>
         <size>0xe4</size>
         <alignment>0x4</alignment>
         <input_file_ref idref="fl-c9"/>
      </object_component>
      <object_component id="oc-2ad">
         <name>.text.mpu_set_accel_fsr</name>
         <load_address>0x4000</load_address>
         <readonly>true</readonly>
         <executable>true</executable>
         <run_address>0x4000</run_address>
         <size>0xe4</size>
         <alignment>0x4</alignment>
         <input_file_ref idref="fl-6"/>
      </object_component>
      <object_component id="oc-bb">
         <name>.text.LocationPID_change</name>
         <load_address>0x40e4</load_address>
         <readonly>true</readonly>
         <executable>true</executable>
         <run_address>0x40e4</run_address>
         <size>0xd8</size>
         <alignment>0x4</alignment>
         <input_file_ref idref="fl-14"/>
      </object_component>
      <object_component id="oc-115">
         <name>.text</name>
         <load_address>0x41bc</load_address>
         <readonly>true</readonly>
         <executable>true</executable>
         <run_address>0x41bc</run_address>
         <size>0xd8</size>
         <alignment>0x4</alignment>
         <input_file_ref idref="fl-c7"/>
      </object_component>
      <object_component id="oc-2b5">
         <name>.text.set_int_enable</name>
         <load_address>0x4294</load_address>
         <readonly>true</readonly>
         <executable>true</executable>
         <run_address>0x4294</run_address>
         <size>0xd4</size>
         <alignment>0x4</alignment>
         <input_file_ref idref="fl-6"/>
      </object_component>
      <object_component id="oc-2ae">
         <name>.text.mpu_set_lpf</name>
         <load_address>0x4368</load_address>
         <readonly>true</readonly>
         <executable>true</executable>
         <run_address>0x4368</run_address>
         <size>0xd0</size>
         <alignment>0x4</alignment>
         <input_file_ref idref="fl-6"/>
      </object_component>
      <object_component id="oc-16f">
         <name>.text.MPU6050_Init</name>
         <load_address>0x4438</load_address>
         <readonly>true</readonly>
         <executable>true</executable>
         <run_address>0x4438</run_address>
         <size>0xce</size>
         <alignment>0x2</alignment>
         <input_file_ref idref="fl-5"/>
      </object_component>
      <object_component id="oc-1e1">
         <name>.text.SYSCFG_DL_DMA_init</name>
         <load_address>0x4506</load_address>
         <readonly>true</readonly>
         <executable>true</executable>
         <run_address>0x4506</run_address>
         <size>0x2</size>
         <alignment>0x2</alignment>
         <input_file_ref idref="fl-2"/>
      </object_component>
      <object_component id="oc-266">
         <name>.text.DL_Timer_initPWMMode</name>
         <load_address>0x4508</load_address>
         <readonly>true</readonly>
         <executable>true</executable>
         <run_address>0x4508</run_address>
         <size>0xc4</size>
         <alignment>0x4</alignment>
         <input_file_ref idref="fl-27"/>
      </object_component>
      <object_component id="oc-170">
         <name>.text.OLED_Init</name>
         <load_address>0x45cc</load_address>
         <readonly>true</readonly>
         <executable>true</executable>
         <run_address>0x45cc</run_address>
         <size>0xc4</size>
         <alignment>0x4</alignment>
         <input_file_ref idref="fl-d"/>
      </object_component>
      <object_component id="oc-2ac">
         <name>.text.mpu_set_gyro_fsr</name>
         <load_address>0x4690</load_address>
         <readonly>true</readonly>
         <executable>true</executable>
         <run_address>0x4690</run_address>
         <size>0xc4</size>
         <alignment>0x4</alignment>
         <input_file_ref idref="fl-6"/>
      </object_component>
      <object_component id="oc-1fa">
         <name>.text.mpu_configure_fifo</name>
         <load_address>0x4754</load_address>
         <readonly>true</readonly>
         <executable>true</executable>
         <run_address>0x4754</run_address>
         <size>0xbc</size>
         <alignment>0x4</alignment>
         <input_file_ref idref="fl-6"/>
      </object_component>
      <object_component id="oc-205">
         <name>.text.mpu_set_dmp_state</name>
         <load_address>0x4810</load_address>
         <readonly>true</readonly>
         <executable>true</executable>
         <run_address>0x4810</run_address>
         <size>0xb8</size>
         <alignment>0x4</alignment>
         <input_file_ref idref="fl-6"/>
      </object_component>
      <object_component id="oc-34">
         <name>.text.GROUP1_IRQHandler</name>
         <load_address>0x48c8</load_address>
         <readonly>true</readonly>
         <executable>true</executable>
         <run_address>0x48c8</run_address>
         <size>0xb4</size>
         <alignment>0x4</alignment>
         <input_file_ref idref="fl-11"/>
      </object_component>
      <object_component id="oc-a1">
         <name>.text.Turn_left</name>
         <load_address>0x497c</load_address>
         <readonly>true</readonly>
         <executable>true</executable>
         <run_address>0x497c</run_address>
         <size>0xac</size>
         <alignment>0x4</alignment>
         <input_file_ref idref="fl-e"/>
      </object_component>
      <object_component id="oc-31f">
         <name>.text.mpu_read_mem</name>
         <load_address>0x4a28</load_address>
         <readonly>true</readonly>
         <executable>true</executable>
         <run_address>0x4a28</run_address>
         <size>0xac</size>
         <alignment>0x4</alignment>
         <input_file_ref idref="fl-6"/>
      </object_component>
      <object_component id="oc-2bd">
         <name>.text.mpu_write_mem</name>
         <load_address>0x4ad4</load_address>
         <readonly>true</readonly>
         <executable>true</executable>
         <run_address>0x4ad4</run_address>
         <size>0xac</size>
         <alignment>0x4</alignment>
         <input_file_ref idref="fl-6"/>
      </object_component>
      <object_component id="oc-376">
         <name>.text</name>
         <load_address>0x4b80</load_address>
         <readonly>true</readonly>
         <executable>true</executable>
         <run_address>0x4b80</run_address>
         <size>0xa2</size>
         <alignment>0x4</alignment>
         <input_file_ref idref="fl-e0"/>
      </object_component>
      <object_component id="oc-308">
         <name>.text.__aeabi_idiv0</name>
         <load_address>0x4c22</load_address>
         <readonly>true</readonly>
         <executable>true</executable>
         <run_address>0x4c22</run_address>
         <size>0x2</size>
         <alignment>0x2</alignment>
         <input_file_ref idref="fl-e4"/>
      </object_component>
      <object_component id="oc-2b4">
         <name>.text.mpu_set_int_latched</name>
         <load_address>0x4c24</load_address>
         <readonly>true</readonly>
         <executable>true</executable>
         <run_address>0x4c24</run_address>
         <size>0x9c</size>
         <alignment>0x4</alignment>
         <input_file_ref idref="fl-6"/>
      </object_component>
      <object_component id="oc-204">
         <name>.text.dmp_set_fifo_rate</name>
         <load_address>0x4cc0</load_address>
         <readonly>true</readonly>
         <executable>true</executable>
         <run_address>0x4cc0</run_address>
         <size>0x98</size>
         <alignment>0x4</alignment>
         <input_file_ref idref="fl-7"/>
      </object_component>
      <object_component id="oc-2bc">
         <name>.text.inv_row_2_scale</name>
         <load_address>0x4d58</load_address>
         <readonly>true</readonly>
         <executable>true</executable>
         <run_address>0x4d58</run_address>
         <size>0x96</size>
         <alignment>0x2</alignment>
         <input_file_ref idref="fl-6"/>
      </object_component>
      <object_component id="oc-39b">
         <name>.text.__aeabi_ldiv0</name>
         <load_address>0x4dee</load_address>
         <readonly>true</readonly>
         <executable>true</executable>
         <run_address>0x4dee</run_address>
         <size>0x2</size>
         <alignment>0x2</alignment>
         <input_file_ref idref="fl-e4"/>
      </object_component>
      <object_component id="oc-b9">
         <name>.text.motor_set_L</name>
         <load_address>0x4df0</load_address>
         <readonly>true</readonly>
         <executable>true</executable>
         <run_address>0x4df0</run_address>
         <size>0x94</size>
         <alignment>0x4</alignment>
         <input_file_ref idref="fl-13"/>
      </object_component>
      <object_component id="oc-ba">
         <name>.text.motor_set_R</name>
         <load_address>0x4e84</load_address>
         <readonly>true</readonly>
         <executable>true</executable>
         <run_address>0x4e84</run_address>
         <size>0x94</size>
         <alignment>0x4</alignment>
         <input_file_ref idref="fl-13"/>
      </object_component>
      <object_component id="oc-b4">
         <name>.text.IncrementalPID_update</name>
         <load_address>0x4f18</load_address>
         <readonly>true</readonly>
         <executable>true</executable>
         <run_address>0x4f18</run_address>
         <size>0x90</size>
         <alignment>0x2</alignment>
         <input_file_ref idref="fl-14"/>
      </object_component>
      <object_component id="oc-2a5">
         <name>.text.MPU_Set_LPF</name>
         <load_address>0x4fa8</load_address>
         <readonly>true</readonly>
         <executable>true</executable>
         <run_address>0x4fa8</run_address>
         <size>0x90</size>
         <alignment>0x2</alignment>
         <input_file_ref idref="fl-5"/>
      </object_component>
      <object_component id="oc-18d">
         <name>.text.VOFATransmit</name>
         <load_address>0x5038</load_address>
         <readonly>true</readonly>
         <executable>true</executable>
         <run_address>0x5038</run_address>
         <size>0x90</size>
         <alignment>0x4</alignment>
         <input_file_ref idref="fl-16"/>
      </object_component>
      <object_component id="oc-119">
         <name>.text.__mulsf3</name>
         <load_address>0x50c8</load_address>
         <readonly>true</readonly>
         <executable>true</executable>
         <run_address>0x50c8</run_address>
         <size>0x8c</size>
         <alignment>0x4</alignment>
         <input_file_ref idref="fl-cb"/>
      </object_component>
      <object_component id="oc-2de">
         <name>.text.decode_gesture</name>
         <load_address>0x5154</load_address>
         <readonly>true</readonly>
         <executable>true</executable>
         <run_address>0x5154</run_address>
         <size>0x8c</size>
         <alignment>0x4</alignment>
         <input_file_ref idref="fl-7"/>
      </object_component>
      <object_component id="oc-1d4">
         <name>.text.SYSCFG_DL_PWM_1_init</name>
         <load_address>0x51e0</load_address>
         <readonly>true</readonly>
         <executable>true</executable>
         <run_address>0x51e0</run_address>
         <size>0x84</size>
         <alignment>0x4</alignment>
         <input_file_ref idref="fl-2"/>
      </object_component>
      <object_component id="oc-1d5">
         <name>.text.SYSCFG_DL_PWM_2_init</name>
         <load_address>0x5264</load_address>
         <readonly>true</readonly>
         <executable>true</executable>
         <run_address>0x5264</run_address>
         <size>0x84</size>
         <alignment>0x4</alignment>
         <input_file_ref idref="fl-2"/>
      </object_component>
      <object_component id="oc-214">
         <name>.text.__divsf3</name>
         <load_address>0x52e8</load_address>
         <readonly>true</readonly>
         <executable>true</executable>
         <run_address>0x52e8</run_address>
         <size>0x82</size>
         <alignment>0x4</alignment>
         <input_file_ref idref="fl-cc"/>
      </object_component>
      <object_component id="oc-2d2">
         <name>.text._nop</name>
         <load_address>0x536a</load_address>
         <readonly>true</readonly>
         <executable>true</executable>
         <run_address>0x536a</run_address>
         <size>0x2</size>
         <alignment>0x2</alignment>
         <input_file_ref idref="fl-40"/>
      </object_component>
      <object_component id="oc-1d3">
         <name>.text.SYSCFG_DL_PWM_0_init</name>
         <load_address>0x536c</load_address>
         <readonly>true</readonly>
         <executable>true</executable>
         <run_address>0x536c</run_address>
         <size>0x80</size>
         <alignment>0x4</alignment>
         <input_file_ref idref="fl-2"/>
      </object_component>
      <object_component id="oc-16a">
         <name>.text.SYSCFG_DL_init</name>
         <load_address>0x53ec</load_address>
         <readonly>true</readonly>
         <executable>true</executable>
         <run_address>0x53ec</run_address>
         <size>0x7c</size>
         <alignment>0x4</alignment>
         <input_file_ref idref="fl-2"/>
      </object_component>
      <object_component id="oc-1c">
         <name>.text:decompress:lzss</name>
         <load_address>0x5468</load_address>
         <readonly>true</readonly>
         <executable>true</executable>
         <run_address>0x5468</run_address>
         <size>0x78</size>
         <alignment>0x4</alignment>
         <input_file_ref idref="fl-51"/>
      </object_component>
      <object_component id="oc-2aa">
         <name>.text.I2C_WriteByte</name>
         <load_address>0x54e0</load_address>
         <readonly>true</readonly>
         <executable>true</executable>
         <run_address>0x54e0</run_address>
         <size>0x74</size>
         <alignment>0x4</alignment>
         <input_file_ref idref="fl-d"/>
      </object_component>
      <object_component id="oc-7b">
         <name>.text.__aeabi_memclr</name>
         <load_address>0x5554</load_address>
         <readonly>true</readonly>
         <executable>true</executable>
         <run_address>0x5554</run_address>
         <size>0xc</size>
         <alignment>0x4</alignment>
         <input_file_ref idref="fl-dc"/>
      </object_component>
      <object_component id="oc-226">
         <name>.text.__truncdfsf2</name>
         <load_address>0x5560</load_address>
         <readonly>true</readonly>
         <executable>true</executable>
         <run_address>0x5560</run_address>
         <size>0x74</size>
         <alignment>0x10</alignment>
         <input_file_ref idref="fl-d6"/>
      </object_component>
      <object_component id="oc-324">
         <name>.text.mpu_get_accel_fsr</name>
         <load_address>0x55d4</load_address>
         <readonly>true</readonly>
         <executable>true</executable>
         <run_address>0x55d4</run_address>
         <size>0x74</size>
         <alignment>0x4</alignment>
         <input_file_ref idref="fl-6"/>
      </object_component>
      <object_component id="oc-1ec">
         <name>.text.MPU_Set_Rate</name>
         <load_address>0x5648</load_address>
         <readonly>true</readonly>
         <executable>true</executable>
         <run_address>0x5648</run_address>
         <size>0x70</size>
         <alignment>0x4</alignment>
         <input_file_ref idref="fl-5"/>
      </object_component>
      <object_component id="oc-357">
         <name>.text.__gedf2</name>
         <load_address>0x56b8</load_address>
         <readonly>true</readonly>
         <executable>true</executable>
         <run_address>0x56b8</run_address>
         <size>0x70</size>
         <alignment>0x4</alignment>
         <input_file_ref idref="fl-e2"/>
      </object_component>
      <object_component id="oc-351">
         <name>.text.__ledf2</name>
         <load_address>0x5728</load_address>
         <readonly>true</readonly>
         <executable>true</executable>
         <run_address>0x5728</run_address>
         <size>0x6c</size>
         <alignment>0x4</alignment>
         <input_file_ref idref="fl-e2"/>
      </object_component>
      <object_component id="oc-1f2">
         <name>.text.OLED_Fill</name>
         <load_address>0x5794</load_address>
         <readonly>true</readonly>
         <executable>true</executable>
         <run_address>0x5794</run_address>
         <size>0x68</size>
         <alignment>0x2</alignment>
         <input_file_ref idref="fl-d"/>
      </object_component>
      <object_component id="oc-2c1">
         <name>.text.dmp_set_tap_axes</name>
         <load_address>0x57fc</load_address>
         <readonly>true</readonly>
         <executable>true</executable>
         <run_address>0x57fc</run_address>
         <size>0x66</size>
         <alignment>0x2</alignment>
         <input_file_ref idref="fl-7"/>
      </object_component>
      <object_component id="oc-1d9">
         <name>.text.SYSCFG_DL_I2C_MPU6050_init</name>
         <load_address>0x5864</load_address>
         <readonly>true</readonly>
         <executable>true</executable>
         <run_address>0x5864</run_address>
         <size>0x64</size>
         <alignment>0x4</alignment>
         <input_file_ref idref="fl-2"/>
      </object_component>
      <object_component id="oc-2eb">
         <name>.text.__aeabi_dcmp</name>
         <load_address>0x58c8</load_address>
         <readonly>true</readonly>
         <executable>true</executable>
         <run_address>0x58c8</run_address>
         <size>0x62</size>
         <alignment>0x4</alignment>
         <input_file_ref idref="fl-d7"/>
      </object_component>
      <object_component id="oc-135">
         <name>.text.__aeabi_fcmp</name>
         <load_address>0x592c</load_address>
         <readonly>true</readonly>
         <executable>true</executable>
         <run_address>0x592c</run_address>
         <size>0x62</size>
         <alignment>0x4</alignment>
         <input_file_ref idref="fl-d8"/>
      </object_component>
      <object_component id="oc-2bf">
         <name>.text.dmp_enable_gyro_cal</name>
         <load_address>0x5990</load_address>
         <readonly>true</readonly>
         <executable>true</executable>
         <run_address>0x5990</run_address>
         <size>0x60</size>
         <alignment>0x4</alignment>
         <input_file_ref idref="fl-7"/>
      </object_component>
      <object_component id="oc-dc">
         <name>.text.DL_I2C_fillControllerTXFIFO</name>
         <load_address>0x59f0</load_address>
         <readonly>true</readonly>
         <executable>true</executable>
         <run_address>0x59f0</run_address>
         <size>0x5e</size>
         <alignment>0x2</alignment>
         <input_file_ref idref="fl-26"/>
      </object_component>
      <object_component id="oc-1ed">
         <name>.text.MPU6050ReadID</name>
         <load_address>0x5a50</load_address>
         <readonly>true</readonly>
         <executable>true</executable>
         <run_address>0x5a50</run_address>
         <size>0x5c</size>
         <alignment>0x4</alignment>
         <input_file_ref idref="fl-5"/>
      </object_component>
      <object_component id="oc-180">
         <name>.text.printf</name>
         <load_address>0x5aac</load_address>
         <readonly>true</readonly>
         <executable>true</executable>
         <run_address>0x5aac</run_address>
         <size>0x5c</size>
         <alignment>0x4</alignment>
         <input_file_ref idref="fl-37"/>
      </object_component>
      <object_component id="oc-1da">
         <name>.text.SYSCFG_DL_I2C_0_init</name>
         <load_address>0x5b08</load_address>
         <readonly>true</readonly>
         <executable>true</executable>
         <run_address>0x5b08</run_address>
         <size>0x58</size>
         <alignment>0x4</alignment>
         <input_file_ref idref="fl-2"/>
      </object_component>
      <object_component id="oc-325">
         <name>.text.__aeabi_idivmod</name>
         <load_address>0x5b60</load_address>
         <readonly>true</readonly>
         <executable>true</executable>
         <run_address>0x5b60</run_address>
         <size>0x56</size>
         <alignment>0x4</alignment>
         <input_file_ref idref="fl-d9"/>
      </object_component>
      <object_component id="oc-31b">
         <name>.text.DL_I2C_startControllerTransfer</name>
         <load_address>0x5bb8</load_address>
         <readonly>true</readonly>
         <executable>true</executable>
         <run_address>0x5bb8</run_address>
         <size>0x50</size>
         <alignment>0x4</alignment>
         <input_file_ref idref="fl-d"/>
      </object_component>
      <object_component id="oc-2a4">
         <name>.text.DL_I2C_startControllerTransfer</name>
         <load_address>0x5c08</load_address>
         <readonly>true</readonly>
         <executable>true</executable>
         <run_address>0x5c08</run_address>
         <size>0x50</size>
         <alignment>0x4</alignment>
         <input_file_ref idref="fl-5"/>
      </object_component>
      <object_component id="oc-2db">
         <name>.text.fputs</name>
         <load_address>0x5c58</load_address>
         <readonly>true</readonly>
         <executable>true</executable>
         <run_address>0x5c58</run_address>
         <size>0x50</size>
         <alignment>0x4</alignment>
         <input_file_ref idref="fl-4"/>
      </object_component>
      <object_component id="oc-28d">
         <name>.text.DL_UART_setBaudRateDivisor</name>
         <load_address>0x5ca8</load_address>
         <readonly>true</readonly>
         <executable>true</executable>
         <run_address>0x5ca8</run_address>
         <size>0x4c</size>
         <alignment>0x4</alignment>
         <input_file_ref idref="fl-2"/>
      </object_component>
      <object_component id="oc-29e">
         <name>.text.DL_ADC12_configConversionMem</name>
         <load_address>0x5cf4</load_address>
         <readonly>true</readonly>
         <executable>true</executable>
         <run_address>0x5cf4</run_address>
         <size>0x4a</size>
         <alignment>0x2</alignment>
         <input_file_ref idref="fl-2"/>
      </object_component>
      <object_component id="oc-28b">
         <name>.text.DL_UART_init</name>
         <load_address>0x5d40</load_address>
         <readonly>true</readonly>
         <executable>true</executable>
         <run_address>0x5d40</run_address>
         <size>0x48</size>
         <alignment>0x4</alignment>
         <input_file_ref idref="fl-28"/>
      </object_component>
      <object_component id="oc-1db">
         <name>.text.SYSCFG_DL_UART_0_init</name>
         <load_address>0x5d88</load_address>
         <readonly>true</readonly>
         <executable>true</executable>
         <run_address>0x5d88</run_address>
         <size>0x48</size>
         <alignment>0x4</alignment>
         <input_file_ref idref="fl-2"/>
      </object_component>
      <object_component id="oc-1dc">
         <name>.text.SYSCFG_DL_UART_1_init</name>
         <load_address>0x5dd0</load_address>
         <readonly>true</readonly>
         <executable>true</executable>
         <run_address>0x5dd0</run_address>
         <size>0x48</size>
         <alignment>0x4</alignment>
         <input_file_ref idref="fl-2"/>
      </object_component>
      <object_component id="oc-1dd">
         <name>.text.SYSCFG_DL_UART_2_init</name>
         <load_address>0x5e18</load_address>
         <readonly>true</readonly>
         <executable>true</executable>
         <run_address>0x5e18</run_address>
         <size>0x48</size>
         <alignment>0x4</alignment>
         <input_file_ref idref="fl-2"/>
      </object_component>
      <object_component id="oc-1de">
         <name>.text.SYSCFG_DL_UART_3_init</name>
         <load_address>0x5e60</load_address>
         <readonly>true</readonly>
         <executable>true</executable>
         <run_address>0x5e60</run_address>
         <size>0x48</size>
         <alignment>0x4</alignment>
         <input_file_ref idref="fl-2"/>
      </object_component>
      <object_component id="oc-2c9">
         <name>.text.dmp_enable_6x_lp_quat</name>
         <load_address>0x5ea8</load_address>
         <readonly>true</readonly>
         <executable>true</executable>
         <run_address>0x5ea8</run_address>
         <size>0x48</size>
         <alignment>0x4</alignment>
         <input_file_ref idref="fl-7"/>
      </object_component>
      <object_component id="oc-2c8">
         <name>.text.dmp_enable_lp_quat</name>
         <load_address>0x5ef0</load_address>
         <readonly>true</readonly>
         <executable>true</executable>
         <run_address>0x5ef0</run_address>
         <size>0x48</size>
         <alignment>0x4</alignment>
         <input_file_ref idref="fl-7"/>
      </object_component>
      <object_component id="oc-10c">
         <name>.text.Left</name>
         <load_address>0x5f38</load_address>
         <readonly>true</readonly>
         <executable>true</executable>
         <run_address>0x5f38</run_address>
         <size>0x44</size>
         <alignment>0x4</alignment>
         <input_file_ref idref="fl-e"/>
      </object_component>
      <object_component id="oc-2c5">
         <name>.text.dmp_set_shake_reject_thresh</name>
         <load_address>0x5f7c</load_address>
         <readonly>true</readonly>
         <executable>true</executable>
         <run_address>0x5f7c</run_address>
         <size>0x44</size>
         <alignment>0x2</alignment>
         <input_file_ref idref="fl-7"/>
      </object_component>
      <object_component id="oc-2c2">
         <name>.text.dmp_set_tap_count</name>
         <load_address>0x5fc0</load_address>
         <readonly>true</readonly>
         <executable>true</executable>
         <run_address>0x5fc0</run_address>
         <size>0x44</size>
         <alignment>0x2</alignment>
         <input_file_ref idref="fl-7"/>
      </object_component>
      <object_component id="oc-298">
         <name>.text.DL_ADC12_setClockConfig</name>
         <load_address>0x6004</load_address>
         <readonly>true</readonly>
         <executable>true</executable>
         <run_address>0x6004</run_address>
         <size>0x40</size>
         <alignment>0x4</alignment>
         <input_file_ref idref="fl-24"/>
      </object_component>
      <object_component id="oc-235">
         <name>.text.VOFAFloat2Byte</name>
         <load_address>0x6044</load_address>
         <readonly>true</readonly>
         <executable>true</executable>
         <run_address>0x6044</run_address>
         <size>0x40</size>
         <alignment>0x2</alignment>
         <input_file_ref idref="fl-16"/>
      </object_component>
      <object_component id="oc-22f">
         <name>.text.__aeabi_uidivmod</name>
         <load_address>0x6084</load_address>
         <readonly>true</readonly>
         <executable>true</executable>
         <run_address>0x6084</run_address>
         <size>0x40</size>
         <alignment>0x4</alignment>
         <input_file_ref idref="fl-dd"/>
      </object_component>
      <object_component id="oc-218">
         <name>.text.__extendsfdf2</name>
         <load_address>0x60c4</load_address>
         <readonly>true</readonly>
         <executable>true</executable>
         <run_address>0x60c4</run_address>
         <size>0x40</size>
         <alignment>0x4</alignment>
         <input_file_ref idref="fl-ce"/>
      </object_component>
      <object_component id="oc-332">
         <name>.text.atoi</name>
         <load_address>0x6104</load_address>
         <readonly>true</readonly>
         <executable>true</executable>
         <run_address>0x6104</run_address>
         <size>0x40</size>
         <alignment>0x4</alignment>
         <input_file_ref idref="fl-43"/>
      </object_component>
      <object_component id="oc-201">
         <name>.text.inv_orientation_matrix_to_scalar</name>
         <load_address>0x6144</load_address>
         <readonly>true</readonly>
         <executable>true</executable>
         <run_address>0x6144</run_address>
         <size>0x3e</size>
         <alignment>0x2</alignment>
         <input_file_ref idref="fl-6"/>
      </object_component>
      <object_component id="oc-255">
         <name>.text.DL_GPIO_initPeripheralInputFunctionFeatures</name>
         <load_address>0x6184</load_address>
         <readonly>true</readonly>
         <executable>true</executable>
         <run_address>0x6184</run_address>
         <size>0x3c</size>
         <alignment>0x4</alignment>
         <input_file_ref idref="fl-2"/>
      </object_component>
      <object_component id="oc-10b">
         <name>.text.Reset_move</name>
         <load_address>0x61c0</load_address>
         <readonly>true</readonly>
         <executable>true</executable>
         <run_address>0x61c0</run_address>
         <size>0x3c</size>
         <alignment>0x4</alignment>
         <input_file_ref idref="fl-e"/>
      </object_component>
      <object_component id="oc-105">
         <name>.text.Restart_move</name>
         <load_address>0x61fc</load_address>
         <readonly>true</readonly>
         <executable>true</executable>
         <run_address>0x61fc</run_address>
         <size>0x3c</size>
         <alignment>0x4</alignment>
         <input_file_ref idref="fl-e"/>
      </object_component>
      <object_component id="oc-80">
         <name>.text.__floatsisf</name>
         <load_address>0x6238</load_address>
         <readonly>true</readonly>
         <executable>true</executable>
         <run_address>0x6238</run_address>
         <size>0x3c</size>
         <alignment>0x4</alignment>
         <input_file_ref idref="fl-d3"/>
      </object_component>
      <object_component id="oc-1c9">
         <name>.text.__gtsf2</name>
         <load_address>0x6274</load_address>
         <readonly>true</readonly>
         <executable>true</executable>
         <run_address>0x6274</run_address>
         <size>0x3c</size>
         <alignment>0x4</alignment>
         <input_file_ref idref="fl-df"/>
      </object_component>
      <object_component id="oc-19c">
         <name>.text:__TI_auto_init_nobinit_nopinit</name>
         <load_address>0x62b0</load_address>
         <readonly>true</readonly>
         <executable>true</executable>
         <run_address>0x62b0</run_address>
         <size>0x3c</size>
         <alignment>0x4</alignment>
         <input_file_ref idref="fl-4c"/>
      </object_component>
      <object_component id="oc-1c4">
         <name>.text.__eqsf2</name>
         <load_address>0x62ec</load_address>
         <readonly>true</readonly>
         <executable>true</executable>
         <run_address>0x62ec</run_address>
         <size>0x3a</size>
         <alignment>0x4</alignment>
         <input_file_ref idref="fl-df"/>
      </object_component>
      <object_component id="oc-1bd">
         <name>.text.__muldsi3</name>
         <load_address>0x6328</load_address>
         <readonly>true</readonly>
         <executable>true</executable>
         <run_address>0x6328</run_address>
         <size>0x3a</size>
         <alignment>0x4</alignment>
         <input_file_ref idref="fl-ca"/>
      </object_component>
      <object_component id="oc-1e0">
         <name>.text.SYSCFG_DL_ADC12_1_init</name>
         <load_address>0x6364</load_address>
         <readonly>true</readonly>
         <executable>true</executable>
         <run_address>0x6364</run_address>
         <size>0x38</size>
         <alignment>0x4</alignment>
         <input_file_ref idref="fl-2"/>
      </object_component>
      <object_component id="oc-3e">
         <name>.text.UART0_IRQHandler</name>
         <load_address>0x639c</load_address>
         <readonly>true</readonly>
         <executable>true</executable>
         <run_address>0x639c</run_address>
         <size>0x38</size>
         <alignment>0x4</alignment>
         <input_file_ref idref="fl-15"/>
      </object_component>
      <object_component id="oc-b5">
         <name>.text.__fixsfsi</name>
         <load_address>0x63d4</load_address>
         <readonly>true</readonly>
         <executable>true</executable>
         <run_address>0x63d4</run_address>
         <size>0x38</size>
         <alignment>0x4</alignment>
         <input_file_ref idref="fl-d0"/>
      </object_component>
      <object_component id="oc-30e">
         <name>.text.OLED_Set_Pos</name>
         <load_address>0x640c</load_address>
         <readonly>true</readonly>
         <executable>true</executable>
         <run_address>0x640c</run_address>
         <size>0x36</size>
         <alignment>0x2</alignment>
         <input_file_ref idref="fl-d"/>
      </object_component>
      <object_component id="oc-104">
         <name>.text.Reset</name>
         <load_address>0x6444</load_address>
         <readonly>true</readonly>
         <executable>true</executable>
         <run_address>0x6444</run_address>
         <size>0x34</size>
         <alignment>0x4</alignment>
         <input_file_ref idref="fl-e"/>
      </object_component>
      <object_component id="oc-1df">
         <name>.text.SYSCFG_DL_ADC12_0_init</name>
         <load_address>0x6478</load_address>
         <readonly>true</readonly>
         <executable>true</executable>
         <run_address>0x6478</run_address>
         <size>0x34</size>
         <alignment>0x4</alignment>
         <input_file_ref idref="fl-2"/>
      </object_component>
      <object_component id="oc-1d6">
         <name>.text.SYSCFG_DL_TIMER_0_init</name>
         <load_address>0x64ac</load_address>
         <readonly>true</readonly>
         <executable>true</executable>
         <run_address>0x64ac</run_address>
         <size>0x34</size>
         <alignment>0x4</alignment>
         <input_file_ref idref="fl-2"/>
      </object_component>
      <object_component id="oc-1d7">
         <name>.text.SYSCFG_DL_TIMER_1_init</name>
         <load_address>0x64e0</load_address>
         <readonly>true</readonly>
         <executable>true</executable>
         <run_address>0x64e0</run_address>
         <size>0x34</size>
         <alignment>0x4</alignment>
         <input_file_ref idref="fl-2"/>
      </object_component>
      <object_component id="oc-1d8">
         <name>.text.SYSCFG_DL_TIMER_2_init</name>
         <load_address>0x6514</load_address>
         <readonly>true</readonly>
         <executable>true</executable>
         <run_address>0x6514</run_address>
         <size>0x34</size>
         <alignment>0x4</alignment>
         <input_file_ref idref="fl-2"/>
      </object_component>
      <object_component id="oc-236">
         <name>.text.VOFATrail</name>
         <load_address>0x6548</load_address>
         <readonly>true</readonly>
         <executable>true</executable>
         <run_address>0x6548</run_address>
         <size>0x34</size>
         <alignment>0x2</alignment>
         <input_file_ref idref="fl-16"/>
      </object_component>
      <object_component id="oc-189">
         <name>.text.__fixunssfsi</name>
         <load_address>0x657c</load_address>
         <readonly>true</readonly>
         <executable>true</executable>
         <run_address>0x657c</run_address>
         <size>0x32</size>
         <alignment>0x4</alignment>
         <input_file_ref idref="fl-d1"/>
      </object_component>
      <object_component id="oc-2c6">
         <name>.text.dmp_set_shake_reject_time</name>
         <load_address>0x65ae</load_address>
         <readonly>true</readonly>
         <executable>true</executable>
         <run_address>0x65ae</run_address>
         <size>0x32</size>
         <alignment>0x2</alignment>
         <input_file_ref idref="fl-7"/>
      </object_component>
      <object_component id="oc-2c7">
         <name>.text.dmp_set_shake_reject_timeout</name>
         <load_address>0x65e0</load_address>
         <readonly>true</readonly>
         <executable>true</executable>
         <run_address>0x65e0</run_address>
         <size>0x32</size>
         <alignment>0x2</alignment>
         <input_file_ref idref="fl-7"/>
      </object_component>
      <object_component id="oc-2c3">
         <name>.text.dmp_set_tap_time</name>
         <load_address>0x6612</load_address>
         <readonly>true</readonly>
         <executable>true</executable>
         <run_address>0x6612</run_address>
         <size>0x30</size>
         <alignment>0x2</alignment>
         <input_file_ref idref="fl-7"/>
      </object_component>
      <object_component id="oc-2c4">
         <name>.text.dmp_set_tap_time_multi</name>
         <load_address>0x6642</load_address>
         <readonly>true</readonly>
         <executable>true</executable>
         <run_address>0x6642</run_address>
         <size>0x30</size>
         <alignment>0x2</alignment>
         <input_file_ref idref="fl-7"/>
      </object_component>
      <object_component id="oc-22e">
         <name>.text.oled_pow</name>
         <load_address>0x6672</load_address>
         <readonly>true</readonly>
         <executable>true</executable>
         <run_address>0x6672</run_address>
         <size>0x30</size>
         <alignment>0x2</alignment>
         <input_file_ref idref="fl-d"/>
      </object_component>
      <object_component id="oc-1cc">
         <name>.text.__NVIC_ClearPendingIRQ</name>
         <load_address>0x66a4</load_address>
         <readonly>true</readonly>
         <executable>true</executable>
         <run_address>0x66a4</run_address>
         <size>0x2c</size>
         <alignment>0x4</alignment>
         <input_file_ref idref="fl-4"/>
      </object_component>
      <object_component id="oc-1f5">
         <name>.text.__NVIC_ClearPendingIRQ</name>
         <load_address>0x66d0</load_address>
         <readonly>true</readonly>
         <executable>true</executable>
         <run_address>0x66d0</run_address>
         <size>0x2c</size>
         <alignment>0x4</alignment>
         <input_file_ref idref="fl-15"/>
      </object_component>
      <object_component id="oc-1f7">
         <name>.text.__NVIC_EnableIRQ</name>
         <load_address>0x66fc</load_address>
         <readonly>true</readonly>
         <executable>true</executable>
         <run_address>0x66fc</run_address>
         <size>0x2c</size>
         <alignment>0x4</alignment>
         <input_file_ref idref="fl-a"/>
      </object_component>
      <object_component id="oc-1f3">
         <name>.text.__NVIC_EnableIRQ</name>
         <load_address>0x6728</load_address>
         <readonly>true</readonly>
         <executable>true</executable>
         <run_address>0x6728</run_address>
         <size>0x2c</size>
         <alignment>0x4</alignment>
         <input_file_ref idref="fl-f"/>
      </object_component>
      <object_component id="oc-1cd">
         <name>.text.__NVIC_EnableIRQ</name>
         <load_address>0x6754</load_address>
         <readonly>true</readonly>
         <executable>true</executable>
[...]
         <name>__TI_ATRegion1_trg_addr</name>
         <value>0x0</value>
      </symbol>
      <symbol id="sm-438">
         <name>__TI_ATRegion1_region_sz</name>
         <value>0x0</value>
      </symbol>
      <symbol id="sm-439">
         <name>__TI_ATRegion2_src_addr</name>
         <value>0x0</value>
      </symbol>
      <symbol id="sm-43a">
         <name>__TI_ATRegion2_trg_addr</name>
         <value>0x0</value>
      </symbol>
      <symbol id="sm-43b">
         <name>__TI_ATRegion2_region_sz</name>
         <value>0x0</value>
      </symbol>
      <symbol id="sm-446">
         <name>DL_ADC12_setClockConfig</name>
         <value>0x6005</value>
         <object_component_ref idref="oc-298"/>
      </symbol>
      <symbol id="sm-44f">
         <name>DL_Common_delayCycles</name>
         <value>0x726d</value>
         <object_component_ref idref="oc-1b5"/>
      </symbol>
      <symbol id="sm-45b">
         <name>DL_I2C_setClockConfig</name>
         <value>0x693f</value>
         <object_component_ref idref="oc-279"/>
      </symbol>
      <symbol id="sm-45c">
         <name>DL_I2C_fillControllerTXFIFO</name>
         <value>0x59f1</value>
         <object_component_ref idref="oc-dc"/>
      </symbol>
      <symbol id="sm-478">
         <name>DL_Timer_setClockConfig</name>
         <value>0x6ced</value>
         <object_component_ref idref="oc-265"/>
      </symbol>
      <symbol id="sm-479">
         <name>DL_Timer_initTimerMode</name>
         <value>0x3d4d</value>
         <object_component_ref idref="oc-271"/>
      </symbol>
      <symbol id="sm-47a">
         <name>DL_Timer_setCaptureCompareValue</name>
         <value>0x7205</value>
         <object_component_ref idref="oc-11e"/>
      </symbol>
      <symbol id="sm-47b">
         <name>DL_Timer_initPWMMode</name>
         <value>0x4509</value>
         <object_component_ref idref="oc-266"/>
      </symbol>
      <symbol id="sm-47c">
         <name>DL_Timer_setCaptureCompareOutCtl</name>
         <value>0x6f59</value>
         <object_component_ref idref="oc-267"/>
      </symbol>
      <symbol id="sm-47d">
         <name>DL_Timer_setCaptCompUpdateMethod</name>
         <value>0x6cd1</value>
         <object_component_ref idref="oc-268"/>
      </symbol>
      <symbol id="sm-48d">
         <name>DL_UART_init</name>
         <value>0x5d41</value>
         <object_component_ref idref="oc-28b"/>
      </symbol>
      <symbol id="sm-48e">
         <name>DL_UART_setClockConfig</name>
         <value>0x71bd</value>
         <object_component_ref idref="oc-285"/>
      </symbol>
      <symbol id="sm-48f">
         <name>DL_UART_transmitDataBlocking</name>
         <value>0x6a31</value>
         <object_component_ref idref="oc-34b"/>
      </symbol>
      <symbol id="sm-4a0">
         <name>printf</name>
         <value>0x5aad</value>
         <object_component_ref idref="oc-180"/>
      </symbol>
      <symbol id="sm-4c2">
         <name>__TI_printfi_nofloat</name>
         <value>0xc1</value>
         <object_component_ref idref="oc-2d0"/>
      </symbol>
      <symbol id="sm-4d9">
         <name>asin</name>
         <value>0xd5d</value>
         <object_component_ref idref="oc-21c"/>
      </symbol>
      <symbol id="sm-4da">
         <name>asinl</name>
         <value>0xd5d</value>
         <object_component_ref idref="oc-21c"/>
      </symbol>
      <symbol id="sm-4e8">
         <name>atan2</name>
         <value>0x27a9</value>
         <object_component_ref idref="oc-22a"/>
      </symbol>
      <symbol id="sm-4e9">
         <name>atan2l</name>
         <value>0x27a9</value>
         <object_component_ref idref="oc-22a"/>
      </symbol>
      <symbol id="sm-4f3">
         <name>sqrt</name>
         <value>0x2ad5</value>
         <object_component_ref idref="oc-2f1"/>
      </symbol>
      <symbol id="sm-4f4">
         <name>sqrtl</name>
         <value>0x2ad5</value>
         <object_component_ref idref="oc-2f1"/>
      </symbol>
      <symbol id="sm-50b">
         <name>atan</name>
         <value>0x10cd</value>
         <object_component_ref idref="oc-2ff"/>
      </symbol>
      <symbol id="sm-50c">
         <name>atanl</name>
         <value>0x10cd</value>
         <object_component_ref idref="oc-2ff"/>
      </symbol>
      <symbol id="sm-519">
         <name>__aeabi_errno_addr</name>
         <value>0x72c1</value>
         <object_component_ref idref="oc-2e2"/>
      </symbol>
      <symbol id="sm-51a">
         <name>__aeabi_errno</name>
         <value>0x20200840</value>
         <object_component_ref idref="oc-34c"/>
      </symbol>
      <symbol id="sm-523">
         <name>_nop</name>
         <value>0x536b</value>
         <object_component_ref idref="oc-2d2"/>
      </symbol>
      <symbol id="sm-524">
         <name>_lock</name>
         <value>0x20200844</value>
         <object_component_ref idref="oc-20a"/>
      </symbol>
      <symbol id="sm-525">
         <name>_unlock</name>
         <value>0x20200848</value>
         <object_component_ref idref="oc-210"/>
      </symbol>
      <symbol id="sm-531">
         <name>atoi</name>
         <value>0x6105</value>
         <object_component_ref idref="oc-332"/>
      </symbol>
      <symbol id="sm-536">
         <name>_ftable</name>
         <value>0x2020069c</value>
         <object_component_ref idref="oc-20c"/>
      </symbol>
      <symbol id="sm-53f">
         <name>memccpy</name>
         <value>0x69ef</value>
         <object_component_ref idref="oc-32b"/>
      </symbol>
      <symbol id="sm-548">
         <name>memcmp</name>
         <value>0x6a51</value>
         <object_component_ref idref="oc-320"/>
      </symbol>
      <symbol id="sm-552">
         <name>strlen</name>
         <value>0x7251</value>
         <object_component_ref idref="oc-347"/>
      </symbol>
      <symbol id="sm-55e">
         <name>_c_int00_noargs</name>
         <value>0x68f1</value>
         <object_component_ref idref="oc-65"/>
      </symbol>
      <symbol id="sm-55f">
         <name>__stack</name>
         <value>0x20207e00</value>
         <object_component_ref idref="oc-1a"/>
      </symbol>
      <symbol id="sm-56e">
         <name>__TI_auto_init_nobinit_nopinit</name>
         <value>0x62b1</value>
         <object_component_ref idref="oc-19c"/>
      </symbol>
      <symbol id="sm-576">
         <name>_system_pre_init</name>
         <value>0x7325</value>
         <object_component_ref idref="oc-ef"/>
      </symbol>
      <symbol id="sm-581">
         <name>__TI_zero_init</name>
         <value>0x7225</value>
         <object_component_ref idref="oc-62"/>
      </symbol>
      <symbol id="sm-58a">
         <name>__TI_decompress_none</name>
         <value>0x71e1</value>
         <object_component_ref idref="oc-20"/>
      </symbol>
      <symbol id="sm-595">
         <name>__TI_decompress_lzss</name>
         <value>0x5469</value>
         <object_component_ref idref="oc-1c"/>
      </symbol>
      <symbol id="sm-59e">
         <name>wcslen</name>
         <value>0x7215</value>
         <object_component_ref idref="oc-336"/>
      </symbol>
      <symbol id="sm-5a1">
         <name>__aeabi_ctype_table_</name>
         <value>0x8740</value>
         <object_component_ref idref="oc-36e"/>
      </symbol>
      <symbol id="sm-5a2">
         <name>__aeabi_ctype_table_C</name>
         <value>0x8740</value>
         <object_component_ref idref="oc-36e"/>
      </symbol>
      <symbol id="sm-5ac">
         <name>abort</name>
         <value>0x7329</value>
         <object_component_ref idref="oc-195"/>
      </symbol>
      <symbol id="sm-5ad">
         <name>C$$EXIT</name>
         <value>0x7328</value>
         <object_component_ref idref="oc-195"/>
      </symbol>
      <symbol id="sm-5be">
         <name>__aeabi_fadd</name>
         <value>0x41c7</value>
         <object_component_ref idref="oc-115"/>
      </symbol>
      <symbol id="sm-5bf">
         <name>__addsf3</name>
         <value>0x41c7</value>
         <object_component_ref idref="oc-115"/>
      </symbol>
      <symbol id="sm-5c0">
         <name>__aeabi_fsub</name>
         <value>0x41bd</value>
         <object_component_ref idref="oc-115"/>
      </symbol>
      <symbol id="sm-5c1">
         <name>__subsf3</name>
         <value>0x41bd</value>
         <object_component_ref idref="oc-115"/>
      </symbol>
      <symbol id="sm-5c7">
         <name>__aeabi_dadd</name>
         <value>0x294b</value>
         <object_component_ref idref="oc-2e7"/>
      </symbol>
      <symbol id="sm-5c8">
         <name>__adddf3</name>
         <value>0x294b</value>
         <object_component_ref idref="oc-2e7"/>
      </symbol>
      <symbol id="sm-5c9">
         <name>__aeabi_dsub</name>
         <value>0x2941</value>
         <object_component_ref idref="oc-2e7"/>
      </symbol>
      <symbol id="sm-5ca">
         <name>__subdf3</name>
         <value>0x2941</value>
         <object_component_ref idref="oc-2e7"/>
      </symbol>
      <symbol id="sm-5d3">
         <name>__aeabi_dmul</name>
         <value>0x3f1d</value>
         <object_component_ref idref="oc-222"/>
      </symbol>
      <symbol id="sm-5d4">
         <name>__muldf3</name>
         <value>0x3f1d</value>
         <object_component_ref idref="oc-222"/>
      </symbol>
      <symbol id="sm-5dd">
         <name>__muldsi3</name>
         <value>0x6329</value>
         <object_component_ref idref="oc-1bd"/>
      </symbol>
      <symbol id="sm-5e3">
         <name>__aeabi_fmul</name>
         <value>0x50c9</value>
         <object_component_ref idref="oc-119"/>
      </symbol>
      <symbol id="sm-5e4">
         <name>__mulsf3</name>
         <value>0x50c9</value>
         <object_component_ref idref="oc-119"/>
      </symbol>
      <symbol id="sm-5ea">
         <name>__aeabi_fdiv</name>
         <value>0x52e9</value>
         <object_component_ref idref="oc-214"/>
      </symbol>
      <symbol id="sm-5eb">
         <name>__divsf3</name>
         <value>0x52e9</value>
         <object_component_ref idref="oc-214"/>
      </symbol>
      <symbol id="sm-5f1">
         <name>__aeabi_ddiv</name>
         <value>0x3865</value>
         <object_component_ref idref="oc-2f5"/>
      </symbol>
      <symbol id="sm-5f2">
         <name>__divdf3</name>
         <value>0x3865</value>
         <object_component_ref idref="oc-2f5"/>
      </symbol>
      <symbol id="sm-5f8">
         <name>__aeabi_f2d</name>
         <value>0x60c5</value>
         <object_component_ref idref="oc-218"/>
      </symbol>
      <symbol id="sm-5f9">
         <name>__extendsfdf2</name>
         <value>0x60c5</value>
         <object_component_ref idref="oc-218"/>
      </symbol>
      <symbol id="sm-5ff">
         <name>__aeabi_f2iz</name>
         <value>0x63d5</value>
         <object_component_ref idref="oc-b5"/>
      </symbol>
      <symbol id="sm-600">
         <name>__fixsfsi</name>
         <value>0x63d5</value>
         <object_component_ref idref="oc-b5"/>
      </symbol>
      <symbol id="sm-606">
         <name>__aeabi_f2uiz</name>
         <value>0x657d</value>
         <object_component_ref idref="oc-189"/>
      </symbol>
      <symbol id="sm-607">
         <name>__fixunssfsi</name>
         <value>0x657d</value>
         <object_component_ref idref="oc-189"/>
      </symbol>
      <symbol id="sm-60d">
         <name>__aeabi_i2f</name>
         <value>0x6239</value>
         <object_component_ref idref="oc-80"/>
      </symbol>
      <symbol id="sm-60e">
         <name>__floatsisf</name>
         <value>0x6239</value>
         <object_component_ref idref="oc-80"/>
      </symbol>
      <symbol id="sm-614">
         <name>__aeabi_ui2f</name>
         <value>0x68c9</value>
         <object_component_ref idref="oc-77"/>
      </symbol>
      <symbol id="sm-615">
         <name>__floatunsisf</name>
         <value>0x68c9</value>
         <object_component_ref idref="oc-77"/>
      </symbol>
      <symbol id="sm-61b">
         <name>__aeabi_lmul</name>
         <value>0x6965</value>
         <object_component_ref idref="oc-33a"/>
      </symbol>
      <symbol id="sm-61c">
         <name>__muldi3</name>
         <value>0x6965</value>
         <object_component_ref idref="oc-33a"/>
      </symbol>
      <symbol id="sm-623">
         <name>__aeabi_d2f</name>
         <value>0x5561</value>
         <object_component_ref idref="oc-226"/>
      </symbol>
      <symbol id="sm-624">
         <name>__truncdfsf2</name>
         <value>0x5561</value>
         <object_component_ref idref="oc-226"/>
      </symbol>
      <symbol id="sm-62a">
         <name>__aeabi_dcmpeq</name>
         <value>0x58c9</value>
         <object_component_ref idref="oc-2eb"/>
      </symbol>
      <symbol id="sm-62b">
         <name>__aeabi_dcmplt</name>
         <value>0x58dd</value>
         <object_component_ref idref="oc-2eb"/>
      </symbol>
      <symbol id="sm-62c">
         <name>__aeabi_dcmple</name>
         <value>0x58f1</value>
         <object_component_ref idref="oc-2eb"/>
      </symbol>
      <symbol id="sm-62d">
         <name>__aeabi_dcmpge</name>
         <value>0x5905</value>
         <object_component_ref idref="oc-2eb"/>
      </symbol>
      <symbol id="sm-62e">
         <name>__aeabi_dcmpgt</name>
         <value>0x5919</value>
         <object_component_ref idref="oc-2eb"/>
      </symbol>
      <symbol id="sm-634">
         <name>__aeabi_fcmpeq</name>
         <value>0x592d</value>
         <object_component_ref idref="oc-135"/>
      </symbol>
      <symbol id="sm-635">
         <name>__aeabi_fcmplt</name>
         <value>0x5941</value>
         <object_component_ref idref="oc-135"/>
      </symbol>
      <symbol id="sm-636">
         <name>__aeabi_fcmple</name>
         <value>0x5955</value>
         <object_component_ref idref="oc-135"/>
      </symbol>
      <symbol id="sm-637">
         <name>__aeabi_fcmpge</name>
         <value>0x5969</value>
         <object_component_ref idref="oc-135"/>
      </symbol>
      <symbol id="sm-638">
         <name>__aeabi_fcmpgt</name>
         <value>0x597d</value>
         <object_component_ref idref="oc-135"/>
      </symbol>
      <symbol id="sm-63e">
         <name>__aeabi_idiv</name>
         <value>0x5b61</value>
         <object_component_ref idref="oc-325"/>
      </symbol>
      <symbol id="sm-63f">
         <name>__aeabi_idivmod</name>
         <value>0x5b61</value>
         <object_component_ref idref="oc-325"/>
      </symbol>
      <symbol id="sm-645">
         <name>__aeabi_memcpy</name>
         <value>0x72c9</value>
         <object_component_ref idref="oc-55"/>
      </symbol>
      <symbol id="sm-646">
         <name>__aeabi_memcpy4</name>
         <value>0x72c9</value>
         <object_component_ref idref="oc-55"/>
      </symbol>
      <symbol id="sm-647">
         <name>__aeabi_memcpy8</name>
         <value>0x72c9</value>
         <object_component_ref idref="oc-55"/>
      </symbol>
      <symbol id="sm-650">
         <name>__aeabi_memset</name>
         <value>0x7235</value>
         <object_component_ref idref="oc-32a"/>
      </symbol>
      <symbol id="sm-651">
         <name>__aeabi_memset4</name>
         <value>0x7235</value>
         <object_component_ref idref="oc-32a"/>
      </symbol>
      <symbol id="sm-652">
         <name>__aeabi_memset8</name>
         <value>0x7235</value>
         <object_component_ref idref="oc-32a"/>
      </symbol>
      <symbol id="sm-653">
         <name>__aeabi_memclr</name>
         <value>0x5555</value>
         <object_component_ref idref="oc-7b"/>
      </symbol>
      <symbol id="sm-654">
         <name>__aeabi_memclr4</name>
         <value>0x5555</value>
         <object_component_ref idref="oc-7b"/>
      </symbol>
      <symbol id="sm-655">
         <name>__aeabi_memclr8</name>
         <value>0x5555</value>
         <object_component_ref idref="oc-7b"/>
      </symbol>
      <symbol id="sm-65b">
         <name>__aeabi_uidiv</name>
         <value>0x6085</value>
         <object_component_ref idref="oc-22f"/>
      </symbol>
      <symbol id="sm-65c">
         <name>__aeabi_uidivmod</name>
         <value>0x6085</value>
         <object_component_ref idref="oc-22f"/>
      </symbol>
      <symbol id="sm-662">
         <name>__aeabi_uldivmod</name>
         <value>0x7185</value>
         <object_component_ref idref="oc-33f"/>
      </symbol>
      <symbol id="sm-66b">
         <name>__eqsf2</name>
         <value>0x62ed</value>
         <object_component_ref idref="oc-1c4"/>
      </symbol>
      <symbol id="sm-66c">
         <name>__lesf2</name>
         <value>0x62ed</value>
         <object_component_ref idref="oc-1c4"/>
      </symbol>
      <symbol id="sm-66d">
         <name>__ltsf2</name>
         <value>0x62ed</value>
         <object_component_ref idref="oc-1c4"/>
      </symbol>
      <symbol id="sm-66e">
         <name>__nesf2</name>
         <value>0x62ed</value>
         <object_component_ref idref="oc-1c4"/>
      </symbol>
      <symbol id="sm-66f">
         <name>__cmpsf2</name>
         <value>0x62ed</value>
         <object_component_ref idref="oc-1c4"/>
      </symbol>
      <symbol id="sm-670">
         <name>__gtsf2</name>
         <value>0x6275</value>
         <object_component_ref idref="oc-1c9"/>
      </symbol>
      <symbol id="sm-671">
         <name>__gesf2</name>
         <value>0x6275</value>
         <object_component_ref idref="oc-1c9"/>
      </symbol>
      <symbol id="sm-677">
         <name>__udivmoddi4</name>
         <value>0x4b81</value>
         <object_component_ref idref="oc-376"/>
      </symbol>
      <symbol id="sm-67d">
         <name>__aeabi_llsl</name>
         <value>0x6b0d</value>
         <object_component_ref idref="oc-39c"/>
      </symbol>
      <symbol id="sm-67e">
         <name>__ashldi3</name>
         <value>0x6b0d</value>
         <object_component_ref idref="oc-39c"/>
      </symbol>
      <symbol id="sm-68c">
         <name>__ledf2</name>
         <value>0x5729</value>
         <object_component_ref idref="oc-351"/>
      </symbol>
      <symbol id="sm-68d">
         <name>__gedf2</name>
         <value>0x56b9</value>
         <object_component_ref idref="oc-357"/>
      </symbol>
      <symbol id="sm-68e">
         <name>__cmpdf2</name>
         <value>0x5729</value>
         <object_component_ref idref="oc-351"/>
      </symbol>
      <symbol id="sm-68f">
         <name>__eqdf2</name>
         <value>0x5729</value>
         <object_component_ref idref="oc-351"/>
      </symbol>
      <symbol id="sm-690">
         <name>__ltdf2</name>
         <value>0x5729</value>
         <object_component_ref idref="oc-351"/>
      </symbol>
      <symbol id="sm-691">
         <name>__nedf2</name>
         <value>0x5729</value>
         <object_component_ref idref="oc-351"/>
      </symbol>
      <symbol id="sm-692">
         <name>__gtdf2</name>
         <value>0x56b9</value>
         <object_component_ref idref="oc-357"/>
      </symbol>
      <symbol id="sm-69f">
         <name>__aeabi_idiv0</name>
         <value>0x4c23</value>
         <object_component_ref idref="oc-308"/>
      </symbol>
      <symbol id="sm-6a0">
         <name>__aeabi_ldiv0</name>
         <value>0x4def</value>
         <object_component_ref idref="oc-39b"/>
      </symbol>
      <symbol id="sm-6a9">
         <name>TI_memcpy_small</name>
         <value>0x71cf</value>
         <object_component_ref idref="oc-15d"/>
      </symbol>
      <symbol id="sm-6b2">
         <name>TI_memset_small</name>
         <value>0x725f</value>
         <object_component_ref idref="oc-1ae"/>
      </symbol>
      <symbol id="sm-6b3">
         <name>__TI_static_base__</name>
         <value>0x0</value>
      </symbol>
      <symbol id="sm-6b7">
         <name>__mpu_init</name>
         <value>0x0</value>
      </symbol>
      <symbol id="sm-6b8">
         <name>_system_post_cinit</name>
         <value>0x0</value>
      </symbol>
   </symbol_table>
   <title>Link successful</title>
</link_info>
